http://abracadabra.money
http://analytics.abracadabra.money
http://dashboard.abracadabra.money
http://dashboard.abracadabra.money:2052
http://dashboard.abracadabra.money:2082
http://dashboard.abracadabra.money:8080
http://dashboard.abracadabra.money:8880
http://docs.abracadabra.money
http://docs.abracadabra.money:2082
http://docs.abracadabra.money:2086
http://docs.abracadabra.money:8080
http://docs.abracadabra.money:8880
http://forum.abracadabra.money
http://ipfs.abracadabra.money
http://ipfs.abracadabra.money:2052
http://ipfs.abracadabra.money:2082
http://ipfs.abracadabra.money:2086
http://ipfs.abracadabra.money:8080
http://ipfs.abracadabra.money:8880
http://legacy.abracadabra.money
https://abracadabra.money
https://analytics.abracadabra.money
https://dashboard.abracadabra.money
https://dashboard.abracadabra.money:2083
https://dashboard.abracadabra.money:2087
https://dashboard.abracadabra.money:2096
https://docs.abracadabra.money
https://docs.abracadabra.money:2053
https://docs.abracadabra.money:2083
https://docs.abracadabra.money:2087
https://docs.abracadabra.money:8443
https://forum.abracadabra.money
https://ipfs.abracadabra.money
https://ipfs.abracadabra.money:2083
https://ipfs.abracadabra.money:2087
https://ipfs.abracadabra.money:2096
https://ipfs.abracadabra.money:8443
https://legacy.abracadabra.money
