http://api.aips-services.com
http://dev.aips-services.com
http://dev-grafana.aips-services.com
http://dev-kibana.aips-services.com
http://dev-polaris.aips-services.com
http://dev-prometheus.aips-services.com
http://dev-services.aips-services.com
http://dev-supercluster.aips-services.com
http://dev-v19-grafana.aips-services.com
http://dev-v19-kibana.aips-services.com
http://dev-v19-polaris.aips-services.com
http://dev-v19-prometheus.aips-services.com
http://dev-v19-services.aips-services.com
http://prod.aips-services.com
http://prod-au-grafana.aips-services.com
http://prod-au-kibana.aips-services.com
http://prod-au-polaris.aips-services.com
http://prod-au-prometheus.aips-services.com
http://prod-au-services.aips-services.com
http://prod-au-v15-grafana.aips-services.com
http://prod-au-v15-kibana.aips-services.com
http://prod-au-v15-polaris.aips-services.com
http://prod-au-v15-prometheus.aips-services.com
http://prod-au-v15-services.aips-services.com
http://prod-sg-grafana.aips-services.com
http://prod-sg-kibana.aips-services.com
http://prod-sg-polaris.aips-services.com
http://prod-sg-prometheus.aips-services.com
http://prod-sg-services.aips-services.com
http://prod-sg-v15-grafana.aips-services.com
http://prod-sg-v15-kibana.aips-services.com
http://prod-sg-v15-polaris.aips-services.com
http://prod-sg-v15-prometheus.aips-services.com
http://prod-sg-v15-services.aips-services.com
http://prod-supercluster.aips-services.com
https://api.aips-services.com
https://dev.aips-services.com
https://dev-grafana.aips-services.com
https://dev-kibana.aips-services.com
https://dev-polaris.aips-services.com
https://dev-prometheus.aips-services.com
https://dev-services.aips-services.com
https://dev-supercluster.aips-services.com
https://dev-v19-grafana.aips-services.com
https://dev-v19-kibana.aips-services.com
https://dev-v19-polaris.aips-services.com
https://dev-v19-prometheus.aips-services.com
https://dev-v19-services.aips-services.com
https://prod.aips-services.com
https://prod-au-grafana.aips-services.com
https://prod-au-kibana.aips-services.com
https://prod-au-polaris.aips-services.com
https://prod-au-prometheus.aips-services.com
https://prod-au-services.aips-services.com
https://prod-au-v15-grafana.aips-services.com
https://prod-au-v15-kibana.aips-services.com
https://prod-au-v15-polaris.aips-services.com
https://prod-au-v15-prometheus.aips-services.com
https://prod-au-v15-services.aips-services.com
https://prod-sg-grafana.aips-services.com
https://prod-sg-kibana.aips-services.com
https://prod-sg-polaris.aips-services.com
https://prod-sg-prometheus.aips-services.com
https://prod-sg-services.aips-services.com
https://prod-sg-v15-grafana.aips-services.com
https://prod-sg-v15-kibana.aips-services.com
https://prod-sg-v15-polaris.aips-services.com
https://prod-sg-v15-prometheus.aips-services.com
https://prod-sg-v15-services.aips-services.com
https://prod-supercluster.aips-services.com
https://stag.aips-services.com
https://stag-grafana.aips-services.com
https://staging.aips-services.com
https://staging-grafana.aips-services.com
https://staging-kibana.aips-services.com
https://staging-polaris.aips-services.com
https://staging-prometheus.aips-services.com
https://staging-services.aips-services.com
https://stag-kibana.aips-services.com
https://stag-polaris.aips-services.com
https://stag-prometheus.aips-services.com
https://stag-services.aips-services.com
https://stag-supercluster.aips-services.com
https://stag-v17-grafana.aips-services.com
https://stag-v17-kibana.aips-services.com
https://stag-v17-polaris.aips-services.com
https://stag-v17-prometheus.aips-services.com
https://stag-v17-services.aips-services.com
http://stag.aips-services.com
http://stag-grafana.aips-services.com
http://staging.aips-services.com
http://staging-grafana.aips-services.com
http://staging-kibana.aips-services.com
http://staging-polaris.aips-services.com
http://staging-prometheus.aips-services.com
http://staging-services.aips-services.com
http://stag-kibana.aips-services.com
http://stag-polaris.aips-services.com
http://stag-prometheus.aips-services.com
http://stag-services.aips-services.com
http://stag-supercluster.aips-services.com
http://stag-v17-grafana.aips-services.com
http://stag-v17-kibana.aips-services.com
http://stag-v17-polaris.aips-services.com
http://stag-v17-prometheus.aips-services.com
http://stag-v17-services.aips-services.com
https://ww01.10-admin.aips-services.com
https://ww01.10-administrators.aips-services.com
https://ww01.10-admins.aips-services.com
https://ww01.10-alpha.aips-services.com
https://ww01.10-apac.aips-services.com
https://ww01.10-app.aips-services.com
https://ww01.10-boards.aips-services.com
https://ww01.10-brand.aips-services.com
https://ww01.10-bucket.aips-services.com
https://ww01.10-cms.aips-services.com
https://ww01.10-control.aips-services.com
https://ww01.10-dev-prometheus.aips-services.com
https://ww01.10-dev-v12-kibana.aips-services.com
https://ww01.10-dev-v12-services.aips-services.com
https://ww01.10-dev-v13-grafana.aips-services.com
https://ww01.10-dev-v14-lb.aips-services.com
https://ww01.10-dev-v15-kibana.aips-services.com
https://ww01.10-dev-v16-lb.aips-services.com
https://ww01.10-dev-v17-kibana.aips-services.com
https://ww01.10-dev-v17-lb.aips-services.com
https://ww01.10-dev-v19-prometheus.aips-services.com
https://ww01.10-dev-v2-lb.aips-services.com
https://ww01.1996.dev-v3-grafana.aips-services.com
https://ww01.1996.polaris.aips-services.com
https://ww01.1996.prod-au-polaris.aips-services.com
https://ww01.2021.aips-services.com
https://ww01.2031-admin.aips-services.com
https://ww01.2031-control.aips-services.com
https://ww01.2031-dev-lb.aips-services.com
https://ww01.aips-services.com
https://ww01.api.aips-services.com
https://ww01.brand.aips-services.com
https://ww01.client.aips-services.com
https://ww01.dev-v18-master-nl.aips-services.com
https://ww01.eu.aips-services.com
https://ww01.grafana.aips-services.com
https://ww01.health.aips-services.com
https://ww01.healthapi.aips-services.com
https://ww01.jsm.aips-services.com
https://ww01.nlapac.aips-services.com
https://ww01.nldev.aips-services.com
https://ww01.nldev-v19-polaris.aips-services.com
https://ww01.nldev-v3-lb.aips-services.com
https://ww01.nldev-v3-prometheus.aips-services.com
https://ww01.nldev-v7-master.aips-services.com
https://ww01.nldev-v9-kibana.aips-services.com
https://ww01.nldocsdrop.aips-services.com
https://ww01.nl.prod-sg-grafana.aips-services.com
https://ww01.nl.prod-sg-prometheus.aips-services.com
https://ww01.nl.prod-sg-services.aips-services.com
https://ww01.nl.promo.aips-services.com
https://ww01.nl.restrict.aips-services.com
https://ww01.nlserver3.aips-services.com
https://ww01.nl.stag-services.aips-services.com
https://ww01.nl.stag-v10-lb.aips-services.com
https://ww01.nl.stag-v11-polaris.aips-services.com
https://ww01.nl.stag-v14-lb.aips-services.com
https://ww01.nl.stag-v17-services.aips-services.com
https://ww01.nl.stag-v2-master.aips-services.com
https://ww01.nl.stag-v6-polaris.aips-services.com
https://ww01.node19.aips-services.com
https://ww01.nodebrand.aips-services.com
https://ww01.nodegrafana.aips-services.com
https://ww01.northamerica-2031.aips-services.com
https://ww01.origin.aips-services.com
https://ww01.prod-au-lb-security.aips-services.com
https://ww01.prod-sg-v15-grafana10.aips-services.com
https://ww01.security.net.aips-services.com
https://ww01.stage.2046.aips-services.com
https://ww01.stag-lb19.aips-services.com
https://ww01.stag-lb2028.aips-services.com
https://ww01.stag-lb.administrator.aips-services.com
https://ww01.stag-lb.boards.aips-services.com
https://ww01.stag-lbgrafana.aips-services.com
https://ww01.stag-lb.int.aips-services.com
https://ww01.stag-lbstatic.aips-services.com
https://ww01.stag-lb.test1.aips-services.com
https://ww01.stag-master-10.aips-services.com
https://ww01.stag-master.14.aips-services.com
https://ww01.stag-master.19.aips-services.com
https://ww01.stag-master.2009.aips-services.com
https://ww01.stag-master2015.aips-services.com
https://ww01.stag-master-2028.aips-services.com
https://ww01.stag-master-brand.aips-services.com
https://ww01.stag-master-engine.aips-services.com
https://ww01.stag-master-engineering.aips-services.com
https://ww01.stag-master.health.aips-services.com
https://ww01.stag-master-oceania.aips-services.com
https://ww01.stag-master-static.aips-services.com
https://ww01.stag-master-test1.aips-services.com
https://ww01.stag-polaris2009.aips-services.com
https://ww01.stag-polaris-2028.aips-services.com
https://ww01.stag-polaris2031.aips-services.com
https://ww01.stag-polaris-health.aips-services.com
https://ww01.stag-polaris.int.aips-services.com
https://ww01.stag-polarisistrator.aips-services.com
https://ww01.stag-polarisoceania.aips-services.com
https://ww01.stag-polaris.update.aips-services.com
https://ww01.stag-polaris-web.aips-services.com
https://ww01.stag-prometheus2015.aips-services.com
https://ww01.stag-prometheus.aips-services.com
https://ww01.stag-prometheus.static.aips-services.com
https://ww01.stag-v13-lb.2028.aips-services.com
https://ww01.stag-v14-prometheus-nl.aips-services.com
https://ww01.stag-v17-kibana4.aips-services.com
https://ww01.stag-v17-kibana9.aips-services.com
https://ww01.static.v2.aips-services.com
https://ww01.svcgateway.web1.aips-services.com
https://ww01.z.aips-services.com
http://ww01.2021.aips-services.com
http://ww01.aips-services.com
http://ww01.api.aips-services.com
http://ww01.brand.aips-services.com
http://ww01.client.aips-services.com
http://ww01.eu.aips-services.com
http://ww01.grafana.aips-services.com
http://ww01.health.aips-services.com
http://ww01.jsm.aips-services.com
http://ww01.origin.aips-services.com
http://ww01.z.aips-services.com
