http://alphaventuredao.io
http://api.homora.alphaventuredao.io
http://api.x.alphaventuredao.io
http://blog.alphaventuredao.io
http://blog.alphaventuredao.io:2087
http://blog.alphaventuredao.io:8443
http://buy-wall.alphaventuredao.io
http://discord.alphaventuredao.io
http://discord.alphaventuredao.io:2082
http://discord.alphaventuredao.io:2086
http://discord.alphaventuredao.io:8080
http://discord.alphaventuredao.io:8880
http://docs.alphaventuredao.io
http://docs.alphaventuredao.io:2082
http://docs.alphaventuredao.io:2086
http://docs.alphaventuredao.io:8080
http://docs.alphaventuredao.io:8880
http://gems.alphaventuredao.io
http://homora.alphaventuredao.io
http://homora-api.alphaventuredao.io
http://homora-bsc.alphaventuredao.io
http://homora-v2.alphaventuredao.io
https://alphaventuredao.io
https://api.homora.alphaventuredao.io
https://api.x.alphaventuredao.io
https://blog.alphaventuredao.io
https://buy-wall.alphaventuredao.io
https://discord.alphaventuredao.io
https://discord.alphaventuredao.io:2087
https://discord.alphaventuredao.io:8443
https://docs.alphaventuredao.io
https://docs.alphaventuredao.io:2053
https://docs.alphaventuredao.io:2083
https://docs.alphaventuredao.io:2087
https://docs.alphaventuredao.io:8443
https://gems.alphaventuredao.io
https://homora.alphaventuredao.io
https://homora-api.alphaventuredao.io
https://homora-bsc.alphaventuredao.io
https://homora-v2.alphaventuredao.io
http://spotify.alphaventuredao.io
http://spotify.alphaventuredao.io:2082
http://spotify.alphaventuredao.io:2086
http://spotify.alphaventuredao.io:8080
https://spotify.alphaventuredao.io
https://spotify.alphaventuredao.io:2083
https://spotify.alphaventuredao.io:2087
https://spotify.alphaventuredao.io:8443
https://staking.alphaventuredao.io
https://supply.alphaventuredao.io
http://staking.alphaventuredao.io
https://telegram.alphaventuredao.io
https://telegram.alphaventuredao.io:2087
https://telegram.alphaventuredao.io:8443
https://twitter.alphaventuredao.io
https://twitter.alphaventuredao.io:2087
https://twitter.alphaventuredao.io:8443
http://supply.alphaventuredao.io
https://www.alphaventuredao.io
https://x.alphaventuredao.io
https://x-api.alphaventuredao.io
https://youtube.alphaventuredao.io
https://youtube.alphaventuredao.io:2087
https://youtube.alphaventuredao.io:8443
http://telegram.alphaventuredao.io
http://telegram.alphaventuredao.io:2082
http://telegram.alphaventuredao.io:2086
http://telegram.alphaventuredao.io:8080
http://telegram.alphaventuredao.io:8880
http://twitter.alphaventuredao.io
http://twitter.alphaventuredao.io:2082
http://twitter.alphaventuredao.io:2086
http://twitter.alphaventuredao.io:8080
http://twitter.alphaventuredao.io:8880
http://www.alphaventuredao.io
http://x.alphaventuredao.io
http://x-api.alphaventuredao.io
http://youtube.alphaventuredao.io
http://youtube.alphaventuredao.io:2082
http://youtube.alphaventuredao.io:2086
http://youtube.alphaventuredao.io:8080
http://youtube.alphaventuredao.io:8880
