http://alphafinance.io
http://alphafinance.io:2082
http://alphafinance.io:2086
http://alphafinance.io:2095
http://alphafinance.io:8880
http://api.abw.alphafinance.io
http://api-homora.alphafinance.io
http://blog.alphafinance.io
http://blog.alphafinance.io:2082
http://blog.alphafinance.io:8080
http://blog.alphafinance.io:8880
http://bsctestnet.alphafinance.io
http://buy-wall.alphafinance.io
http://buy-wall.alphafinance.io:2082
http://buy-wall.alphafinance.io:2086
http://buy-wall.alphafinance.io:2095
http://buy-wall.alphafinance.io:8880
http://dao.alphafinance.io
http://enchanter.alphafinance.io
http://forum.alphafinance.io
http://gems.alphafinance.io
http://gems.alphafinance.io:2082
http://gems.alphafinance.io:2086
http://gems.alphafinance.io:2095
http://gems.alphafinance.io:8880
http://homora.alphafinance.io
http://homora.alphafinance.io:2082
http://homora.alphafinance.io:8080
http://homora.alphafinance.io:8880
http://homora-api2.alphafinance.io
http://homora-api.alphafinance.io
http://homora-bsc.alphafinance.io
http://homora-bsc.alphafinance.io:2082
http://homora-bsc.alphafinance.io:2086
http://homora-bsc.alphafinance.io:2095
http://homora-bsc.alphafinance.io:8880
http://homora-v2.alphafinance.io
http://homora-v2.alphafinance.io:2082
http://homora-v2.alphafinance.io:8080
http://homora-v2.alphafinance.io:8880
http://launchpad.alphafinance.io
http://migration.homora-v2.alphafinance.io
https://alphafinance.io
https://alphafinance.io:2087
https://alphafinance.io:8443
https://api.abw.alphafinance.io
https://api-homora.alphafinance.io
https://blog.alphafinance.io
https://blog.alphafinance.io:2083
https://blog.alphafinance.io:2087
https://bsctestnet.alphafinance.io
https://buy-wall.alphafinance.io
https://buy-wall.alphafinance.io:2087
https://buy-wall.alphafinance.io:8443
https://dao.alphafinance.io
https://enchanter.alphafinance.io
https://gems.alphafinance.io
https://gems.alphafinance.io:2087
https://gems.alphafinance.io:8443
https://homora.alphafinance.io
https://homora.alphafinance.io:2083
https://homora.alphafinance.io:2087
https://homora-api2.alphafinance.io
https://homora-api.alphafinance.io
https://homora-bsc.alphafinance.io
https://homora-bsc.alphafinance.io:2087
https://homora-bsc.alphafinance.io:8443
https://homora-v2.alphafinance.io
https://homora-v2.alphafinance.io:2083
https://homora-v2.alphafinance.io:2087
https://launchpad.alphafinance.io
https://migration.homora-v2.alphafinance.io
https://summoner-market.alphafinance.io
https://supply.alphafinance.io
https://tokenomics.alphafinance.io
https://tokenomics.alphafinance.io:2083
https://tokenomics.alphafinance.io:2087
http://supply.alphafinance.io
https://woofwoof.alphafinance.io
https://www.alphafinance.io
https://www.alphafinance.io:2087
https://www.alphafinance.io:8443
https://x.alphafinance.io
https://x.alphafinance.io:2083
https://x.alphafinance.io:2087
https://x-api.alphafinance.io
http://tokenomics.alphafinance.io
http://tokenomics.alphafinance.io:2082
http://tokenomics.alphafinance.io:8080
http://tokenomics.alphafinance.io:8880
http://woofwoof.alphafinance.io
http://www.alphafinance.io
http://www.alphafinance.io:2082
http://www.alphafinance.io:2086
http://www.alphafinance.io:2095
http://www.alphafinance.io:8880
http://x.alphafinance.io
http://x.alphafinance.io:2082
http://x.alphafinance.io:8080
http://x.alphafinance.io:8880
http://x-api.alphafinance.io
