http://alphawallet.com
http://autoconfig.alphawallet.com
http://autoconfig.nft-reviews.alphawallet.com
http://autoconfig.tokenscript.org.alphawallet.com
http://autodiscover.alphawallet.com
http://autodiscover.nft-reviews.alphawallet.com
http://autodiscover.tokenscript.org.alphawallet.com
http://cpanel.alphawallet.com
http://cpanel.nft-reviews.alphawallet.com
http://cpanel.tokenscript.org.alphawallet.com
http://cpcalendars.alphawallet.com
http://cpcalendars.nft-reviews.alphawallet.com
http://cpcalendars.tokenscript.org.alphawallet.com
http://cpcontacts.alphawallet.com
http://cpcontacts.tokenscript.org.alphawallet.com
http://d.alphawallet.com
http://ftp.alphawallet.com
http://mail.alphawallet.com
https://alphawallet.com
https://autoconfig.alphawallet.com
https://autoconfig.nft-reviews.alphawallet.com
https://autoconfig.tokenscript.org.alphawallet.com
https://autodiscover.alphawallet.com
https://autodiscover.nft-reviews.alphawallet.com
https://autodiscover.tokenscript.org.alphawallet.com
https://cpanel.alphawallet.com
https://cpanel.nft-reviews.alphawallet.com
https://cpanel.tokenscript.org.alphawallet.com
https://cpcalendars.alphawallet.com
https://cpcalendars.nft-reviews.alphawallet.com
https://cpcalendars.tokenscript.org.alphawallet.com
https://cpcontacts.alphawallet.com
https://cpcontacts.tokenscript.org.alphawallet.com
https://d.alphawallet.com
https://ftp.alphawallet.com
https://mail.alphawallet.com
https://nft-reviews.alphawallet.com
https://tf.alphawallet.com
https://tokenscript.org.alphawallet.com
https://webdisk.alphawallet.com
https://webdisk.nft-reviews.alphawallet.com
https://webdisk.tokenscript.org.alphawallet.com
https://webmail.alphawallet.com
https://webmail.nft-reviews.alphawallet.com
https://webmail.tokenscript.org.alphawallet.com
https://whm.nft-reviews.alphawallet.com
https://whm.tokenscript.org.alphawallet.com
https://www.alphawallet.com
https://www.nft-reviews.alphawallet.com
https://www.tokenscript.org.alphawallet.com
https://x.alphawallet.com
http://tf.alphawallet.com
http://webdisk.alphawallet.com
http://webdisk.nft-reviews.alphawallet.com
http://webdisk.tokenscript.org.alphawallet.com
http://webmail.alphawallet.com
http://webmail.nft-reviews.alphawallet.com
http://webmail.tokenscript.org.alphawallet.com
http://whm.nft-reviews.alphawallet.com
http://whm.tokenscript.org.alphawallet.com
http://www.alphawallet.com
http://www.nft-reviews.alphawallet.com
http://www.tokenscript.org.alphawallet.com
http://x.alphawallet.com
