http://avalabs.org
http://chat.avalabs.org
http://chat.avalabs.org:2082
http://chat.avalabs.org:8080
http://chat.avalabs.org:8880
http://docs.avalabs.org
http://docs.avalabs.org:2082
http://docs.avalabs.org:2086
http://docs.avalabs.org:8080
http://docs.avalabs.org:8880
http://es.avalabs.org
http://es.avalabs.org:2082
http://es.avalabs.org:2083
http://es.avalabs.org:2087
http://es.avalabs.org:2096
http://es.avalabs.org:8080
http://es.avalabs.org:8443
http://es.avalabs.org:8880
http://fr.avalabs.org
http://fr.avalabs.org:2053
http://fr.avalabs.org:2082
http://fr.avalabs.org:2083
http://fr.avalabs.org:2087
http://fr.avalabs.org:2096
http://fr.avalabs.org:8080
http://fr.avalabs.org:8443
http://fr.avalabs.org:8880
http://it.avalabs.org
http://it.avalabs.org:2053
http://it.avalabs.org:2082
http://it.avalabs.org:2083
http://it.avalabs.org:2087
http://it.avalabs.org:2096
http://it.avalabs.org:8080
http://it.avalabs.org:8443
http://it.avalabs.org:8880
http://ja.avalabs.org
http://ja.avalabs.org:2082
http://ja.avalabs.org:2083
http://ja.avalabs.org:2086
http://ja.avalabs.org:2087
http://ja.avalabs.org:8080
http://ja.avalabs.org:8443
http://ja.avalabs.org:8880
http://ko.avalabs.org
http://ko.avalabs.org:2082
http://ko.avalabs.org:2083
http://ko.avalabs.org:2086
http://ko.avalabs.org:2087
http://ko.avalabs.org:2095
http://ko.avalabs.org:8080
http://ko.avalabs.org:8443
http://ko.avalabs.org:8880
http://nfts.avalabs.org
http://pt.avalabs.org
http://pt.avalabs.org:2082
http://pt.avalabs.org:2083
http://pt.avalabs.org:2086
http://pt.avalabs.org:2087
http://pt.avalabs.org:2095
http://pt.avalabs.org:8080
http://pt.avalabs.org:8443
http://pt.avalabs.org:8880
http://resources.avalabs.org
http://ru.avalabs.org
http://ru.avalabs.org:2053
http://ru.avalabs.org:2082
http://ru.avalabs.org:2083
http://ru.avalabs.org:2087
http://ru.avalabs.org:8080
http://ru.avalabs.org:8443
http://ru.avalabs.org:8880
https://avalabs.org
https://chat.avalabs.org
https://chat.avalabs.org:2053
https://chat.avalabs.org:2083
https://chat.avalabs.org:2087
https://chat.avalabs.org:2096
https://chat.avalabs.org:8443
https://docs.avalabs.org
https://docs.avalabs.org:2083
https://docs.avalabs.org:2087
https://docs.avalabs.org:8443
https://es.avalabs.org
https://es.avalabs.org:2053
https://fr.avalabs.org
https://it.avalabs.org
https://ja.avalabs.org
https://ko.avalabs.org
https://nfts.avalabs.org
https://pt.avalabs.org
https://resources.avalabs.org
https://ru.avalabs.org
https://ru.avalabs.org:2096
https://support.avalabs.org
https://support.avalabs.org:2083
https://support.avalabs.org:2087
https://support.avalabs.org:8443
https://tr.avalabs.org
http://support.avalabs.org
http://support.avalabs.org:2082
http://support.avalabs.org:2086
http://support.avalabs.org:8080
http://support.avalabs.org:8880
https://webmail.avalabs.org
https://www.avalabs.org
https://zh.avalabs.org
http://tr.avalabs.org
http://tr.avalabs.org:2082
http://tr.avalabs.org:2083
http://tr.avalabs.org:2086
http://tr.avalabs.org:2087
http://tr.avalabs.org:2095
http://tr.avalabs.org:8080
http://tr.avalabs.org:8443
http://tr.avalabs.org:8880
http://webmail.avalabs.org
http://webmail.avalabs.org:2053
http://webmail.avalabs.org:2082
http://webmail.avalabs.org:2083
http://webmail.avalabs.org:2087
http://webmail.avalabs.org:2096
http://webmail.avalabs.org:8080
http://webmail.avalabs.org:8443
http://webmail.avalabs.org:8880
http://www.avalabs.org
http://zh.avalabs.org
http://zh.avalabs.org:2053
http://zh.avalabs.org:2082
http://zh.avalabs.org:2083
http://zh.avalabs.org:2087
http://zh.avalabs.org:2096
http://zh.avalabs.org:8080
http://zh.avalabs.org:8443
http://zh.avalabs.org:8880
