http://api.avax-test.network
http://api.avax-test.network:2086
http://api.avax-test.network:8080
http://api.avax-test.network:8880
http://athereum.avax-test.network
http://athereum.avax-test.network:2086
http://athereum.avax-test.network:2087
http://athereum.avax-test.network:8080
http://athereum.avax-test.network:8443
http://athereum.avax-test.network:8880
http://avax-test.network
http://avax-test.network:2082
http://avax-test.network:2086
http://avax-test.network:8080
http://avax-test.network:8880
http://bridgeandtunnel.avax-test.network
http://bridge.avax-test.network
http://bridge.avax-test.network:2082
http://bridge.avax-test.network:2086
http://bridge.avax-test.network:8080
http://bridge.avax-test.network:8880
http://cchain.explorer.avax-test.network
http://cchain.explorer.avax-test.network:2086
http://cchain.explorer.avax-test.network:8080
http://cchain.explorer.avax-test.network:8880
http://datatunnel.avax-test.network
http://explorerapi.avax-test.network
http://explorerapi.avax-test.network:2086
http://explorerapi.avax-test.network:2087
http://explorerapi.avax-test.network:8080
http://explorerapi.avax-test.network:8443
http://explorerapi.avax-test.network:8880
http://explorer.avax-test.network
http://explorer.avax-test.network:2086
http://explorer.avax-test.network:8080
http://explorer.avax-test.network:8880
http://explorer-xp.avax-test.network
http://explorer-xp.avax-test.network:2082
http://explorer-xp.avax-test.network:2086
http://explorer-xp.avax-test.network:8080
http://explorer-xp.avax-test.network:8880
http://faucet.avax-test.network
http://faucet.avax-test.network:2086
http://faucet.avax-test.network:8080
http://faucet.avax-test.network:8880
http://nfttunnel.avax-test.network
http://read.avax-test.network
http://read.avax-test.network:2082
http://read.avax-test.network:2086
http://read.avax-test.network:8080
http://read.avax-test.network:8880
https://api.avax-test.network
https://api.avax-test.network:2087
https://api.avax-test.network:8443
https://athereum.avax-test.network
https://avax-test.network
https://avax-test.network:2083
https://avax-test.network:2087
https://avax-test.network:2096
https://avax-test.network:8443
https://bridgeandtunnel.avax-test.network
https://bridge.avax-test.network
https://bridge.avax-test.network:2083
https://bridge.avax-test.network:2087
https://bridge.avax-test.network:2096
https://bridge.avax-test.network:8443
https://cchain.explorer.avax-test.network
https://cchain.explorer.avax-test.network:2087
https://cchain.explorer.avax-test.network:8443
https://datatunnel.avax-test.network
https://explorerapi.avax-test.network
https://explorer.avax-test.network
https://explorer.avax-test.network:2087
https://explorer.avax-test.network:8443
https://explorer-xp.avax-test.network
https://explorer-xp.avax-test.network:2083
https://explorer-xp.avax-test.network:2087
https://explorer-xp.avax-test.network:2096
https://explorer-xp.avax-test.network:8443
https://faucet.avax-test.network
https://faucet.avax-test.network:2087
https://faucet.avax-test.network:8443
https://nfttunnel.avax-test.network
https://read.avax-test.network
https://read.avax-test.network:2083
https://read.avax-test.network:2087
https://read.avax-test.network:2096
https://read.avax-test.network:8443
https://subnet-explorer-api.avax-test.network
https://subnet-explorer-api.avax-test.network:2087
https://subnet-explorer-api.avax-test.network:8443
https://subnetstunnel.avax-test.network
https://tunnel.avax-test.network
http://subnet-explorer-api.avax-test.network
http://subnet-explorer-api.avax-test.network:2086
http://subnet-explorer-api.avax-test.network:8080
http://subnet-explorer-api.avax-test.network:8880
http://subnetstunnel.avax-test.network
https://wallet.avax-test.network
https://wallet.avax-test.network:2083
https://wallet.avax-test.network:2087
https://wallet.avax-test.network:2096
https://wallet.avax-test.network:8443
https://www.avax-test.network
https://www.avax-test.network:2087
https://www.avax-test.network:8443
http://tunnel.avax-test.network
http://wallet.avax-test.network
http://wallet.avax-test.network:2082
http://wallet.avax-test.network:2086
http://wallet.avax-test.network:8080
http://wallet.avax-test.network:8880
http://www.avax-test.network
http://www.avax-test.network:2086
http://www.avax-test.network:8080
http://www.avax-test.network:8880
