http://api.avax.network
http://api.avax.network:2082
http://api.avax.network:2086
http://api-us-east-2.avax.network
http://api-us-east-2.avax.network:2082
http://api-us-east-2.avax.network:2083
http://api-us-east-2.avax.network:2086
http://api-us-east-2.avax.network:2087
http://api-us-east-2.avax.network:8443
http://athereum.avax.network
http://avax.network
http://bd.avax.network
http://bd.avax.network:2082
http://bd.avax.network:2086
http://bd.avax.network:8080
http://bd.avax.network:8880
http://bridgeandtunnel.avax.network
http://bridge.avax.network
http://bridge.avax.network:2082
http://bridge.avax.network:2086
http://buy.avax.network
http://buy.avax.network:2053
http://buy.avax.network:2082
http://buy.avax.network:2086
http://buy.avax.network:2087
http://buy.avax.network:8080
http://buy.avax.network:8443
http://buy.avax.network:8880
http://castlecrush.avax.network
http://castlecrush.avax.network:2082
http://castlecrush.avax.network:2086
http://cchain.explorer.avax.network
http://cchain.explorer.avax.network:2082
http://cchain.explorer.avax.network:2086
http://cchain.explorer.avax.network:8080
http://cchain.explorer.avax.network:8880
http://chat.avax.network
http://chat.avax.network:2082
http://chat.avax.network:2086
http://cm.avax.network
http://cm.avax.network:2082
http://cm.avax.network:2086
http://core.avax.network
http://core.avax.network:2082
http://core.avax.network:2086
http://core.avax.network:8080
http://core.avax.network:8880
http://core-test.avax.network
http://core-test.avax.network:2082
http://core-test.avax.network:2086
http://core-test.avax.network:8080
http://core-test.avax.network:8880
http://data-posthog.avax.network
http://data-posthog.avax.network:2053
http://data-posthog.avax.network:2082
http://data-posthog.avax.network:2086
http://data-posthog.avax.network:2087
http://data-posthog.avax.network:8080
http://data-posthog.avax.network:8443
http://data-posthog.avax.network:8880
http://datatunnel.avax.network
http://dexalot.avax.network
http://dexalot.avax.network:2082
http://dexalot.avax.network:2086
http://dexalot.avax.network:8080
http://dexalot.avax.network:8880
http://dfk.avax.network
http://dfk.avax.network:2082
http://dfk.avax.network:2086
http://docs.avax.network
http://docs.avax.network:2082
http://docs.avax.network:2086
http://downloads.avax.network
http://ecosystem.avax.network
http://ecosystem.avax.network:2082
http://ecosystem.avax.network:2086
http://ecosystem.avax.network:8080
http://ecosystem.avax.network:8880
http://explorer-api.avax.network
http://explorerapi.avax.network
http://explorer-api.avax.network:2082
http://explorerapi.avax.network:2082
http://explorerapi.avax.network:2083
http://explorer-api.avax.network:2086
http://explorerapi.avax.network:2086
http://explorerapi.avax.network:2087
http://explorer-api.avax.network:8080
http://explorerapi.avax.network:8443
http://explorer-api.avax.network:8880
http://explorer.avax.network
http://explorer.avax.network:2082
http://explorer.avax.network:2086
http://explorer.avax.network:8080
http://explorer.avax.network:8880
http://explorer-xp.avax.network
http://explorer-xp.avax.network:2082
http://explorer-xp.avax.network:2086
http://explorer-xp.avax.network:8080
http://explorer-xp.avax.network:8880
http://faucet.avax.network
http://faucet.avax.network:2082
http://faucet.avax.network:2083
http://faucet.avax.network:2086
http://faucet.avax.network:2087
http://faucet.avax.network:8443
http://finopstunnel.avax.network
http://forum.avax.network
http://forum.avax.network:2082
http://forum.avax.network:2086
http://indexer-demo.avax.network
http://indexer-demo.avax.network:2082
http://indexer-demo.avax.network:2083
http://indexer-demo.avax.network:2086
http://indexer-demo.avax.network:2087
http://indexer-demo.avax.network:8443
http://ipfsgateway.avax.network
http://ipfsgateway.avax.network:2082
http://ipfsgateway.avax.network:2086
http://metrics.avax.network
http://metrics.avax.network:2082
http://metrics.avax.network:2086
http://metrics-dev.avax.network
http://metrics-dev.avax.network:2082
http://metrics-dev.avax.network:2086
http://nfttunnel.avax.network
http://notify.avax.network
http://notify.avax.network:2082
http://notify.avax.network:2086
http://notify.avax.network:8080
http://notify.avax.network:8880
http://peerinfo.avax.network
http://peerinfo.avax.network:2082
http://peerinfo.avax.network:2083
http://peerinfo.avax.network:2086
http://peerinfo.avax.network:2087
http://peerinfo.avax.network:8443
http://repo.avax.network
https://api.avax.network
https://api.avax.network:2083
https://api.avax.network:2087
https://api.avax.network:8443
https://api-us-east-2.avax.network
https://athereum.avax.network
http://satunnel.avax.network
https://avax.network
https://bd.avax.network
https://bd.avax.network:2053
https://bd.avax.network:2087
https://bd.avax.network:8443
https://bridgeandtunnel.avax.network
https://bridge.avax.network
https://bridge.avax.network:2083
https://bridge.avax.network:2087
https://bridge.avax.network:8443
https://buy.avax.network
https://castlecrush.avax.network
https://castlecrush.avax.network:2083
https://castlecrush.avax.network:2087
https://castlecrush.avax.network:8443
https://cchain.explorer.avax.network
https://cchain.explorer.avax.network:2053
https://cchain.explorer.avax.network:2087
https://cchain.explorer.avax.network:8443
https://chat.avax.network
https://chat.avax.network:2083
https://chat.avax.network:2087
https://chat.avax.network:8443
https://cm.avax.network
https://cm.avax.network:2083
https://cm.avax.network:2087
https://cm.avax.network:8443
https://community.avax.network
https://core.avax.network
https://core.avax.network:2053
https://core.avax.network:2087
https://core.avax.network:8443
https://core-test.avax.network
https://core-test.avax.network:2053
https://core-test.avax.network:2087
https://core-test.avax.network:8443
https://data-posthog.avax.network
https://datatunnel.avax.network
https://dexalot.avax.network
https://dexalot.avax.network:2053
https://dexalot.avax.network:2087
https://dexalot.avax.network:8443
https://dfk.avax.network
https://dfk.avax.network:2083
https://dfk.avax.network:2087
https://dfk.avax.network:8443
https://docs.avax.network
https://docs.avax.network:2083
https://docs.avax.network:2087
https://docs.avax.network:8443
https://downloads.avax.network
https://ecosystem.avax.network
https://ecosystem.avax.network:2053
https://ecosystem.avax.network:2087
https://ecosystem.avax.network:8443
https://explorer-api.avax.network
https://explorerapi.avax.network
https://explorer-api.avax.network:2053
https://explorer-api.avax.network:2087
https://explorer-api.avax.network:8443
https://explorer.avax.network
https://explorer.avax.network:2053
https://explorer.avax.network:2087
https://explorer.avax.network:8443
https://explorer-xp.avax.network
https://explorer-xp.avax.network:2053
https://explorer-xp.avax.network:2087
https://explorer-xp.avax.network:8443
https://faucet.avax.network
https://finopstunnel.avax.network
https://forum.avax.network
https://forum.avax.network:2083
https://forum.avax.network:2087
https://forum.avax.network:8443
https://indexer-demo.avax.network
https://ipfsgateway.avax.network
https://ipfsgateway.avax.network:2083
https://ipfsgateway.avax.network:2087
https://ipfsgateway.avax.network:8443
https://metrics.avax.network
https://metrics.avax.network:2083
https://metrics.avax.network:2087
https://metrics.avax.network:8443
https://metrics-dev.avax.network
https://metrics-dev.avax.network:2083
https://metrics-dev.avax.network:2087
https://metrics-dev.avax.network:8443
https://nfttunnel.avax.network
https://notify.avax.network
https://notify.avax.network:2053
https://notify.avax.network:2087
https://notify.avax.network:8443
https://peerinfo.avax.network
https://repo.avax.network
https://satunnel.avax.network
https://stats.avax.network
https://stats.avax.network:2083
https://stats.avax.network:2087
https://stats.avax.network:8443
https://status.avax.network
https://subnets.avax.network
https://subnets.avax.network:2083
https://subnets.avax.network:2087
https://subnets.avax.network:8443
https://subnets-test.avax.network
https://subnets-test.avax.network:2083
https://subnets-test.avax.network:2087
https://subnets-test.avax.network:8443
https://subnetstunnel.avax.network
https://support.avax.network
https://swimmer.avax.network
https://swimmer.avax.network:2083
https://swimmer.avax.network:2087
https://swimmer.avax.network:8443
http://stats.avax.network
http://stats.avax.network:2082
http://stats.avax.network:2086
http://status.avax.network
https://test-vip.avax.network
https://tunnel.avax.network
https://tutorials.avax.network
https://tutorials.avax.network:2083
https://tutorials.avax.network:2087
https://tutorials.avax.network:8443
http://subnets.avax.network
http://subnets.avax.network:2082
http://subnets.avax.network:2086
http://subnets-test.avax.network
http://subnets-test.avax.network:2082
http://subnets-test.avax.network:2086
http://subnetstunnel.avax.network
http://support.avax.network
http://support.avax.network:2053
http://support.avax.network:2082
http://support.avax.network:2086
http://support.avax.network:2087
http://support.avax.network:8080
http://support.avax.network:8443
http://support.avax.network:8880
https://wallet.avax.network
https://wallet.avax.network:2053
https://wallet.avax.network:2087
https://wallet.avax.network:8443
https://wallet-beta.avax.network
https://wallet-beta.avax.network:2083
https://wallet-beta.avax.network:2087
https://wallet-beta.avax.network:8443
https://wallet-network-assets.avax.network
https://wallet-network-assets.avax.network:2083
https://wallet-network-assets.avax.network:2087
https://wallet-network-assets.avax.network:8443
https://welcome.avax.network
http://swimmer.avax.network
http://swimmer.avax.network:2082
http://swimmer.avax.network:2086
https://www.avax.network
http://test-vip.avax.network
http://test-vip.avax.network:2053
http://test-vip.avax.network:2082
http://test-vip.avax.network:2086
http://test-vip.avax.network:2087
http://test-vip.avax.network:8080
http://test-vip.avax.network:8443
http://test-vip.avax.network:8880
http://tunnel.avax.network
http://tutorials.avax.network
http://tutorials.avax.network:2082
http://tutorials.avax.network:2086
http://wallet.avax.network
http://wallet.avax.network:2082
http://wallet.avax.network:2086
http://wallet.avax.network:8080
http://wallet.avax.network:8880
http://wallet-beta.avax.network
http://wallet-beta.avax.network:2082
http://wallet-beta.avax.network:2086
http://wallet-network-assets.avax.network
http://wallet-network-assets.avax.network:2082
http://wallet-network-assets.avax.network:2086
http://welcome.avax.network
http://www.avax.network
