http://backblaze.com
http://backblaze.com:2052
http://backblaze.com:2053
http://backblaze.com:2082
http://backblaze.com:2083
http://backblaze.com:2086
http://backblaze.com:2087
http://backblaze.com:8080
http://backblaze.com:8443
http://backblaze.com:8880
http://df.backblaze.com
http://fn.eu.df.backblaze.com
http://fn.us.df.backblaze.com
http://info.backblaze.com
http://info.backblaze.com:2082
http://info.backblaze.com:2086
http://info.backblaze.com:2095
http://info.backblaze.com:8080
http://info.backblaze.com:8880
http://ir.backblaze.com
http://ir.backblaze.com:2082
http://ir.backblaze.com:2083
http://ir.backblaze.com:2086
http://ir.backblaze.com:2087
http://ir.backblaze.com:8080
http://ir.backblaze.com:8443
http://ir.backblaze.com:8880
https://backblaze.com
https://df.backblaze.com
http://secure.backblaze.com
http://secure.backblaze.com:2082
http://secure.backblaze.com:2083
http://secure.backblaze.com:2086
http://secure.backblaze.com:2087
http://secure.backblaze.com:8080
http://secure.backblaze.com:8443
http://secure.backblaze.com:8880
https://fn.eu.df.backblaze.com
https://fn.us.df.backblaze.com
https://info.backblaze.com
https://info.backblaze.com:2053
https://info.backblaze.com:2083
https://info.backblaze.com:2087
https://info.backblaze.com:2096
https://info.backblaze.com:8443
https://ir.backblaze.com
https://secure.backblaze.com
https://secure.backblaze.com:2053
https://try.backblaze.com
https://trynow.backblaze.com
https://trynow.backblaze.com:2053
https://trynow.backblaze.com:2083
https://trynow.backblaze.com:2087
https://trynow.backblaze.com:2096
https://trynow.backblaze.com:8443
http://try.backblaze.com
http://trynow.backblaze.com
http://trynow.backblaze.com:2082
http://trynow.backblaze.com:2086
http://trynow.backblaze.com:2095
http://trynow.backblaze.com:8080
http://trynow.backblaze.com:8880
