http://allowance.beefy.finance
http://allowance.beefy.finance:8082
http://allowance.beefy.finance:8084
http://allowance.beefy.finance:8085
http://api.beefy.finance
http://api.beefy.finance:2082
http://api.beefy.finance:2083
http://api.beefy.finance:2087
http://api.beefy.finance:8080
http://api.beefy.finance:8443
http://api.beefy.finance:8880
http://app.beefy.finance
http://app.beefy.finance:2082
http://app.beefy.finance:2086
http://app.beefy.finance:8080
http://app.beefy.finance:8880
http://avax.beefy.finance
http://avax.beefy.finance:8082
http://avax.beefy.finance:8084
http://avax.beefy.finance:8085
http://beefy.finance
http://beefy.finance:2082
http://beefy.finance:8080
http://beefy.finance:8880
http://beta.beefy.finance
http://beta.beefy.finance:8082
http://beta.beefy.finance:8084
http://beta.beefy.finance:8085
http://blog.beefy.finance
http://blog.beefy.finance:2082
http://blog.beefy.finance:2086
http://blog.beefy.finance:8080
http://blog.beefy.finance:8880
http://dashboard.beefy.finance
http://dashboard.beefy.finance:2082
http://dashboard.beefy.finance:8080
http://dashboard.beefy.finance:8880
http://data.beefy.finance
http://data.beefy.finance:2082
http://data.beefy.finance:2083
http://data.beefy.finance:2086
http://data.beefy.finance:2087
http://data.beefy.finance:2096
http://data.beefy.finance:8080
http://data.beefy.finance:8443
http://data.beefy.finance:8880
http://docs.beefy.finance
http://docs.beefy.finance:2082
http://docs.beefy.finance:2086
http://docs.beefy.finance:8080
http://docs.beefy.finance:8880
http://fantom.beefy.finance
http://fantom.beefy.finance:8082
http://fantom.beefy.finance:8084
http://fantom.beefy.finance:8085
http://gear.beefy.finance
http://gear.beefy.finance:2052
http://gear.beefy.finance:2082
http://gear.beefy.finance:2086
http://gear.beefy.finance:2095
http://gear.beefy.finance:8080
http://gear.beefy.finance:8880
http://gov.beefy.finance
http://gov.beefy.finance:2082
http://gov.beefy.finance:2083
http://gov.beefy.finance:2086
http://gov.beefy.finance:2087
http://gov.beefy.finance:2096
http://gov.beefy.finance:8080
http://gov.beefy.finance:8443
http://gov.beefy.finance:8880
http://heco.beefy.finance
http://heco.beefy.finance:8082
http://heco.beefy.finance:8084
http://heco.beefy.finance:8085
http://legacy.beefy.finance
http://legacy.beefy.finance:2082
http://legacy.beefy.finance:8080
http://legacy.beefy.finance:8880
http://polygon.beefy.finance
http://polygon.beefy.finance:8082
http://polygon.beefy.finance:8084
http://polygon.beefy.finance:8085
https://allowance.beefy.finance
https://allowance.beefy.finance:1935
https://api.beefy.finance
https://app.beefy.finance
https://app.beefy.finance:2083
https://app.beefy.finance:2087
https://app.beefy.finance:2096
https://app.beefy.finance:8443
https://avax.beefy.finance
https://avax.beefy.finance:1935
https://beefy.finance
https://beefy.finance:2083
https://beefy.finance:2087
https://beefy.finance:8443
https://beta.beefy.finance
https://beta.beefy.finance:1935
https://blog.beefy.finance
https://blog.beefy.finance:2083
https://blog.beefy.finance:2087
https://blog.beefy.finance:2096
https://blog.beefy.finance:8443
https://dashboard.beefy.finance
https://dashboard.beefy.finance:2083
https://dashboard.beefy.finance:2087
https://dashboard.beefy.finance:8443
https://data.beefy.finance
https://docs.beefy.finance
https://docs.beefy.finance:2083
https://docs.beefy.finance:2087
https://docs.beefy.finance:2096
https://docs.beefy.finance:8443
https://fantom.beefy.finance
https://fantom.beefy.finance:1935
https://gear.beefy.finance
https://gear.beefy.finance:2053
https://gear.beefy.finance:2083
https://gear.beefy.finance:2087
https://gear.beefy.finance:2096
https://gear.beefy.finance:8443
https://gov.beefy.finance
https://heco.beefy.finance
https://heco.beefy.finance:1935
https://legacy.beefy.finance
https://legacy.beefy.finance:2083
https://legacy.beefy.finance:2087
https://legacy.beefy.finance:8443
https://polygon.beefy.finance
https://polygon.beefy.finance:1935
https://v1.beefy.finance
https://v1.beefy.finance:2083
https://v1.beefy.finance:2087
https://v1.beefy.finance:8443
https://vote-archive.beefy.finance
https://vote.beefy.finance
https://vote.beefy.finance:2083
https://vote.beefy.finance:2087
https://vote.beefy.finance:8443
https://www.beefy.finance
https://www.beefy.finance:2083
https://www.beefy.finance:2087
https://www.beefy.finance:8443
http://v1.beefy.finance
http://v1.beefy.finance:2082
http://v1.beefy.finance:8080
http://v1.beefy.finance:8880
http://vote-archive.beefy.finance
http://vote.beefy.finance
http://vote.beefy.finance:2082
http://vote.beefy.finance:8080
http://vote.beefy.finance:8880
http://www.beefy.finance
http://www.beefy.finance:2082
http://www.beefy.finance:8080
http://www.beefy.finance:8880
