http://benddao.xyz
http://benddao.xyz:2083
http://benddao.xyz:2087
http://benddao.xyz:8443
http://bend-goservice-mainnet.benddao.xyz
http://bend-goservice-mainnet.benddao.xyz:2083
http://bend-goservice-mainnet.benddao.xyz:2087
http://bend-goservice-rinkeby.benddao.xyz
http://bend-goservice-rinkeby.benddao.xyz:2083
http://bend-goservice-rinkeby.benddao.xyz:2087
http://bend-nft-info.benddao.xyz
http://bend-nft-info.benddao.xyz:2083
http://bend-nft-info.benddao.xyz:2087
http://bend-nft-info.benddao.xyz:8443
http://bend-subgraph-mainnet.benddao.xyz
http://bend-subgraph-mainnet.benddao.xyz:2083
http://bend-subgraph-mainnet.benddao.xyz:2087
http://bend-subgraph-rinkeby.benddao.xyz
http://bend-subgraph-rinkeby.benddao.xyz:2083
http://bend-subgraph-rinkeby.benddao.xyz:2087
http://cms.benddao.xyz
http://cms.benddao.xyz:2083
http://cms.benddao.xyz:2087
http://cms-dev.benddao.xyz
http://cms-dev.benddao.xyz:2083
http://cms-dev.benddao.xyz:2087
http://develop.benddao.xyz
http://develop.benddao.xyz:2083
http://develop.benddao.xyz:2087
http://develop.benddao.xyz:8443
http://docs.benddao.xyz
http://docs.benddao.xyz:2082
http://docs.benddao.xyz:2083
http://docs.benddao.xyz:2086
http://docs.benddao.xyz:2087
http://docs.benddao.xyz:8080
http://forum.benddao.xyz
http://forum.benddao.xyz:2083
http://forum.benddao.xyz:2087
http://governance.benddao.xyz
http://governance.benddao.xyz:2083
http://governance.benddao.xyz:2087
http://looksrare-api-rinkeby.benddao.xyz
http://looksrare-api-rinkeby.benddao.xyz:2083
http://looksrare-api-rinkeby.benddao.xyz:2087
http://main.benddao.xyz
http://main.benddao.xyz:2083
http://main.benddao.xyz:2087
http://rinkeby.benddao.xyz
http://rinkeby.benddao.xyz:2083
http://rinkeby.benddao.xyz:2087
https://benddao.xyz
https://bend-goservice-mainnet.benddao.xyz
https://bend-goservice-rinkeby.benddao.xyz
https://bend-nft-info.benddao.xyz
https://bend-subgraph-mainnet.benddao.xyz
https://bend-subgraph-rinkeby.benddao.xyz
https://cms.benddao.xyz
https://cms-dev.benddao.xyz
https://develop.benddao.xyz
https://docs.benddao.xyz
https://forum.benddao.xyz
https://governance.benddao.xyz
https://looksrare-api-rinkeby.benddao.xyz
https://main.benddao.xyz
https://rinkeby.benddao.xyz
https://testnet.benddao.xyz
https://ws-bend-subgraph-mainnet.benddao.xyz
https://ws-bend-subgraph-rinkeby.benddao.xyz
https://www.benddao.xyz
https://x2y2-api.benddao.xyz
http://testnet.benddao.xyz
http://testnet.benddao.xyz:2083
http://testnet.benddao.xyz:2087
http://ws-bend-subgraph-mainnet.benddao.xyz
http://ws-bend-subgraph-mainnet.benddao.xyz:2083
http://ws-bend-subgraph-mainnet.benddao.xyz:2087
http://ws-bend-subgraph-rinkeby.benddao.xyz
http://ws-bend-subgraph-rinkeby.benddao.xyz:2083
http://ws-bend-subgraph-rinkeby.benddao.xyz:2087
http://www.benddao.xyz
http://www.benddao.xyz:2083
http://www.benddao.xyz:2087
http://x2y2-api.benddao.xyz
http://x2y2-api.benddao.xyz:2083
http://x2y2-api.benddao.xyz:2087
