http://000-014.bingoservices.io
http://001190.bingoservices.io
http://00d28000001f79meac.bingoservices.io
http://0-114.bingoservices.io
http://021250.bingoservices.io
http://02periodic.bingoservices.io
http://033127.bingoservices.io
http://036066.bingoservices.io
http://03-mongodb.bingoservices.io
http://03-tail.bingoservices.io
http://043143.bingoservices.io
http://044249.bingoservices.io
http://04-github-chd.bingoservices.io
http://04-github-redirector.bingoservices.io
http://04-github-service.bingoservices.io
http://05-31-conclusions.bingoservices.io
http://061156.bingoservices.io
http://0679208b4c7980a7f.bingoservices.io
http://070105.bingoservices.io
http://07-fator-organizacional.bingoservices.io
http://08-es6-webpack-demo-lab.bingoservices.io
http://095076.bingoservices.io
http://096162.bingoservices.io
http://0b33c4da8112befc3.bingoservices.io
http://0baa7d95f2ad29615.bingoservices.io
http://0.bingoservices.io
http://110096.bingoservices.io
http://112052.bingoservices.io
http://112094.bingoservices.io
http://114120.bingoservices.io
http://114155.bingoservices.io
http://119.bingoservices.io
http://1242709618.bingoservices.io
http://12node-express-okta-idp.bingoservices.io
http://13069066.bingoservices.io
http://134096.bingoservices.io
http://135j5dsha8-netherlands.bingoservices.io
http://154070.bingoservices.io
http://159.bingoservices.io
http://165.bingoservices.io
http://171019.bingoservices.io
http://195-76.bingoservices.io
http://19830.bingoservices.io
http://198.bingoservices.io
http://200-004.bingoservices.io
http://2015164487.bingoservices.io
http://203-009.bingoservices.io
http://204-80-111-214.bingoservices.io
http://222.bingoservices.io
http://226.bingoservices.io
http://227.bingoservices.io
http://232.bingoservices.io
http://236.bingoservices.io
http://246.bingoservices.io
http://29-134.bingoservices.io
http://33.bingoservices.io
http://53gt.bingoservices.io
http://6h3a.bingoservices.io
http://7.bingoservices.io
http://8.bingoservices.io
http://aboutus-gist.bingoservices.io
http://actionbcpegms.bingoservices.io
http://action.bingoservices.io
http://activity.bingoservices.io
http://activitywacweb-ext.bingoservices.io
http://alwaysonvpndonateinmemory.bingoservices.io
http://alwaysonvpntest.bingoservices.io
http://analog.bingoservices.io
http://apc1.bingoservices.io
http://api-docs-bcpwebrep.bingoservices.io
http://api-docs-ext.bingoservices.io
http://app-ext.bingoservices.io
http://autodiscoverintranetclone.bingoservices.io
http://battlehqint.bingoservices.io
http://bingoservices.io
http://blog92.bingoservices.io
http://cloudfrontactivity.bingoservices.io
http://dev.bingoservices.io
http://developercontent.bingoservices.io
http://dial.bingoservices.io
http://discounts.bingoservices.io
http://donateinmemory.bingoservices.io
http://dsl.bingoservices.io
http://ebackend.bingoservices.io
http://etoolkit.bingoservices.io
http://eventsallmacro.bingoservices.io
http://events.bingoservices.io
http://fundraise-donateinmemory.bingoservices.io
http://gq1.bingoservices.io
http://gxs.bingoservices.io
http://gxs.next.bingoservices.io
http://gxs.staging.bingoservices.io
http://i2.bingoservices.io
http://lawlib.bingoservices.io
http://le-test.bingoservices.io
http://lib.bingoservices.io
http://library.bingoservices.io
http://llull.bingoservices.io
http://ne1.bingoservices.io
http://news.bingoservices.io
http://node-express-okta-idp.bingoservices.io
http://ovz-ssd2.bingoservices.io
http://sg3.bingoservices.io
http://static.bingoservices.io
http://static.next.bingoservices.io
http://static.staging.bingoservices.io
http://su2cr53.bingoservices.io
