http://admin.bistro.sk
http://api.bistro.sk
http://asp.bistro.sk
http://authsmtp.bistro.sk
http://baterie-k-aku-naradi.bistro.sk
http://bistro.sk
http://calisma-derskitabicevaplari.bistro.sk
http://cmpv2.bistro.sk
http://comune.bistro.sk
http://correo.bistro.sk
http://driver.bistro.sk
http://gate.bistro.sk
http://gateway.bistro.sk
http://growingupnyc.bistro.sk
http://gw.bistro.sk
http://hermes.bistro.sk
http://imap.bistro.sk
http://link.bistro.sk
http://mail01.bistro.sk
http://mail11.bistro.sk
http://mail12.bistro.sk
http://mail1.bistro.sk
http://mail2.bistro.sk
http://mail.bistro.sk
http://mailbox.bistro.sk
http://mailer.bistro.sk
http://mailgate.bistro.sk
http://mailgw.bistro.sk
http://mailhost.bistro.sk
http://mailin.bistro.sk
http://mailx.bistro.sk
http://m.bistro.sk
http://mbox.bistro.sk
http://ms.bistro.sk
http://mx01.bistro.sk
http://mx0.bistro.sk
http://mx1.bistro.sk
http://mx2.bistro.sk
http://mx4.bistro.sk
http://mx5.bistro.sk
http://mx7.bistro.sk
http://myzh.bistro.sk
http://newmexico.bistro.sk
http://ns1.bistro.sk
http://ns.bistro.sk
http://out.bistro.sk
http://poczta.bistro.sk
http://posta.bistro.sk
http://post.bistro.sk
http://postmaster.bistro.sk
http://relay2.bistro.sk
http://remote.bistro.sk
http://restauracia.bistro.sk
http://rest.bistro.sk
http://rwjms.bistro.sk
https://admin.bistro.sk
https://api.bistro.sk
https://asp.bistro.sk
https://authsmtp.bistro.sk
https://baterie-k-aku-naradi.bistro.sk
https://bistro.sk
https://calisma-derskitabicevaplari.bistro.sk
https://cmpv2.bistro.sk
https://cms.bistro.sk
https://comune.bistro.sk
https://correo.bistro.sk
https://driver.bistro.sk
http://server.bistro.sk
https://gate.bistro.sk
https://gateway.bistro.sk
https://growingupnyc.bistro.sk
https://gw.bistro.sk
https://hermes.bistro.sk
https://imap.bistro.sk
https://img.bistro.sk
https://link.bistro.sk
https://mail01.bistro.sk
https://mail11.bistro.sk
https://mail12.bistro.sk
https://mail1.bistro.sk
https://mail2.bistro.sk
https://mail.bistro.sk
https://mailbox.bistro.sk
https://mailer.bistro.sk
https://mailgate.bistro.sk
https://mailgw.bistro.sk
https://mailhost.bistro.sk
https://mailin.bistro.sk
https://mailx.bistro.sk
https://m.bistro.sk
https://mbox.bistro.sk
https://ms.bistro.sk
http://smtp01.bistro.sk
http://smtp1.bistro.sk
http://smtpauth.bistro.sk
http://smtpseguro.bistro.sk
https://mx01.bistro.sk
https://mx0.bistro.sk
https://mx1.bistro.sk
https://mx2.bistro.sk
https://mx4.bistro.sk
https://mx5.bistro.sk
https://mx7.bistro.sk
https://myzh.bistro.sk
https://newmexico.bistro.sk
https://ns1.bistro.sk
https://ns.bistro.sk
https://out.bistro.sk
https://poczta.bistro.sk
https://posta.bistro.sk
https://post.bistro.sk
https://postmaster.bistro.sk
https://relay2.bistro.sk
https://remote.bistro.sk
https://restauracia.bistro.sk
https://rest.bistro.sk
https://rwjms.bistro.sk
https://s.bistro.sk
https://server.bistro.sk
https://smtp01.bistro.sk
https://smtp1.bistro.sk
https://smtpauth.bistro.sk
https://smtpseguro.bistro.sk
https://tehachapi.asp.bistro.sk
https://vmail.bistro.sk
https://web-components.bistro.sk
https://ws-driver.bistro.sk
https://www2.bistro.sk
https://www.bistro.sk
https://www.henry.bistro.sk
https://www.m.bistro.sk
https://wwww.bistro.sk
http://tehachapi.asp.bistro.sk
http://vmail.bistro.sk
http://web-components.bistro.sk
http://ws-driver.bistro.sk
http://www2.bistro.sk
http://www.bistro.sk
http://www.henry.bistro.sk
http://www.m.bistro.sk
http://wwww.bistro.sk
