http://account.bitdefender.com
http://account.bitdefender.com:2053
http://account.bitdefender.com:2083
http://account.bitdefender.com:2086
http://account.bitdefender.com:2087
http://account.bitdefender.com:8443
http://account.bitdefender.com:8880
http://alpha-central.bitdefender.com
http://anzpartnerportal.bitdefender.com
http://apex-us.bitdefender.com
http://api.customerzone.bitdefender.com
http://api.pan.bitdefender.com
http://api-stage.pan-stage.bitdefender.com
http://api.ti.bitdefender.com
http://api.tip.bitdefender.com
http://applecsrwebservice.bitdefender.com
http://arca.bitdefender.com
http://auth.mdr.bitdefender.com
http://auth.mdr.bitdefender.com:2082
http://auth.mdr.bitdefender.com:2086
http://auth.mdr.bitdefender.com:8080
http://auth.mdr.bitdefender.com:8880
http://auth.mdrt.bitdefender.com
http://auth.mdrt.bitdefender.com:2082
http://auth.mdrt.bitdefender.com:2086
http://auth.mdrt.bitdefender.com:8880
http://beta-account.bitdefender.com
http://beta-account.bitdefender.com:8080
http://beta.bitdefender.com
http://betacampaigns.bitdefender.com
http://beta-central.bitdefender.com
http://beta-central.bitdefender.com:2053
http://beta-central.bitdefender.com:2083
http://beta-central.bitdefender.com:2087
http://beta-checkout-sdk.bitdefender.com
http://beta-checkout-service.bitdefender.com
http://beta-login.bitdefender.com
http://beta-login.bitdefender.com:8080
http://beta-msp.bitdefender.com
http://bitadvisors.bitdefender.com
http://bitdefender.com
http://bitdefender-for-service-providers.bitdefender.com
http://brand.bitdefender.com
http://businessemail.bitdefender.com
http://businessemail.bitdefender.com:8080
http://businessinsights.bitdefender.com
http://businessinsights.bitdefender.com:2082
http://businessinsights.bitdefender.com:2086
http://businessinsights.bitdefender.com:2095
http://businessinsights.bitdefender.com:8080
http://businessinsights.bitdefender.com:8880
http://businessresources.bitdefender.com
http://businessresources.bitdefender.com:2082
http://businessresources.bitdefender.com:2086
http://businessresources.bitdefender.com:2095
http://businessresources.bitdefender.com:8080
http://businessresources.bitdefender.com:8880
http://buy.bitdefender.com
http://buy.bitdefender.com:1024
http://buy.bitdefender.com:12345
http://buy.bitdefender.com:2086
http://buy.bitdefender.com:4848
http://buy.bitdefender.com:5007
http://buy.bitdefender.com:5009
http://buy.bitdefender.com:8139
http://central-appdirect.bitdefender.com
http://central.bitdefender.com
http://central-eu.bitdefender.com
http://channel.bitdefender.com
http://cloud-ecs.gravityzone.bitdefender.com
http://cloud.gravityzone.bitdefender.com
http://cloudgz-ecs.gravityzone.bitdefender.com
http://cloudgz.gravityzone.bitdefender.com
http://cloudirl.gravityzone.bitdefender.com
http://community.bitdefender.com
http://countrypartners.bitdefender.com
http://csrtools-api.bitdefender.com
http://customerzone-api.bitdefender.com
http://customerzone.bitdefender.com
http://cwse-plugin-stg.dev.rmm.bitdefender.com
http://cwse-plugin-uat.dev.rmm.bitdefender.com
http://czt.bitdefender.com
http://download.bitdefender.com
http://edu.bitdefender.com
http://elearning.bitdefender.com
http://ember.bitdefender.com
http://emc.services.bitdefender.com
http://enterprise.bitdefender.com
http://eu-tc.gravityzone.bitdefender.com
http://explore.bitdefender.com
http://explore-lb.bitdefender.com
http://feeds.ti.bitdefender.com
http://feeds.tip.bitdefender.com
http://forum.bitdefender.com
http://go.bitdefender.com
http://gravityzone.bitdefender.com
http://gzevents-dev.dev.rmm.bitdefender.com
http://gzevents-uat.dev.rmm.bitdefender.com
http://gzevents.uat.rmm.bitdefender.com
http://help.gravityzone.bitdefender.com
http://hotforsecurity.bitdefender.com
http://ingestors-eu.bmdr.bitdefender.com
http://ingestors-us.bmdr.bitdefender.com
http://ipm.bitdefender.com
http://ipm-lb.bitdefender.com
http://labs.bitdefender.com
http://latin.bitdefender.com
http://linux.bitdefender.com
http://login.bitdefender.com
http://lv2.bitdefender.com
http://lv2-lb.bitdefender.com
http://mastercard.bitdefender.com
http://mdr.bitdefender.com
http://mdrt.bitdefender.com
http://metrics.bitdefender.com
http://misp-feed.bitdefender.com
http://msp.bitdefender.com
http://myaccount.bitdefender.com
http://myaccount.bitdefender.com:2052
http://myaccount.bitdefender.com:2082
http://myaccount.bitdefender.com:2086
http://myaccount.bitdefender.com:2095
http://myaccount.bitdefender.com:8080
http://myaccount.bitdefender.com:8880
http://my.bitdefender.com
http://new.bitdefender.com
http://new.bitdefender.com:2052
http://new.bitdefender.com:2082
http://new.bitdefender.com:2086
http://new.bitdefender.com:2095
http://new.bitdefender.com:8080
http://new.bitdefender.com:8880
http://nmr.bitdefender.com
http://nmr.bitdefender.com:2053
http://nmr.bitdefender.com:2083
http://nmr.bitdefender.com:2087
http://nmr.bitdefender.com:8443
http://notification.bitdefender.com
http://notification.bitdefender.com:2053
http://notification.bitdefender.com:2083
http://notification.bitdefender.com:2087
http://notification.bitdefender.com:8443
http://oemhub.bitdefender.com
http://oemhub.bitdefender.com:8080
http://oem-login.bitdefender.com
http://oemportal.bitdefender.com
http://oemresources.bitdefender.com
http://oemresources.bitdefender.com:8080
http://onboarding.gravityzone.bitdefender.com
http://order.bitdefender.com
http://pan.bitdefender.com
http://pan-stage.bitdefender.com
http://parentaladvisor.bitdefender.com
http://partners.bitdefender.com
http://partners.elearning.bitdefender.com
http://partners-lb.bitdefender.com
http://psowncloud1.bitdefender.com
http://push-hello.bitdefender.com
http://quickscan.bitdefender.com
http://ra.bitdefender.com
http://ra-eu.bitdefender.com
http://ra-us.bitdefender.com
http://rdprojects.bitdefender.com
http://remote.bitdefender.com
http://renewals.bitdefender.com
http://research.bitdefender.com
http://resellerportal.bitdefender.com
http://resellerportal.bitdefender.com:8080
http://rmm-cw-client-api-plugin-intgr.dev.rmm.bitdefender.com
http://rmm-cw-client-api-plugin-uat.dev.rmm.bitdefender.com
http://rmm-cw-client-api-uat.dev.rmm.bitdefender.com
http://rmm-cw-rmm-api-plugin-intgr.dev.rmm.bitdefender.com
http://rmm-cw-rmm-api-plugin-uat.dev.rmm.bitdefender.com
http://rmm-cw-rmm-api-uat.dev.rmm.bitdefender.com
https://account.bitdefender.com
http://sales.bitdefender.com
https://alpha-central.bitdefender.com
http://sampleupload.bitdefender.com
https://anzpartnerportal.bitdefender.com
https://apex-us.bitdefender.com
https://api.customerzone.bitdefender.com
https://api.pan.bitdefender.com
https://api-stage.pan-stage.bitdefender.com
https://api.ti.bitdefender.com
https://api.tip.bitdefender.com
https://arca.bitdefender.com
https://attinsight.bitdefender.com
https://auth.mdr.bitdefender.com
https://auth.mdr.bitdefender.com:2083
https://auth.mdr.bitdefender.com:2087
https://auth.mdr.bitdefender.com:8443
https://auth.mdrt.bitdefender.com
https://auth.mdrt.bitdefender.com:2083
https://auth.mdrt.bitdefender.com:2087
https://auth.mdrt.bitdefender.com:8443
https://autodiscover.bitdefender.com
https://belt.orion.bitdefender.com
https://beta-account.bitdefender.com
https://beta.bitdefender.com
https://betacampaigns.bitdefender.com
https://beta-central.bitdefender.com
https://beta-central.bitdefender.com:8443
https://beta-checkout-sdk.bitdefender.com
https://beta-checkout-service.bitdefender.com
https://beta-login.bitdefender.com
https://beta-msp.bitdefender.com
https://bitadvisors.bitdefender.com
https://bitdefender.com
https://bitdefender-for-service-providers.bitdefender.com
https://brand.bitdefender.com
https://businessemail.bitdefender.com
https://businessemail.bitdefender.com:8443
https://businessinsights.bitdefender.com
https://businessinsights.bitdefender.com:2053
https://businessinsights.bitdefender.com:2083
https://businessinsights.bitdefender.com:2087
https://businessinsights.bitdefender.com:2096
https://businessinsights.bitdefender.com:8443
https://businessresources.bitdefender.com
https://businessresources.bitdefender.com:2053
https://businessresources.bitdefender.com:2083
https://businessresources.bitdefender.com:2087
https://businessresources.bitdefender.com:2096
https://businessresources.bitdefender.com:8443
https://buy.bitdefender.com
https://buy.bitdefender.com:10000
https://buy.bitdefender.com:1177
https://buy.bitdefender.com:1234
https://buy.bitdefender.com:1521
https://buy.bitdefender.com:1935
https://buy.bitdefender.com:2000
https://buy.bitdefender.com:20000
https://buy.bitdefender.com:2082
https://buy.bitdefender.com:2083
https://buy.bitdefender.com:2087
https://buy.bitdefender.com:2222
https://buy.bitdefender.com:2345
https://buy.bitdefender.com:25
https://buy.bitdefender.com:25001
https://buy.bitdefender.com:3000
https://buy.bitdefender.com:3001
https://buy.bitdefender.com:3299
https://buy.bitdefender.com:3389
https://buy.bitdefender.com:3790
https://buy.bitdefender.com:389
https://buy.bitdefender.com:4022
https://buy.bitdefender.com:4040
https://buy.bitdefender.com:444
https://buy.bitdefender.com:4443
https://buy.bitdefender.com:4500
https://buy.bitdefender.com:4567
https://buy.bitdefender.com:4911
https://buy.bitdefender.com:5000
https://buy.bitdefender.com:50000
https://buy.bitdefender.com:5001
https://buy.bitdefender.com:5005
https://buy.bitdefender.com:50050
https://buy.bitdefender.com:5006
https://buy.bitdefender.com:5010
https://buy.bitdefender.com:5222
https://buy.bitdefender.com:5269
https://buy.bitdefender.com:554
https://buy.bitdefender.com:5555
https://buy.bitdefender.com:5601
https://buy.bitdefender.com:5672
https://buy.bitdefender.com:5800
https://buy.bitdefender.com:587
https://buy.bitdefender.com:5900
https://buy.bitdefender.com:5901
https://buy.bitdefender.com:5985
https://buy.bitdefender.com:5986
https://buy.bitdefender.com:6000
https://buy.bitdefender.com:60001
https://buy.bitdefender.com:6001
https://buy.bitdefender.com:631
https://buy.bitdefender.com:636
https://buy.bitdefender.com:6443
https://buy.bitdefender.com:7001
https://buy.bitdefender.com:7071
https://buy.bitdefender.com:7171
https://buy.bitdefender.com:7443
https://buy.bitdefender.com:7474
https://buy.bitdefender.com:7777
https://buy.bitdefender.com:7779
https://buy.bitdefender.com:8001
https://buy.bitdefender.com:8008
https://buy.bitdefender.com:8009
https://buy.bitdefender.com:8010
https://buy.bitdefender.com:8060
https://buy.bitdefender.com:8069
https://buy.bitdefender.com:8081
https://buy.bitdefender.com:8083
https://buy.bitdefender.com:8086
https://buy.bitdefender.com:8090
https://buy.bitdefender.com:8098
https://buy.bitdefender.com:8099
https://buy.bitdefender.com:81
https://buy.bitdefender.com:8112
https://buy.bitdefender.com:8123
https://buy.bitdefender.com:8126
https://buy.bitdefender.com:8140
https://buy.bitdefender.com:8181
https://buy.bitdefender.com:82
https://buy.bitdefender.com:8200
https://buy.bitdefender.com:83
https://buy.bitdefender.com:84
https://buy.bitdefender.com:8443
https://buy.bitdefender.com:88
https://buy.bitdefender.com:8800
https://buy.bitdefender.com:8880
https://buy.bitdefender.com:8888
https://buy.bitdefender.com:8889
https://buy.bitdefender.com:9000
https://buy.bitdefender.com:9001
https://buy.bitdefender.com:9002
https://buy.bitdefender.com:9080
https://buy.bitdefender.com:9090
https://buy.bitdefender.com:9100
https://buy.bitdefender.com:9191
https://buy.bitdefender.com:9200
https://buy.bitdefender.com:9306
https://buy.bitdefender.com:9443
https://buy.bitdefender.com:9530
https://buy.bitdefender.com:9600
https://buy.bitdefender.com:9943
https://buy.bitdefender.com:9998
https://buy.bitdefender.com:9999
https://central-appdirect.bitdefender.com
https://central.bitdefender.com
https://central-eu.bitdefender.com
https://channel.bitdefender.com
https://cloud-ecs.gravityzone.bitdefender.com
https://cloud.gravityzone.bitdefender.com
https://cloudgz-ecs.gravityzone.bitdefender.com
https://cloudgz.gravityzone.bitdefender.com
https://cloudirl.gravityzone.bitdefender.com
https://community.bitdefender.com
https://countrypartners.bitdefender.com
https://csrtools-api.bitdefender.com
https://customerzone-api.bitdefender.com
https://customerzone.bitdefender.com
https://cwse-plugin-stg.dev.rmm.bitdefender.com
https://cwse-plugin-uat.dev.rmm.bitdefender.com
https://czt.bitdefender.com
https://deskpro-api.bitdefender.com
https://dev.swimlane.bitdefender.com
https://download.bitdefender.com
http://securityscan.bitdefender.com
https://edu.bitdefender.com
https://elearning.bitdefender.com
https://emc.services.bitdefender.com
https://enterprise.bitdefender.com
http://services-www.bitdefender.com
https://eu-lurker-input.gravityzone.bitdefender.com
https://eu-tc.gravityzone.bitdefender.com
https://explore.bitdefender.com
https://explore-lb.bitdefender.com
https://external-api.data.bitdefender.com
https://feeds.ti.bitdefender.com
https://feeds.tip.bitdefender.com
https://forum.bitdefender.com
https://go.bitdefender.com
https://gravityzone.bitdefender.com
https://gzevents-dev.dev.rmm.bitdefender.com
https://gzevents-uat.dev.rmm.bitdefender.com
https://gzevents.uat.rmm.bitdefender.com
https://gz-mobile.bitdefender.com:8443
http://share.bitdefender.com
http://share.bitdefender.com:2053
http://share.bitdefender.com:2083
http://share.bitdefender.com:2087
http://share.bitdefender.com:8080
http://share.bitdefender.com:8443
https://help.gravityzone.bitdefender.com
http://shop.bitdefender.com
https://hotforsecurity.bitdefender.com
https://ingestors-eu.bmdr.bitdefender.com
https://ingestors-us.bmdr.bitdefender.com
https://ipm.bitdefender.com
https://ipm-lb.bitdefender.com
https://labs.bitdefender.com
https://latin.bitdefender.com
https://linux.bitdefender.com
https://login.bitdefender.com
https://lv2.bitdefender.com
https://lv2-lb.bitdefender.com
https://mastercard.bitdefender.com
https://mdr.bitdefender.com
https://mdrt.bitdefender.com
http://smesec.bitdefender.com
https://metrics.bitdefender.com
https://misp-feed.bitdefender.com
https://mobicomapi.bitdefender.com
https://msp.bitdefender.com
https://myaccount.bitdefender.com
https://myaccount.bitdefender.com:2053
https://myaccount.bitdefender.com:2083
https://myaccount.bitdefender.com:2087
https://myaccount.bitdefender.com:8443
https://my.bitdefender.com
https://new.bitdefender.com
https://new.bitdefender.com:2053
https://new.bitdefender.com:2083
https://new.bitdefender.com:2087
https://new.bitdefender.com:8443
https://nmr.bitdefender.com
https://notification.bitdefender.com
http://snx.central.bitdefender.com
https://oemhub.bitdefender.com
https://oemhub.bitdefender.com:8443
https://oem-login.bitdefender.com
https://oemportal.bitdefender.com
https://oemresources.bitdefender.com
https://oemresources.bitdefender.com:8443
https://onboarding.gravityzone.bitdefender.com
https://order.bitdefender.com
https://orion.bitdefender.com
https://pan.bitdefender.com
https://pan-stage.bitdefender.com
https://parentaladvisor.bitdefender.com
https://partners.bitdefender.com
https://partners.elearning.bitdefender.com
https://partners-lb.bitdefender.com
https://pemobicomapi.bitdefender.com
https://psowncloud1.bitdefender.com
https://psowncloud2.bitdefender.com
https://push-hello.bitdefender.com
https://quickscan.bitdefender.com
https://ra.bitdefender.com
https://ra-eu.bitdefender.com
https://ra-us.bitdefender.com
https://rdprojects.bitdefender.com
https://remote.bitdefender.com
https://renewals.bitdefender.com
https://research.bitdefender.com
https://resellerportal.bitdefender.com
https://rmm-cw-client-api-plugin-intgr.dev.rmm.bitdefender.com
https://rmm-cw-client-api-plugin-uat.dev.rmm.bitdefender.com
https://rmm-cw-client-api-uat.dev.rmm.bitdefender.com
https://rmm-cw-rmm-api-plugin-intgr.dev.rmm.bitdefender.com
https://rmm-cw-rmm-api-plugin-uat.dev.rmm.bitdefender.com
https://rmm-cw-rmm-api-uat.dev.rmm.bitdefender.com
https://sales.bitdefender.com
https://sampleupload.bitdefender.com
https://sandbox-portal.gravityzone.bitdefender.com
https://sandbox-portal-us.gravityzone.bitdefender.com
https://securityscan.bitdefender.com
http://ssems.gravityzone.bitdefender.com
https://services-www.bitdefender.com
https://share.bitdefender.com
https://shop.bitdefender.com
https://ssems.gravityzone.bitdefender.com
https://sstats.bitdefender.com
https://stage-tcomapi.bitdefender.com
https://starget.bitdefender.com
https://static-hello.bitdefender.com
http://sstats.bitdefender.com
https://stats.bitdefender.com
https://store.bitdefender.com
https://submit.bitdefender.com
https://support.bitdefender.com
https://support-emc.services.bitdefender.com
https://survey.bitdefender.com
https://swimlane.bitdefender.com
http://stage.whitelisting.bitdefender.com
http://starget.bitdefender.com
http://static-hello.bitdefender.com
http://stats.bitdefender.com
https://taxii.ti.bitdefender.com
https://tcomapi.bitdefender.com
https://test.swimlane.bitdefender.com
https://test.swimlane.bitdefender.com:8443
https://threatmap.bitdefender.com
http://store.bitdefender.com
https://trafficlight.bitdefender.com
https://translate.bitdefender.com
http://submit.bitdefender.com
https://ugc.bitdefender.com
https://update.bitdefender.com
https://update-lb.bitdefender.com
https://upgrade.bitdefender.com
http://support.bitdefender.com
http://support.bitdefender.com:2083
http://support.bitdefender.com:2087
http://support.bitdefender.com:8443
http://support-emc.services.bitdefender.com
http://survey.bitdefender.com
https://us-lurker-input.gravityzone.bitdefender.com
https://us-tc.gravityzone.bitdefender.com
https://vsa-52-158-24-215.bitdefender.com
https://vsa-52-178-181-125.bitdefender.com
https://www.central.bitdefender.com
https://www.enterprise.bitdefender.com
https://www.gravityzone.bitdefender.com
https://www.mail.bitdefender.com
https://xmail.bitdefender.com
https://xmail-lb.bitdefender.com
http://taxii.ti.bitdefender.com
http://tcomapi.bitdefender.com
http://test.swimlane.bitdefender.com:8080
http://threatmap.bitdefender.com
http://trafficlight.bitdefender.com
http://translate.bitdefender.com
http://ugc.bitdefender.com
http://update.bitdefender.com
http://update-lb.bitdefender.com
http://upgrade.bitdefender.com
http://us-tc.gravityzone.bitdefender.com
http://view-download.bitdefender.com
http://whitelist.bitdefender.com
http://whitelisting.bitdefender.com
http://www.central.bitdefender.com
http://www.enterprise.bitdefender.com
http://www.gravityzone.bitdefender.com
http://www.mail.bitdefender.com
