http://arbitrum-node.blockwallet.io
http://arbitrum-node.blockwallet.io:2082
http://arbitrum-node.blockwallet.io:2083
http://arbitrum-node.blockwallet.io:2086
http://arbitrum-node.blockwallet.io:2087
http://arbitrum-node.blockwallet.io:8080
http://arbitrum-node.blockwallet.io:8443
http://arbitrum-node.blockwallet.io:8880
http://avax-node.blockwallet.io
http://avax-node.blockwallet.io:2082
http://avax-node.blockwallet.io:2083
http://avax-node.blockwallet.io:2086
http://avax-node.blockwallet.io:2087
http://avax-node.blockwallet.io:8080
http://avax-node.blockwallet.io:8443
http://avax-node.blockwallet.io:8880
http://blockwallet.io
http://blockwallet.io:2082
http://blockwallet.io:2083
http://blockwallet.io:2086
http://blockwallet.io:2087
http://blockwallet.io:8080
http://blockwallet.io:8443
http://blockwallet.io:8880
http://bsc-node.blockwallet.io
http://bsc-node.blockwallet.io:2052
http://bsc-node.blockwallet.io:2053
http://bsc-node.blockwallet.io:2082
http://bsc-node.blockwallet.io:2083
http://bsc-node.blockwallet.io:2086
http://bsc-node.blockwallet.io:2087
http://bsc-node.blockwallet.io:2095
http://bsc-node.blockwallet.io:2096
http://bsc-node.blockwallet.io:8443
http://bsc-node.blockwallet.io:8880
http://fantom-node.blockwallet.io
http://fantom-node.blockwallet.io:2052
http://fantom-node.blockwallet.io:2053
http://fantom-node.blockwallet.io:2082
http://fantom-node.blockwallet.io:2083
http://fantom-node.blockwallet.io:2086
http://fantom-node.blockwallet.io:2087
http://fantom-node.blockwallet.io:2095
http://fantom-node.blockwallet.io:2096
http://fantom-node.blockwallet.io:8443
http://fantom-node.blockwallet.io:8880
http://feedback.blockwallet.io
http://goerli-node.blockwallet.io
http://goerli-node.blockwallet.io:2082
http://goerli-node.blockwallet.io:2083
http://goerli-node.blockwallet.io:2086
http://goerli-node.blockwallet.io:2087
http://goerli-node.blockwallet.io:8080
http://goerli-node.blockwallet.io:8443
http://goerli-node.blockwallet.io:8880
http://goerli-relayer.blockwallet.io
http://goerli-relayer.blockwallet.io:2052
http://goerli-relayer.blockwallet.io:2053
http://goerli-relayer.blockwallet.io:2082
http://goerli-relayer.blockwallet.io:2083
http://goerli-relayer.blockwallet.io:2086
http://goerli-relayer.blockwallet.io:2087
http://goerli-relayer.blockwallet.io:2095
http://goerli-relayer.blockwallet.io:2096
http://goerli-relayer.blockwallet.io:8443
http://goerli-relayer.blockwallet.io:8880
http://help.blockwallet.io
http://help.blockwallet.io:2053
http://help.blockwallet.io:2083
http://help.blockwallet.io:2087
http://help.blockwallet.io:2096
http://help.blockwallet.io:8443
http://kovan-node.blockwallet.io
http://kovan-node.blockwallet.io:2052
http://kovan-node.blockwallet.io:2053
http://kovan-node.blockwallet.io:2082
http://kovan-node.blockwallet.io:2083
http://kovan-node.blockwallet.io:2086
http://kovan-node.blockwallet.io:2087
http://kovan-node.blockwallet.io:2095
http://kovan-node.blockwallet.io:2096
http://kovan-node.blockwallet.io:8443
http://kovan-node.blockwallet.io:8880
http://mainnet-node.blockwallet.io
http://mainnet-node.blockwallet.io:2052
http://mainnet-node.blockwallet.io:2053
http://mainnet-node.blockwallet.io:2082
http://mainnet-node.blockwallet.io:2083
http://mainnet-node.blockwallet.io:2086
http://mainnet-node.blockwallet.io:2087
http://mainnet-node.blockwallet.io:2095
http://mainnet-node.blockwallet.io:2096
http://mainnet-node.blockwallet.io:8443
http://mainnet-node.blockwallet.io:8880
http://mainnet-relayer.blockwallet.io
http://mainnet-relayer.blockwallet.io:2052
http://mainnet-relayer.blockwallet.io:2053
http://mainnet-relayer.blockwallet.io:2082
http://mainnet-relayer.blockwallet.io:2083
http://mainnet-relayer.blockwallet.io:2086
http://mainnet-relayer.blockwallet.io:2087
http://mainnet-relayer.blockwallet.io:2095
http://mainnet-relayer.blockwallet.io:2096
http://mainnet-relayer.blockwallet.io:8880
http://optimism-node.blockwallet.io
http://optimism-node.blockwallet.io:2052
http://optimism-node.blockwallet.io:2083
http://optimism-node.blockwallet.io:2086
http://optimism-node.blockwallet.io:2087
http://optimism-node.blockwallet.io:8080
http://optimism-node.blockwallet.io:8443
http://optimism-node.blockwallet.io:8880
http://polygon-node.blockwallet.io
http://polygon-node.blockwallet.io:2082
http://polygon-node.blockwallet.io:2083
http://polygon-node.blockwallet.io:2086
http://polygon-node.blockwallet.io:2087
http://polygon-node.blockwallet.io:8080
http://polygon-node.blockwallet.io:8443
http://polygon-node.blockwallet.io:8880
http://releases.blockwallet.io
http://releases.blockwallet.io:2082
http://releases.blockwallet.io:2083
http://releases.blockwallet.io:2086
http://releases.blockwallet.io:2087
http://releases.blockwallet.io:8080
http://releases.blockwallet.io:8443
http://releases.blockwallet.io:8880
http://rinkeby-node.blockwallet.io
http://rinkeby-node.blockwallet.io:2052
http://rinkeby-node.blockwallet.io:2083
http://rinkeby-node.blockwallet.io:2086
http://rinkeby-node.blockwallet.io:2087
http://rinkeby-node.blockwallet.io:8080
http://rinkeby-node.blockwallet.io:8443
http://rinkeby-node.blockwallet.io:8880
http://ropsten-node.blockwallet.io
http://ropsten-node.blockwallet.io:2052
http://ropsten-node.blockwallet.io:2083
http://ropsten-node.blockwallet.io:2086
http://ropsten-node.blockwallet.io:2087
http://ropsten-node.blockwallet.io:8080
http://ropsten-node.blockwallet.io:8443
http://ropsten-node.blockwallet.io:8880
https://arbitrum-node.blockwallet.io
https://avax-node.blockwallet.io
https://blockwallet.io
https://bsc-node.blockwallet.io
https://fantom-node.blockwallet.io
https://feedback.blockwallet.io
https://goerli-node.blockwallet.io
https://goerli-relayer.blockwallet.io
https://help.blockwallet.io
https://kovan-node.blockwallet.io
https://mainnet-node.blockwallet.io
https://mainnet-relayer.blockwallet.io
https://mainnet-relayer.blockwallet.io:8443
https://optimism-node.blockwallet.io
https://polygon-node.blockwallet.io
https://releases.blockwallet.io
https://rinkeby-node.blockwallet.io
https://ropsten-node.blockwallet.io
https://www.blockwallet.io
https://www.blockwallet.io:2053
https://www.blockwallet.io:2083
https://www.blockwallet.io:2087
https://www.blockwallet.io:2096
https://www.blockwallet.io:8443
https://xdai-node.blockwallet.io
http://www.blockwallet.io
http://www.blockwallet.io:2052
http://www.blockwallet.io:2082
http://www.blockwallet.io:2086
http://www.blockwallet.io:2095
http://www.blockwallet.io:8880
http://xdai-node.blockwallet.io
http://xdai-node.blockwallet.io:2082
http://xdai-node.blockwallet.io:2083
http://xdai-node.blockwallet.io:2086
http://xdai-node.blockwallet.io:2087
http://xdai-node.blockwallet.io:8080
http://xdai-node.blockwallet.io:8443
http://xdai-node.blockwallet.io:8880
