http://apeswap2.bogged.finance
http://apeswap2.bogged.finance:2082
http://apeswap2.bogged.finance:8080
http://apeswap2.bogged.finance:8880
http://apeswap.bogged.finance
http://apeswap.bogged.finance:2082
http://apeswap.bogged.finance:2086
http://apeswap.bogged.finance:8080
http://apeswap.bogged.finance:8880
http://api.bogged.finance
http://api.bogged.finance:2082
http://api.bogged.finance:2086
http://api.bogged.finance:8080
http://api.bogged.finance:8880
http://app.bogged.finance
http://app.bogged.finance:2086
http://app.bogged.finance:2095
http://app.bogged.finance:8080
http://app.bogged.finance:8880
http://arg.bogged.finance
http://arg.bogged.finance:2086
http://arg.bogged.finance:2095
http://arg.bogged.finance:8080
http://arg.bogged.finance:8880
http://beta.bogged.finance
http://beta.bogged.finance:2086
http://beta.bogged.finance:2095
http://beta.bogged.finance:8080
http://beta.bogged.finance:8880
http://bogged.finance
http://bogged.finance:2082
http://bogged.finance:8080
http://bogged.finance:8880
http://c2.bogged.finance
http://c2.bogged.finance:2082
http://c2.bogged.finance:8080
http://c2.bogged.finance:8880
http://cache2.bogged.finance
http://cache2.bogged.finance:2082
http://cache2.bogged.finance:2086
http://cache2.bogged.finance:8080
http://cache2.bogged.finance:8880
http://cache.bogged.finance
http://cache.bogged.finance:2086
http://cache.bogged.finance:2095
http://cache.bogged.finance:8080
http://cache.bogged.finance:8880
http://cdn.bogged.finance
http://cdn.bogged.finance:2082
http://cdn.bogged.finance:8080
http://cdn.bogged.finance:8880
http://cdn-sminem.bogged.finance
http://cdn-sminem.bogged.finance:2082
http://cdn-sminem.bogged.finance:8080
http://cdn-sminem.bogged.finance:8880
http://charts.bogged.finance
http://charts.bogged.finance:2082
http://charts.bogged.finance:2086
http://charts.bogged.finance:8080
http://charts.bogged.finance:8880
http://dev2.bogged.finance
http://dev2.bogged.finance:2082
http://dev2.bogged.finance:8080
http://dev2.bogged.finance:8880
http://dev.bogged.finance
http://dev.bogged.finance:2082
http://dev.bogged.finance:8080
http://dev.bogged.finance:8880
http://devcharts.bogged.finance
http://devcharts.bogged.finance:2086
http://devcharts.bogged.finance:2095
http://devcharts.bogged.finance:8080
http://devcharts.bogged.finance:8880
http://docs.bogged.finance
http://docs.bogged.finance:2082
http://docs.bogged.finance:2086
http://docs.bogged.finance:8080
http://docs.bogged.finance:8880
http://embed.bogged.finance
http://embed.bogged.finance:2082
http://embed.bogged.finance:2086
http://embed.bogged.finance:8080
http://embed.bogged.finance:8880
http://help.bogged.finance
http://help.bogged.finance:2082
http://help.bogged.finance:8080
http://help.bogged.finance:8880
http://promo.bogged.finance
http://promo.bogged.finance:2082
http://promo.bogged.finance:8080
http://promo.bogged.finance:8880
https://apeswap2.bogged.finance
https://apeswap2.bogged.finance:2083
https://apeswap2.bogged.finance:2087
https://apeswap2.bogged.finance:8443
https://apeswap.bogged.finance
https://apeswap.bogged.finance:2053
https://apeswap.bogged.finance:2083
https://apeswap.bogged.finance:2087
https://apeswap.bogged.finance:2096
https://apeswap.bogged.finance:8443
https://api.bogged.finance
https://api.bogged.finance:2053
https://api.bogged.finance:2083
https://api.bogged.finance:2087
https://api.bogged.finance:2096
https://api.bogged.finance:8443
https://app.bogged.finance
https://app.bogged.finance:2053
https://app.bogged.finance:2087
https://app.bogged.finance:8443
https://arg.bogged.finance
https://arg.bogged.finance:2053
https://arg.bogged.finance:2087
https://arg.bogged.finance:8443
https://beta.bogged.finance
https://beta.bogged.finance:2053
https://beta.bogged.finance:2087
https://beta.bogged.finance:8443
https://bogged.finance
https://bogged.finance:2083
https://bogged.finance:2087
https://bogged.finance:8443
https://c2.bogged.finance
https://c2.bogged.finance:2083
https://c2.bogged.finance:2087
https://c2.bogged.finance:8443
https://cache2.bogged.finance
https://cache2.bogged.finance:2053
https://cache2.bogged.finance:2083
https://cache2.bogged.finance:2087
https://cache2.bogged.finance:2096
https://cache2.bogged.finance:8443
https://cache.bogged.finance
https://cache.bogged.finance:2053
https://cache.bogged.finance:2087
https://cache.bogged.finance:8443
https://cdn.bogged.finance
https://cdn.bogged.finance:2083
https://cdn.bogged.finance:2087
https://cdn.bogged.finance:8443
https://cdn-sminem.bogged.finance
https://cdn-sminem.bogged.finance:2083
https://cdn-sminem.bogged.finance:2087
https://cdn-sminem.bogged.finance:8443
https://charts.bogged.finance
https://charts.bogged.finance:2053
https://charts.bogged.finance:2083
https://charts.bogged.finance:2087
https://charts.bogged.finance:2096
https://charts.bogged.finance:8443
https://dev2.bogged.finance
https://dev2.bogged.finance:2083
https://dev2.bogged.finance:2087
https://dev2.bogged.finance:8443
https://dev.bogged.finance
https://dev.bogged.finance:2083
https://dev.bogged.finance:2087
https://dev.bogged.finance:8443
https://devcharts.bogged.finance
https://devcharts.bogged.finance:2053
https://devcharts.bogged.finance:2087
https://devcharts.bogged.finance:8443
https://docs.bogged.finance
https://docs.bogged.finance:2083
https://docs.bogged.finance:2087
https://docs.bogged.finance:8443
https://embed.bogged.finance
https://embed.bogged.finance:2053
https://embed.bogged.finance:2083
https://embed.bogged.finance:2087
https://embed.bogged.finance:2096
https://embed.bogged.finance:8443
https://help.bogged.finance
https://help.bogged.finance:2083
https://help.bogged.finance:2087
https://help.bogged.finance:8443
https://promo.bogged.finance
https://promo.bogged.finance:2083
https://promo.bogged.finance:2087
https://promo.bogged.finance:8443
https://static.bogged.finance
https://static.bogged.finance:2053
https://static.bogged.finance:2087
https://static.bogged.finance:8443
https://stats.bogged.finance
https://stats.bogged.finance:2053
https://stats.bogged.finance:2087
https://stats.bogged.finance:8443
https://status.bogged.finance
http://static.bogged.finance
http://static.bogged.finance:2086
http://static.bogged.finance:2095
http://static.bogged.finance:8080
http://static.bogged.finance:8880
http://stats.bogged.finance
http://stats.bogged.finance:2086
http://stats.bogged.finance:2095
http://stats.bogged.finance:8080
http://stats.bogged.finance:8880
http://status.bogged.finance
https://teams.bogged.finance
https://teams.bogged.finance:2083
https://teams.bogged.finance:2087
https://teams.bogged.finance:8443
https://tg.bogged.finance
https://tg.bogged.finance:2083
https://tg.bogged.finance:2087
https://tg.bogged.finance:8443
https://tgbot.bogged.finance
https://tokens.bogged.finance
https://tokens.bogged.finance:2053
https://tokens.bogged.finance:2083
https://tokens.bogged.finance:2087
https://tokens.bogged.finance:2096
https://tokens.bogged.finance:8443
https://track.bogged.finance
https://track.bogged.finance:2053
https://track.bogged.finance:2083
https://track.bogged.finance:2087
https://track.bogged.finance:8443
https://www.bogged.finance
https://www.bogged.finance:2083
https://www.bogged.finance:2087
https://www.bogged.finance:8443
http://teams.bogged.finance
http://teams.bogged.finance:2082
http://teams.bogged.finance:8080
http://teams.bogged.finance:8880
http://tg.bogged.finance
http://tg.bogged.finance:2082
http://tg.bogged.finance:8080
http://tg.bogged.finance:8880
http://tgbot.bogged.finance
http://tokens.bogged.finance
http://tokens.bogged.finance:2082
http://tokens.bogged.finance:2086
http://tokens.bogged.finance:8080
http://tokens.bogged.finance:8880
http://track.bogged.finance
http://track.bogged.finance:2082
http://track.bogged.finance:8080
http://www.bogged.finance
http://www.bogged.finance:2082
http://www.bogged.finance:8080
http://www.bogged.finance:8880
