http://adventurebunny.bunnypark.com
http://adventurebunny.bunnypark.com:2082
http://adventurebunny.bunnypark.com:2095
http://adventurebunny.bunnypark.com:8080
http://adventurebunny.bunnypark.com:8880
http://api.bunnypark.com
http://api.bunnypark.com:2052
http://api.bunnypark.com:2082
http://api.bunnypark.com:2083
http://api.bunnypark.com:2086
http://api.bunnypark.com:2087
http://api.bunnypark.com:8080
http://api.bunnypark.com:8443
http://api.bunnypark.com:8880
http://autodiscover.bunnypark.com
http://bunny.bunnypark.com
http://bunny.bunnypark.com:2082
http://bunny.bunnypark.com:2095
http://bunny.bunnypark.com:8080
http://bunny.bunnypark.com:8880
http://bunnypark.com
http://bunnypark.com:2052
http://bunnypark.com:2082
http://bunnypark.com:2086
http://bunnypark.com:8080
http://bunnypark.com:8880
http://datasink.bunnypark.com
http://datasink.bunnypark.com:2052
http://datasink.bunnypark.com:2082
http://datasink.bunnypark.com:2083
http://datasink.bunnypark.com:2086
http://datasink.bunnypark.com:2087
http://datasink.bunnypark.com:8080
http://datasink.bunnypark.com:8443
http://datasink.bunnypark.com:8880
http://docs.bunnypark.com
http://docs.bunnypark.com:2082
http://docs.bunnypark.com:2083
http://docs.bunnypark.com:2087
http://docs.bunnypark.com:2095
http://docs.bunnypark.com:2096
http://docs.bunnypark.com:8080
http://docs.bunnypark.com:8443
http://docs.bunnypark.com:8880
http://mobile.bunnypark.com
http://mobile.bunnypark.com:2052
http://mobile.bunnypark.com:2082
http://mobile.bunnypark.com:2086
http://mobile.bunnypark.com:8080
http://mobile.bunnypark.com:8880
https://adventurebunny.bunnypark.com
https://adventurebunny.bunnypark.com:2083
https://adventurebunny.bunnypark.com:2087
https://adventurebunny.bunnypark.com:2096
https://adventurebunny.bunnypark.com:8443
https://api.bunnypark.com
https://bunny.bunnypark.com
https://bunny.bunnypark.com:2083
https://bunny.bunnypark.com:2087
https://bunny.bunnypark.com:2096
https://bunny.bunnypark.com:8443
https://bunnypark.com
https://bunnypark.com:2083
https://bunnypark.com:2087
https://bunnypark.com:8443
https://docs.bunnypark.com
https://mobile.bunnypark.com
https://mobile.bunnypark.com:2083
https://mobile.bunnypark.com:2087
https://mobile.bunnypark.com:8443
https://static.bunnypark.com
https://static.bunnypark.com:2083
https://static.bunnypark.com:2087
https://static.bunnypark.com:2096
https://static.bunnypark.com:8443
https://swap.bunnypark.com
https://swap.bunnypark.com:2083
https://swap.bunnypark.com:2087
https://swap.bunnypark.com:8443
http://static.bunnypark.com
http://static.bunnypark.com:2082
http://static.bunnypark.com:2095
http://static.bunnypark.com:8080
http://static.bunnypark.com:8880
http://swap.bunnypark.com
http://swap.bunnypark.com:2052
http://swap.bunnypark.com:2082
http://swap.bunnypark.com:2086
http://swap.bunnypark.com:8080
http://swap.bunnypark.com:8880
https://www.bunnypark.com
https://www.bunnypark.com:2083
https://www.bunnypark.com:2087
https://www.bunnypark.com:8443
http://www.bunnypark.com
http://www.bunnypark.com:2052
http://www.bunnypark.com:2082
http://www.bunnypark.com:2086
http://www.bunnypark.com:8080
http://www.bunnypark.com:8880
