http://apps.canva-apps.cn
http://apps.canva-apps.cn:2082
http://apps.canva-apps.cn:2086
http://apps.canva-apps.cn:8080
http://apps.canva-apps.cn:8880
http://blog.canva-apps.cn
http://blog.canva-apps.cn:2082
http://blog.canva-apps.cn:2086
http://blog.canva-apps.cn:8080
http://blog.canva-apps.cn:8880
http://canva-apps.cn
http://canva-apps.cn:2082
http://canva-apps.cn:2083
http://canva-apps.cn:2086
http://canva-apps.cn:2087
http://canva-apps.cn:8080
http://canva-apps.cn:8443
http://contentapp.canva-apps.cn
http://contentapp.canva-apps.cn:2082
http://contentapp.canva-apps.cn:2086
http://contentapp.canva-apps.cn:2095
http://contentapp.canva-apps.cn:8080
http://contentapp.canva-apps.cn:8880
https://apps.canva-apps.cn
https://apps.canva-apps.cn:2083
https://apps.canva-apps.cn:2087
https://apps.canva-apps.cn:8443
https://blog.canva-apps.cn
https://blog.canva-apps.cn:2083
https://blog.canva-apps.cn:2087
https://blog.canva-apps.cn:8443
https://canva-apps.cn
https://contentapp.canva-apps.cn
https://contentapp.canva-apps.cn:2083
https://contentapp.canva-apps.cn:2087
https://contentapp.canva-apps.cn:8443
https://webmail.canva-apps.cn
https://www.canva-apps.cn
http://webmail.canva-apps.cn
http://www.canva-apps.cn
http://www.canva-apps.cn:2082
http://www.canva-apps.cn:2083
http://www.canva-apps.cn:2087
http://www.canva-apps.cn:8080
http://www.canva-apps.cn:8443
