http://app.poker.cartesi.io
http://beta.explorer.cartesi.io
http://blog.cartesi.io
http://cartesi.io
http://creepts.cartesi.io
http://dl.cartesi.io
http://docs.cartesi.io
http://eth.cartesi.io
http://eth.cartesi.io:2052
http://eth.cartesi.io:2082
http://eth.cartesi.io:2086
http://eth.cartesi.io:8880
http://explorer.cartesi.io
http://faucet.poker.cartesi.io
http://poker.cartesi.io
http://preview.cartesi.io
http://preview.docs.cartesi.io
http://preview.explorer.cartesi.io
http://preview.unleash.cartesi.io
https://app.poker.cartesi.io
https://beta.explorer.cartesi.io
https://cartesi.io
https://creepts.cartesi.io
https://dl.cartesi.io
https://docs.cartesi.io
https://eth.cartesi.io
https://eth.cartesi.io:2083
https://explorer.cartesi.io
https://faucet.poker.cartesi.io
https://poker.cartesi.io
https://preview.cartesi.io
https://preview.docs.cartesi.io
https://preview.explorer.cartesi.io
https://preview.unleash.cartesi.io
https://status.cartesi.io
https://strapi.cartesi.io
https://subgraph.staging.cartesi.io
http://status.cartesi.io
https://thegraph.cartesi.io
https://thegraph.staging.cartesi.io
https://tinygraphs.cartesi.io
http://strapi.cartesi.io
http://subgraph.staging.cartesi.io
https://unleash.cartesi.io
https://www.cartesi.io
http://thegraph.cartesi.io
http://thegraph.staging.cartesi.io
http://tinygraphs.cartesi.io
http://unleash.cartesi.io
http://www.cartesi.io
