http://blog.celer.network
http://blog-cn.celer.network
http://cbridge-analytics.celer.network
http://cbridge.celer.network
http://cbridge-docs.celer.network
http://cbridge-docs.celer.network:2082
http://cbridge-docs.celer.network:2086
http://cbridge-docs.celer.network:8080
http://cbridge-docs.celer.network:8880
http://cbridge-partner-testnet.celer.network
http://cbridge-pre-upgrade.celer.network
http://cbridge-v1.celer.network
http://cbridge-v1-legacy.celer.network
http://celer.network
http://explorer.celer.network
http://forum.celer.network
http://im-docs.celer.network
http://im-docs.celer.network:2082
http://im-docs.celer.network:2086
http://im-docs.celer.network:8080
http://im-docs.celer.network:8880
https://blog-cn.celer.network
https://cbridge-analytics.celer.network
https://cbridge.celer.network
https://cbridge-docs.celer.network
https://cbridge-docs.celer.network:2083
https://cbridge-docs.celer.network:2087
https://cbridge-docs.celer.network:8443
https://cbridge-partner-testnet.celer.network
https://cbridge-pre-upgrade.celer.network
https://cbridge-prod2.celer.network
https://cbridge-v1.celer.network
https://cbridge-v1-legacy.celer.network
https://cbridge-v2-prod.celer.network
https://celer.network
https://explorer.celer.network
https://forum.celer.network
http://sgn.celer.network
http://sgn-partner-testnet.celer.network
http://sgn-v1.celer.network
https://im-docs.celer.network
https://im-docs.celer.network:2053
https://im-docs.celer.network:2083
https://im-docs.celer.network:2087
https://im-docs.celer.network:8443
https://sgn.celer.network
https://sgn-partner-testnet.celer.network
https://sgn-v1.celer.network
https://terra-test-cbridge.celer.network
https://test-bas-bridge.celer.network
https://test-cbridge-v2.celer.network
https://www.blog.celer.network
https://www.blog-cn.celer.network
https://www.celer.network
http://terra-test-cbridge.celer.network
http://test-bas-bridge.celer.network
http://test-cbridge-v2.celer.network
http://www.blog.celer.network
http://www.blog-cn.celer.network
http://www.celer.network
