http://1997.sequence.chain.com
http://api.chain.com
http://api.chain.com:2052
http://api.chain.com:2082
http://api.chain.com:8080
http://blog.chain.com
http://bridge.chain.com
http://bridge.chain.com:2053
http://bridge.chain.com:2082
http://bridge.chain.com:2083
http://bridge.chain.com:2086
http://bridge.chain.com:8080
http://bridge.chain.com:8443
http://bridge.chain.com:8880
http://chain.com
http://chain.com:2053
http://chain.com:2082
http://chain.com:2083
http://chain.com:2086
http://chain.com:8080
http://chain.com:8880
http://dashboard.chain.com
http://dashboard.chain.com:2082
http://dashboard.chain.com:2086
http://dashboard.chain.com:8080
http://dashboard.chain.com:8880
http://discord.chain.com
http://discord.chain.com:2082
http://discord.chain.com:2086
http://discord.chain.com:8080
http://discord.chain.com:8880
http://docs.chain.com
http://docs.chain.com:2052
http://docs.chain.com:2082
http://docs.chain.com:2083
http://docs.chain.com:2087
http://docs.chain.com:8080
http://docs.chain.com:8443
http://forum.chain.com
http://forum.chain.com:2082
http://forum.chain.com:2086
http://forum.chain.com:8080
http://forum.chain.com:8880
http://gov.chain.com
http://gov.chain.com:2082
http://gov.chain.com:2086
http://gov.chain.com:2087
http://gov.chain.com:8080
http://gov.chain.com:8443
http://gov.chain.com:8880
http://polls.chain.com
http://polls.chain.com:8082
http://polls.chain.com:8084
http://polls.chain.com:8085
http://prime.chain.com
https://1997.sequence.chain.com
https://api.chain.com
https://api.chain.com:2083
https://api.chain.com:2087
https://api.chain.com:8443
https://blog.chain.com
https://bridge.chain.com
https://chain.com
https://chain.com:8443
https://dashboard.chain.com
https://dashboard.chain.com:2053
https://dashboard.chain.com:2083
https://dashboard.chain.com:8443
https://discord.chain.com
https://discord.chain.com:2087
https://discord.chain.com:8443
https://docs.chain.com
http://sequence.chain.com
http://sequence.chain.com:2082
http://sequence.chain.com:2086
http://sequence.chain.com:8080
http://sequence.chain.com:8880
http://sequence.sequence.chain.com
https://forum.chain.com
https://forum.chain.com:2053
https://forum.chain.com:2083
https://forum.chain.com:8443
https://gov.chain.com
https://polls.chain.com
https://polls.chain.com:1935
https://prime.chain.com
https://sequence.chain.com
https://sequence.chain.com:2053
https://sequence.chain.com:2083
https://sequence.chain.com:8443
https://sequence.sequence.chain.com
https://www.chain.com
http://www.chain.com
http://www.chain.com:2053
http://www.chain.com:2082
http://www.chain.com:2083
http://www.chain.com:2086
http://www.chain.com:8080
http://www.chain.com:8443
http://www.chain.com:8880
