http://api.civfund.org
http://api.civfund.org:2083
http://api.civfund.org:2087
http://api.civfund.org:8443
http://app.civfund.org
http://app.civfund.org:2087
http://civfund.org
http://civfund.org:2082
http://civfund.org:2083
http://civfund.org:2086
http://civfund.org:2087
http://civfund.org:8080
http://civfund.org:8443
http://civfund.org:8880
http://dao.civfund.org
http://dao.civfund.org:2082
http://dao.civfund.org:2083
http://dao.civfund.org:2086
http://dao.civfund.org:2087
http://dao.civfund.org:2095
http://dao.civfund.org:8080
http://dao.civfund.org:8443
http://dao.civfund.org:8880
http://dev-api.civfund.org
http://dev-api.civfund.org:2083
http://dev-api.civfund.org:2087
http://dev-api.civfund.org:8443
http://dev-app.civfund.org
http://dev-app.civfund.org:2083
http://dev-app.civfund.org:2087
http://dev-app.civfund.org:8443
http://dev.civfund.org
http://docs.civfund.org
http://docs.civfund.org:2082
http://docs.civfund.org:2086
http://docs.civfund.org:8080
http://docs.civfund.org:8880
http://link.civfund.org
http://link.civfund.org:2083
http://link.civfund.org:2087
http://link.civfund.org:8443
http://mta-sts.app.civfund.org
http://mta-sts.newsletter.civfund.org
http://news.civfund.org
http://news.civfund.org:2082
http://news.civfund.org:2083
http://news.civfund.org:2086
http://news.civfund.org:2087
http://news.civfund.org:2095
http://news.civfund.org:8080
http://news.civfund.org:8443
http://news.civfund.org:8880
http://newsletter.civfund.org
http://newsletter.civfund.org:2083
http://newsletter.civfund.org:2087
http://newsletter.civfund.org:8080
http://newsletter.civfund.org:8443
http://nftgame.civfund.org
http://nftgame.civfund.org:2082
http://nftgame.civfund.org:2086
http://nftgame.civfund.org:2087
http://nftgame.civfund.org:8080
http://nftgame.civfund.org:8443
http://nftgame.civfund.org:8880
https://api.civfund.org
https://app.civfund.org
https://app.civfund.org:2083
https://app.civfund.org:8443
https://civfund.org
https://dao.civfund.org
https://dev-api.civfund.org
https://dev-app.civfund.org
https://dev.civfund.org
https://docs.civfund.org
https://docs.civfund.org:2083
https://docs.civfund.org:2087
https://docs.civfund.org:8443
https://link.civfund.org
https://mta-sts.app.civfund.org
https://mta-sts.newsletter.civfund.org
https://news.civfund.org
https://newsletter.civfund.org
https://nftgame.civfund.org
https://nftgame.civfund.org:2083
https://staging.civfund.org
http://staging.civfund.org
http://staging.civfund.org:2083
http://staging.civfund.org:2087
http://staging.civfund.org:8443
https://website2022.civfund.org
https://www.civfund.org
http://website2022.civfund.org
http://www.civfund.org
http://www.civfund.org:2083
http://www.civfund.org:2087
http://www.civfund.org:8080
http://www.civfund.org:8443
