http://arena.coinflex.com
http://arena.coinflex.com:2052
http://arena.coinflex.com:2082
http://arena.coinflex.com:2086
http://arena.coinflex.com:2095
http://arena.coinflex.com:8080
http://arena.coinflex.com:8880
http://careers.coinflex.com
http://careers.coinflex.com:2086
http://careers.coinflex.com:8880
http://cdnm.coinflex.com
http://coinflex.com
http://coinflex.com:2086
http://coinflex.com:8880
http://docs.coinflex.com
http://docs.coinflex.com:2083
http://docs.coinflex.com:2086
http://docs.coinflex.com:2096
http://docs.coinflex.com:8443
http://docs.coinflex.com:8880
http://options.coinflex.com
http://options.coinflex.com:2086
http://options.coinflex.com:8880
http://portal.coinflex.com
http://portal.coinflex.com:2086
http://portal.coinflex.com:8880
http://prodmb.coinflex.com
http://prodmb.coinflex.com:2086
http://prodmb.coinflex.com:8080
http://prodmb.coinflex.com:8880
http://risk.coinflex.com
http://risk.coinflex.com:2086
http://risk.coinflex.com:8880
https://arena.coinflex.com
https://arena.coinflex.com:2053
https://arena.coinflex.com:2083
https://arena.coinflex.com:2087
https://arena.coinflex.com:2096
https://arena.coinflex.com:8443
https://careers.coinflex.com
https://careers.coinflex.com:2083
https://careers.coinflex.com:2087
https://careers.coinflex.com:2096
https://careers.coinflex.com:8443
https://cdnm.coinflex.com
https://coinflex.com
https://coinflex.com:2083
https://coinflex.com:2087
https://coinflex.com:2096
https://coinflex.com:8443
https://docs.coinflex.com
https://docs.coinflex.com:2087
http://shop.coinflex.com
http://shop.coinflex.com:2083
http://shop.coinflex.com:2086
http://shop.coinflex.com:2087
http://shop.coinflex.com:8080
http://shop.coinflex.com:8443
http://shop.coinflex.com:8880
https://livechat.coinflex.com
https://options.coinflex.com
https://options.coinflex.com:2083
https://options.coinflex.com:2087
https://options.coinflex.com:2096
https://options.coinflex.com:8443
https://portal.coinflex.com
https://portal.coinflex.com:2083
https://portal.coinflex.com:2087
https://portal.coinflex.com:2096
https://portal.coinflex.com:8443
https://prodmb.coinflex.com
https://prodmb.coinflex.com:2083
https://prodmb.coinflex.com:2087
https://prodmb.coinflex.com:8443
https://risk.coinflex.com
https://risk.coinflex.com:2083
https://risk.coinflex.com:2087
https://risk.coinflex.com:2096
https://risk.coinflex.com:8443
https://shop.coinflex.com
https://v2api.coinflex.com
https://v2build.coinflex.com
https://v2build.coinflex.com:2083
https://v2build.coinflex.com:2087
https://v2build.coinflex.com:8443
https://v2cfa.coinflex.com
https://v2cfa.coinflex.com:2083
https://v2cfa.coinflex.com:2087
https://v2cfa.coinflex.com:2096
https://v2cfa.coinflex.com:8443
https://v2metrics.coinflex.com
https://v2metrics.coinflex.com:2083
https://v2metrics.coinflex.com:2087
https://v2metrics.coinflex.com:2096
https://v2metrics.coinflex.com:8443
https://v2ppapi.coinflex.com
https://v2ppapi.coinflex.com:2083
https://v2ppapi.coinflex.com:2087
https://v2ppapi.coinflex.com:2096
https://v2ppapi.coinflex.com:8443
https://v2pp.coinflex.com
https://v2pp.coinflex.com:2083
https://v2pp.coinflex.com:2087
https://v2pp.coinflex.com:2096
https://v2pp.coinflex.com:8443
https://v2stgapi.coinflex.com
https://v2stgcfa.coinflex.com
https://v2stgcfa.coinflex.com:2083
https://v2stgcfa.coinflex.com:2087
https://v2stgcfa.coinflex.com:2096
https://v2stgcfa.coinflex.com:8443
https://v2stg.coinflex.com
https://v2stg.coinflex.com:2083
https://v2stg.coinflex.com:2087
https://v2stg.coinflex.com:8443
https://www.coinflex.com
https://www.coinflex.com:2083
https://www.coinflex.com:2087
https://www.coinflex.com:2096
https://www.coinflex.com:8443
http://v2api.coinflex.com
http://v2api.coinflex.com:2083
http://v2api.coinflex.com:2086
http://v2api.coinflex.com:2087
http://v2api.coinflex.com:8080
http://v2api.coinflex.com:8443
http://v2api.coinflex.com:8880
http://v2build.coinflex.com
http://v2build.coinflex.com:2086
http://v2build.coinflex.com:8080
http://v2build.coinflex.com:8880
http://v2cfa.coinflex.com
http://v2cfa.coinflex.com:2086
http://v2cfa.coinflex.com:8880
http://v2metrics.coinflex.com
http://v2metrics.coinflex.com:2086
http://v2metrics.coinflex.com:8880
http://v2ppapi.coinflex.com
http://v2ppapi.coinflex.com:2086
http://v2ppapi.coinflex.com:8880
http://v2pp.coinflex.com
http://v2pp.coinflex.com:2086
http://v2pp.coinflex.com:8880
http://v2stgapi.coinflex.com
http://v2stgapi.coinflex.com:2083
http://v2stgapi.coinflex.com:2086
http://v2stgapi.coinflex.com:2087
http://v2stgapi.coinflex.com:8080
http://v2stgapi.coinflex.com:8443
http://v2stgapi.coinflex.com:8880
http://v2stgcfa.coinflex.com
http://v2stgcfa.coinflex.com:2086
http://v2stgcfa.coinflex.com:8880
http://v2stg.coinflex.com
http://v2stg.coinflex.com:2086
http://v2stg.coinflex.com:8080
http://v2stg.coinflex.com:8880
http://www.coinflex.com
http://www.coinflex.com:2086
http://www.coinflex.com:8880
