http://a-96-118-0-10.sys.comcast.net
http://a-96-118-0-11.sys.comcast.net
http://a-96-118-0-12.sys.comcast.net
http://a-96-118-147-6.sys.comcast.net:8080
http://a-96-118-148-113.sys.comcast.net
http://a-96-118-148-210.sys.comcast.net:8080
http://a-96-118-148-216.sys.comcast.net:8080
http://a-96-118-148-225.sys.comcast.net
http://a-96-118-148-226.sys.comcast.net
http://a-96-118-149-178.sys.comcast.net:8080
http://a-96-118-149-65.sys.comcast.net
http://a-96-118-151-234.sys.comcast.net
http://a-96-118-152-32.sys.comcast.net
http://a-96-118-16-102.sys.comcast.net:8080
http://a-96-118-16-10.sys.comcast.net
http://a-96-118-16-11.sys.comcast.net
http://a-96-118-16-120.sys.comcast.net
http://a-96-118-16-148.sys.comcast.net
http://a-96-118-16-148.sys.comcast.net:8080
http://a-96-118-16-153.sys.comcast.net
http://a-96-118-16-160.sys.comcast.net
http://a-96-118-16-165.sys.comcast.net
http://a-96-118-16-191.sys.comcast.net
http://a-96-118-16-232.sys.comcast.net
http://a-96-118-16-238.sys.comcast.net
http://a-96-118-16-242.sys.comcast.net
http://a-96-118-17-133.sys.comcast.net
http://a-96-118-17-145.sys.comcast.net
http://a-96-118-17-15.sys.comcast.net
http://a-96-118-17-180.sys.comcast.net
http://a-96-118-17-183.sys.comcast.net
http://a-96-118-17-195.sys.comcast.net
http://a-96-118-17-205.sys.comcast.net
http://a-96-118-17-20.sys.comcast.net
http://a-96-118-17-20.sys.comcast.net:8080
http://a-96-118-17-251.sys.comcast.net
http://a-96-118-17-2.sys.comcast.net
http://a-96-118-17-54.sys.comcast.net
http://a-96-118-17-61.sys.comcast.net
http://a-96-118-17-74.sys.comcast.net
http://a-96-118-17-75.sys.comcast.net
http://a-96-118-17-77.sys.comcast.net
http://a-96-118-17-77.sys.comcast.net:8080
http://a-96-118-18-112.sys.comcast.net
http://a-96-118-18-12.sys.comcast.net
http://a-96-118-18-135.sys.comcast.net
http://a-96-118-18-137.sys.comcast.net
http://a-96-118-18-161.sys.comcast.net
http://a-96-118-18-181.sys.comcast.net
http://a-96-118-18-192.sys.comcast.net
http://a-96-118-18-207.sys.comcast.net
http://a-96-118-18-234.sys.comcast.net
http://a-96-118-18-8.sys.comcast.net
http://a-96-118-18-8.sys.comcast.net:8080
http://a-96-118-18-93.sys.comcast.net
http://a-96-118-19-107.sys.comcast.net
http://a-96-118-19-113.sys.comcast.net
http://a-96-118-19-117.sys.comcast.net
http://a-96-118-19-120.sys.comcast.net
http://a-96-118-19-133.sys.comcast.net
http://a-96-118-19-166.sys.comcast.net
http://a-96-118-19-199.sys.comcast.net
http://a-96-118-19-203.sys.comcast.net
http://a-96-118-19-204.sys.comcast.net
http://a-96-118-19-207.sys.comcast.net
http://a-96-118-19-210.sys.comcast.net
http://a-96-118-19-213.sys.comcast.net
http://a-96-118-19-216.sys.comcast.net
http://a-96-118-19-219.sys.comcast.net
http://a-96-118-19-21.sys.comcast.net
http://a-96-118-19-220.sys.comcast.net
http://a-96-118-19-221.sys.comcast.net
http://a-96-118-19-222.sys.comcast.net
http://a-96-118-19-226.sys.comcast.net
http://a-96-118-19-236.sys.comcast.net
http://a-96-118-19-241.sys.comcast.net
http://a-96-118-19-242.sys.comcast.net
http://a-96-118-19-254.sys.comcast.net
http://a-96-118-19-255.sys.comcast.net:8080
http://a-96-118-19-52.sys.comcast.net
http://a-96-118-19-53.sys.comcast.net
http://a-96-118-19-58.sys.comcast.net
http://a-96-118-19-62.sys.comcast.net
http://a-96-118-19-69.sys.comcast.net
http://a-96-118-19-71.sys.comcast.net
http://a-96-118-19-73.sys.comcast.net
http://a-96-118-19-74.sys.comcast.net
http://a-96-118-19-78.sys.comcast.net
http://a-96-118-19-79.sys.comcast.net
http://a-96-118-19-7.sys.comcast.net
http://a-96-118-19-7.sys.comcast.net:8080
http://a-96-118-19-80.sys.comcast.net
http://a-96-118-19-84.sys.comcast.net
http://a-96-118-19-92.sys.comcast.net
http://a-96-118-20-0.sys.comcast.net
http://a-96-118-20-103.sys.comcast.net
http://a-96-118-20-109.sys.comcast.net
http://a-96-118-20-111.sys.comcast.net
http://a-96-118-20-113.sys.comcast.net
http://a-96-118-20-114.sys.comcast.net
http://a-96-118-20-126.sys.comcast.net
http://a-96-118-20-127.sys.comcast.net
http://a-96-118-20-130.sys.comcast.net
http://a-96-118-20-131.sys.comcast.net
http://a-96-118-20-13.sys.comcast.net
http://a-96-118-20-150.sys.comcast.net
http://a-96-118-20-156.sys.comcast.net
http://a-96-118-20-167.sys.comcast.net
http://a-96-118-20-171.sys.comcast.net
http://a-96-118-20-172.sys.comcast.net
http://a-96-118-20-174.sys.comcast.net
http://a-96-118-20-175.sys.comcast.net
http://a-96-118-20-190.sys.comcast.net
http://a-96-118-20-193.sys.comcast.net
http://a-96-118-20-196.sys.comcast.net
http://a-96-118-20-19.sys.comcast.net
http://a-96-118-20-206.sys.comcast.net
http://a-96-118-20-214.sys.comcast.net
http://a-96-118-20-216.sys.comcast.net
http://a-96-118-20-219.sys.comcast.net
http://a-96-118-20-222.sys.comcast.net
http://a-96-118-20-22.sys.comcast.net
http://a-96-118-20-231.sys.comcast.net
http://a-96-118-20-23.sys.comcast.net
http://a-96-118-20-243.sys.comcast.net
http://a-96-118-20-247.sys.comcast.net
http://a-96-118-20-249.sys.comcast.net
http://a-96-118-20-50.sys.comcast.net
http://a-96-118-20-56.sys.comcast.net
http://a-96-118-20-75.sys.comcast.net
http://a-96-118-20-91.sys.comcast.net
http://a-96-118-21-107.sys.comcast.net
http://a-96-118-21-115.sys.comcast.net
http://a-96-118-21-116.sys.comcast.net
http://a-96-118-21-131.sys.comcast.net
http://a-96-118-21-137.sys.comcast.net
http://a-96-118-21-140.sys.comcast.net
http://a-96-118-21-154.sys.comcast.net
http://a-96-118-21-156.sys.comcast.net
http://a-96-118-21-168.sys.comcast.net
http://a-96-118-21-169.sys.comcast.net
http://a-96-118-21-172.sys.comcast.net
http://a-96-118-21-179.sys.comcast.net
http://a-96-118-21-182.sys.comcast.net
http://a-96-118-21-192.sys.comcast.net
http://a-96-118-21-198.sys.comcast.net
http://a-96-118-21-199.sys.comcast.net
http://a-96-118-21-204.sys.comcast.net
http://a-96-118-21-205.sys.comcast.net
http://a-96-118-21-210.sys.comcast.net
http://a-96-118-21-214.sys.comcast.net
http://a-96-118-21-216.sys.comcast.net
http://a-96-118-21-218.sys.comcast.net
http://a-96-118-21-220.sys.comcast.net
http://a-96-118-21-223.sys.comcast.net
http://a-96-118-21-226.sys.comcast.net
http://a-96-118-21-239.sys.comcast.net
http://a-96-118-21-245.sys.comcast.net
http://a-96-118-21-251.sys.comcast.net
http://a-96-118-21-252.sys.comcast.net
http://a-96-118-21-2.sys.comcast.net
http://a-96-118-21-5.sys.comcast.net
http://a-96-118-21-65.sys.comcast.net
http://a-96-118-21-70.sys.comcast.net
http://a-96-118-21-73.sys.comcast.net
http://a-96-118-21-77.sys.comcast.net
http://a-96-118-21-80.sys.comcast.net
http://a-96-118-21-81.sys.comcast.net
http://a-96-118-21-83.sys.comcast.net
http://a-96-118-21-95.sys.comcast.net
http://a-96-118-22-0.sys.comcast.net
http://a-96-118-22-103.sys.comcast.net
http://a-96-118-22-105.sys.comcast.net
http://a-96-118-22-106.sys.comcast.net
http://a-96-118-22-107.sys.comcast.net
http://a-96-118-22-110.sys.comcast.net
http://a-96-118-22-113.sys.comcast.net
http://a-96-118-22-115.sys.comcast.net
http://a-96-118-22-139.sys.comcast.net
http://a-96-118-22-140.sys.comcast.net
http://a-96-118-22-149.sys.comcast.net
http://a-96-118-22-152.sys.comcast.net
http://a-96-118-22-155.sys.comcast.net
http://a-96-118-22-15.sys.comcast.net
http://a-96-118-22-171.sys.comcast.net
http://a-96-118-22-172.sys.comcast.net
http://a-96-118-22-177.sys.comcast.net
http://a-96-118-22-178.sys.comcast.net
http://a-96-118-22-185.sys.comcast.net
http://a-96-118-22-200.sys.comcast.net
http://a-96-118-22-204.sys.comcast.net
http://a-96-118-22-216.sys.comcast.net
http://a-96-118-22-226.sys.comcast.net
http://a-96-118-22-242.sys.comcast.net
http://a-96-118-22-248.sys.comcast.net
http://a-96-118-22-2.sys.comcast.net
http://a-96-118-22-31.sys.comcast.net
http://a-96-118-22-32.sys.comcast.net
http://a-96-118-22-44.sys.comcast.net
http://a-96-118-22-48.sys.comcast.net
http://a-96-118-22-49.sys.comcast.net
http://a-96-118-22-4.sys.comcast.net
http://a-96-118-22-51.sys.comcast.net
http://a-96-118-22-58.sys.comcast.net
http://a-96-118-22-59.sys.comcast.net
http://a-96-118-22-60.sys.comcast.net
http://a-96-118-22-67.sys.comcast.net:8080
http://a-96-118-22-78.sys.comcast.net
http://a-96-118-22-83.sys.comcast.net
http://a-96-118-22-88.sys.comcast.net
http://a-96-118-22-90.sys.comcast.net
http://a-96-118-22-93.sys.comcast.net
http://a-96-118-23-102.sys.comcast.net
http://a-96-118-23-113.sys.comcast.net:8080
http://a-96-118-23-119.sys.comcast.net:8080
http://a-96-118-23-124.sys.comcast.net
http://a-96-118-23-125.sys.comcast.net
http://a-96-118-23-129.sys.comcast.net
http://a-96-118-23-130.sys.comcast.net
http://a-96-118-23-131.sys.comcast.net
http://a-96-118-23-132.sys.comcast.net
http://a-96-118-23-133.sys.comcast.net
http://a-96-118-23-139.sys.comcast.net
http://a-96-118-23-140.sys.comcast.net
http://a-96-118-23-145.sys.comcast.net
http://a-96-118-23-158.sys.comcast.net
http://a-96-118-23-159.sys.comcast.net
http://a-96-118-23-159.sys.comcast.net:8080
http://a-96-118-23-161.sys.comcast.net
http://a-96-118-23-162.sys.comcast.net
http://a-96-118-23-165.sys.comcast.net
http://a-96-118-23-167.sys.comcast.net
http://a-96-118-23-171.sys.comcast.net
http://a-96-118-23-175.sys.comcast.net
http://a-96-118-23-179.sys.comcast.net
http://a-96-118-23-182.sys.comcast.net
http://a-96-118-23-196.sys.comcast.net
http://a-96-118-23-198.sys.comcast.net
http://a-96-118-23-201.sys.comcast.net
http://a-96-118-23-206.sys.comcast.net
http://a-96-118-23-219.sys.comcast.net
http://a-96-118-23-219.sys.comcast.net:8080
http://a-96-118-23-34.sys.comcast.net
http://a-96-118-23-41.sys.comcast.net
http://a-96-118-23-42.sys.comcast.net
http://a-96-118-23-45.sys.comcast.net
http://a-96-118-23-49.sys.comcast.net
http://a-96-118-23-52.sys.comcast.net
http://a-96-118-23-63.sys.comcast.net
http://a-96-118-23-65.sys.comcast.net
http://a-96-118-23-67.sys.comcast.net
http://a-96-118-24-10.sys.comcast.net
http://a-96-118-24-202.sys.comcast.net
http://a-96-118-24-202.sys.comcast.net:8080
http://a-96-118-24-202.sys.comcast.net:8081
http://a-96-118-24-202.sys.comcast.net:8090
http://a-96-118-24-202.sys.comcast.net:8300
http://a-96-118-24-202.sys.comcast.net:8888
http://a-96-118-24-2.sys.comcast.net
http://a-96-118-24-39.sys.comcast.net
http://a-96-118-24-47.sys.comcast.net
http://a-96-118-24-63.sys.comcast.net
http://a-96-118-24-97.sys.comcast.net
http://a-96-118-25-138.sys.comcast.net
http://a-96-118-25-139.sys.comcast.net
http://a-96-118-25-141.sys.comcast.net
http://a-96-118-25-182.sys.comcast.net
http://a-96-118-25-192.sys.comcast.net:8080
http://a-96-118-25-213.sys.comcast.net
http://a-96-118-25-229.sys.comcast.net
http://a-96-118-25-231.sys.comcast.net
http://a-96-118-25-239.sys.comcast.net
http://a-96-118-25-251.sys.comcast.net
http://a-96-118-25-9.sys.comcast.net:8080
http://a-96-118-26-105.sys.comcast.net
http://a-96-118-26-114.sys.comcast.net
http://a-96-118-26-116.sys.comcast.net
http://a-96-118-26-122.sys.comcast.net
http://a-96-118-26-131.sys.comcast.net
http://a-96-118-26-146.sys.comcast.net:8080
http://a-96-118-26-210.sys.comcast.net
http://a-96-118-26-220.sys.comcast.net
http://a-96-118-26-33.sys.comcast.net
http://a-96-118-26-46.sys.comcast.net
http://a-96-118-26-50.sys.comcast.net
http://a-96-118-26-61.sys.comcast.net
http://a-96-118-26-68.sys.comcast.net
http://a-96-118-26-70.sys.comcast.net
http://a-96-118-26-71.sys.comcast.net
http://a-96-118-26-75.sys.comcast.net
http://a-96-118-26-83.sys.comcast.net
http://a-96-118-26-88.sys.comcast.net
http://a-96-118-26-93.sys.comcast.net
http://a-96-118-26-95.sys.comcast.net
http://a-96-118-26-96.sys.comcast.net
http://a-96-118-26-99.sys.comcast.net
http://a-96-118-27-101.sys.comcast.net
http://a-96-118-27-104.sys.comcast.net
http://a-96-118-27-105.sys.comcast.net
http://a-96-118-27-107.sys.comcast.net
http://a-96-118-27-113.sys.comcast.net
http://a-96-118-27-114.sys.comcast.net
http://a-96-118-27-115.sys.comcast.net
http://a-96-118-27-116.sys.comcast.net
http://a-96-118-27-117.sys.comcast.net
http://a-96-118-27-118.sys.comcast.net
http://a-96-118-27-11.sys.comcast.net
http://a-96-118-27-120.sys.comcast.net
http://a-96-118-27-121.sys.comcast.net
http://a-96-118-27-122.sys.comcast.net
http://a-96-118-27-123.sys.comcast.net
http://a-96-118-27-124.sys.comcast.net
http://a-96-118-27-126.sys.comcast.net
http://a-96-118-27-127.sys.comcast.net
http://a-96-118-27-128.sys.comcast.net
http://a-96-118-27-131.sys.comcast.net
http://a-96-118-27-134.sys.comcast.net
http://a-96-118-27-14.sys.comcast.net
http://a-96-118-27-21.sys.comcast.net
http://a-96-118-27-29.sys.comcast.net
http://a-96-118-27-2.sys.comcast.net
http://a-96-118-27-30.sys.comcast.net
http://a-96-118-27-38.sys.comcast.net
http://a-96-118-27-40.sys.comcast.net
http://a-96-118-27-5.sys.comcast.net
http://a-96-118-27-70.sys.comcast.net
http://a-96-118-27-75.sys.comcast.net:8080
http://a-96-118-27-82.sys.comcast.net:8080
http://a-96-118-27-84.sys.comcast.net:8080
http://a-96-118-27-86.sys.comcast.net
http://a-96-118-27-95.sys.comcast.net
http://a-96-118-27-99.sys.comcast.net
http://a-96-118-48-12.sys.comcast.net
http://a-96-118-48-206.sys.comcast.net
http://a-96-118-49-123.sys.comcast.net
http://a-96-118-49-138.sys.comcast.net
http://a-96-118-49-141.sys.comcast.net
http://a-96-118-49-142.sys.comcast.net
http://a-96-118-49-164.sys.comcast.net
http://a-96-118-49-166.sys.comcast.net
http://a-96-118-49-172.sys.comcast.net
http://a-96-118-49-49.sys.comcast.net
http://a-96-118-50-122.sys.comcast.net
http://a-96-118-50-184.sys.comcast.net
http://a-96-118-50-227.sys.comcast.net
http://a-96-118-50-242.sys.comcast.net
http://a-96-118-50-242.sys.comcast.net:8080
http://a-96-118-50-242.sys.comcast.net:8081
http://a-96-118-50-242.sys.comcast.net:8090
http://a-96-118-50-242.sys.comcast.net:8300
http://a-96-118-50-242.sys.comcast.net:8888
http://a-96-118-50-79.sys.comcast.net
http://a-96-118-51-137.sys.comcast.net
http://a-96-118-51-154.sys.comcast.net
http://a-96-118-51-238.sys.comcast.net
http://a-96-118-52-102.sys.comcast.net
http://a-96-118-52-107.sys.comcast.net
http://a-96-118-52-126.sys.comcast.net
http://a-96-118-52-146.sys.comcast.net
http://a-96-118-52-148.sys.comcast.net
http://a-96-118-52-150.sys.comcast.net
http://a-96-118-52-151.sys.comcast.net
http://a-96-118-52-152.sys.comcast.net
http://a-96-118-52-156.sys.comcast.net
http://a-96-118-52-162.sys.comcast.net
http://a-96-118-52-168.sys.comcast.net
http://a-96-118-52-170.sys.comcast.net
http://a-96-118-52-174.sys.comcast.net
http://a-96-118-52-175.sys.comcast.net
http://a-96-118-52-178.sys.comcast.net
http://a-96-118-52-179.sys.comcast.net
http://a-96-118-52-180.sys.comcast.net
http://a-96-118-52-181.sys.comcast.net
http://a-96-118-52-188.sys.comcast.net
http://a-96-118-52-194.sys.comcast.net
http://a-96-118-52-198.sys.comcast.net
http://a-96-118-52-200.sys.comcast.net
http://a-96-118-52-226.sys.comcast.net
http://a-96-118-52-244.sys.comcast.net
http://a-96-118-52-67.sys.comcast.net
http://a-96-118-52-85.sys.comcast.net
http://a-96-118-52-88.sys.comcast.net
http://a-96-118-52-88.sys.comcast.net:8080
http://a-96-118-53-101.sys.comcast.net
http://a-96-118-53-107.sys.comcast.net
http://a-96-118-53-118.sys.comcast.net
http://a-96-118-53-121.sys.comcast.net
http://a-96-118-53-122.sys.comcast.net
http://a-96-118-53-124.sys.comcast.net
http://a-96-118-53-126.sys.comcast.net
http://a-96-118-53-134.sys.comcast.net
http://a-96-118-53-21.sys.comcast.net
http://a-96-118-53-221.sys.comcast.net
http://a-96-118-53-236.sys.comcast.net
http://a-96-118-53-25.sys.comcast.net:8093
http://a-96-118-53-25.sys.comcast.net:9102
http://a-96-118-53-25.sys.comcast.net:9999
http://a-96-118-53-30.sys.comcast.net
http://a-96-118-53-33.sys.comcast.net
http://a-96-118-53-39.sys.comcast.net
http://a-96-118-53-40.sys.comcast.net
http://a-96-118-53-41.sys.comcast.net
http://a-96-118-53-44.sys.comcast.net
http://a-96-118-53-46.sys.comcast.net
http://a-96-118-53-47.sys.comcast.net
http://a-96-118-53-49.sys.comcast.net
http://a-96-118-53-50.sys.comcast.net
http://a-96-118-53-53.sys.comcast.net
http://a-96-118-53-54.sys.comcast.net
http://a-96-118-53-56.sys.comcast.net
http://a-96-118-53-57.sys.comcast.net
http://a-96-118-53-59.sys.comcast.net
http://a-96-118-53-60.sys.comcast.net
http://a-96-118-53-61.sys.comcast.net
http://a-96-118-53-62.sys.comcast.net
http://a-96-118-53-64.sys.comcast.net
http://a-96-118-53-65.sys.comcast.net
http://a-96-118-53-66.sys.comcast.net
http://a-96-118-53-68.sys.comcast.net
http://a-96-118-53-70.sys.comcast.net
http://a-96-118-53-72.sys.comcast.net
http://a-96-118-53-73.sys.comcast.net
http://a-96-118-53-74.sys.comcast.net
http://a-96-118-53-76.sys.comcast.net
http://a-96-118-53-77.sys.comcast.net
http://a-96-118-53-82.sys.comcast.net
http://a-96-118-53-85.sys.comcast.net
http://a-96-118-53-86.sys.comcast.net
http://a-96-118-53-87.sys.comcast.net
http://a-96-118-53-88.sys.comcast.net
http://a-96-118-53-89.sys.comcast.net
http://a-96-118-53-90.sys.comcast.net
http://a-96-118-53-91.sys.comcast.net
http://a-96-118-53-92.sys.comcast.net
http://a-96-118-53-93.sys.comcast.net
http://a-96-118-53-94.sys.comcast.net
http://a-96-118-53-95.sys.comcast.net
http://a-96-118-54-118.sys.comcast.net
http://a-96-118-54-136.sys.comcast.net
http://a-96-118-54-166.sys.comcast.net
http://a-96-118-54-168.sys.comcast.net
http://a-96-118-54-169.sys.comcast.net
http://a-96-118-54-174.sys.comcast.net
http://a-96-118-54-178.sys.comcast.net
http://a-96-118-54-17.sys.comcast.net
http://a-96-118-54-180.sys.comcast.net
http://a-96-118-54-185.sys.comcast.net
http://a-96-118-54-18.sys.comcast.net
http://a-96-118-54-190.sys.comcast.net
http://a-96-118-54-192.sys.comcast.net
http://a-96-118-54-1.sys.comcast.net
http://a-96-118-54-20.sys.comcast.net:9999
http://a-96-118-54-238.sys.comcast.net
http://a-96-118-54-240.sys.comcast.net
http://a-96-118-54-242.sys.comcast.net
http://a-96-118-54-251.sys.comcast.net
http://a-96-118-54-254.sys.comcast.net
http://a-96-118-54-60.sys.comcast.net
http://a-96-118-54-63.sys.comcast.net
http://a-96-118-54-75.sys.comcast.net
http://a-96-118-54-96.sys.comcast.net
http://a-96-118-54-97.sys.comcast.net
http://a-96-118-55-0.sys.comcast.net
http://a-96-118-55-100.sys.comcast.net
http://a-96-118-55-107.sys.comcast.net
http://a-96-118-55-114.sys.comcast.net
http://a-96-118-55-115.sys.comcast.net
http://a-96-118-55-121.sys.comcast.net
http://a-96-118-55-124.sys.comcast.net
http://a-96-118-55-125.sys.comcast.net
http://a-96-118-55-126.sys.comcast.net
http://a-96-118-55-127.sys.comcast.net
http://a-96-118-55-129.sys.comcast.net
http://a-96-118-55-12.sys.comcast.net
http://a-96-118-55-130.sys.comcast.net
http://a-96-118-55-133.sys.comcast.net
http://a-96-118-55-134.sys.comcast.net
http://a-96-118-55-138.sys.comcast.net
http://a-96-118-55-139.sys.comcast.net
http://a-96-118-55-140.sys.comcast.net
http://a-96-118-55-141.sys.comcast.net
http://a-96-118-55-142.sys.comcast.net
http://a-96-118-55-143.sys.comcast.net
http://a-96-118-55-144.sys.comcast.net
http://a-96-118-55-146.sys.comcast.net
http://a-96-118-55-147.sys.comcast.net
http://a-96-118-55-149.sys.comcast.net
http://a-96-118-55-14.sys.comcast.net
http://a-96-118-55-151.sys.comcast.net
http://a-96-118-55-152.sys.comcast.net
http://a-96-118-55-153.sys.comcast.net
http://a-96-118-55-154.sys.comcast.net
http://a-96-118-55-154.sys.comcast.net:8080
http://a-96-118-55-157.sys.comcast.net
http://a-96-118-55-158.sys.comcast.net
http://a-96-118-55-161.sys.comcast.net
http://a-96-118-55-162.sys.comcast.net
http://a-96-118-55-163.sys.comcast.net
http://a-96-118-55-164.sys.comcast.net
http://a-96-118-55-165.sys.comcast.net
http://a-96-118-55-167.sys.comcast.net
http://a-96-118-55-169.sys.comcast.net
http://a-96-118-55-171.sys.comcast.net
http://a-96-118-55-172.sys.comcast.net
http://a-96-118-55-1.sys.comcast.net
http://a-96-118-55-204.sys.comcast.net:8080
http://a-96-118-55-208.sys.comcast.net
http://a-96-118-55-217.sys.comcast.net
http://a-96-118-55-21.sys.comcast.net
http://a-96-118-55-24.sys.comcast.net
http://a-96-118-55-25.sys.comcast.net
http://a-96-118-55-31.sys.comcast.net
http://a-96-118-55-32.sys.comcast.net
http://a-96-118-55-33.sys.comcast.net
http://a-96-118-55-34.sys.comcast.net
http://a-96-118-55-35.sys.comcast.net
http://a-96-118-55-36.sys.comcast.net
http://a-96-118-55-38.sys.comcast.net
http://a-96-118-55-39.sys.comcast.net
http://a-96-118-55-40.sys.comcast.net
http://a-96-118-55-42.sys.comcast.net
http://a-96-118-55-46.sys.comcast.net
http://a-96-118-55-48.sys.comcast.net
http://a-96-118-55-50.sys.comcast.net
http://a-96-118-55-51.sys.comcast.net
http://a-96-118-56-108.sys.comcast.net
http://a-96-118-56-38.sys.comcast.net
http://a-96-118-56-38.sys.comcast.net:8080
http://a-96-118-56-51.sys.comcast.net
http://a-96-118-57-13.sys.comcast.net
http://a-96-118-57-13.sys.comcast.net:8080
http://a-96-118-57-34.sys.comcast.net
http://a-96-118-57-34.sys.comcast.net:8080
http://a-96-118-57-41.sys.comcast.net
http://a-96-118-57-41.sys.comcast.net:8080
http://a-96-118-57-45.sys.comcast.net
http://a-96-118-57-45.sys.comcast.net:8080
http://a-96-118-57-47.sys.comcast.net
http://a-96-118-57-47.sys.comcast.net:8080
http://a-96-118-57-54.sys.comcast.net
http://a-96-118-57-54.sys.comcast.net:8080
http://a-96-118-61-106.sys.comcast.net
http://a-96-118-61-120.sys.comcast.net
http://a-96-118-61-226.sys.comcast.net
http://a-96-118-62-25.sys.comcast.net
http://a-96-118-62-35.sys.comcast.net
http://a-96-119-88-6.sys.comcast.net
http://a-96-119-88-7.sys.comcast.net
http://a-96-119-88-8.sys.comcast.net
http://aa-resi-postmaster-ch2g-01p.sys.comcast.net
http://aa-resi-postmaster-ch2g-02p.sys.comcast.net
http://aa-resi-postmaster-ch2g-03p.sys.comcast.net
http://aa-resi-postmaster-ch2g-04p.sys.comcast.net
http://abcappsdl1-ch2-01p.sys.comcast.net
http://accessibility-cms-c1s-118973.sys.comcast.net:8011
http://accessibility-cms-c2p-101902.sys.comcast.net:8011
http://accessibility-cms-c2q-068359.sys.comcast.net:8011
http://accessibility-cms-h1s-129583.sys.comcast.net:8011
http://accessibility-cms-h2p-112638.sys.comcast.net:8011
http://accessibility-cms-h2q-036602.sys.comcast.net:8011
http://accessibility-web-a2q-085972.sys.comcast.net
http://accessibility-web-c2q-030853.sys.comcast.net
http://ad2pxy-po-p1d.sys.comcast.net
http://artiproxyb-ho-a2p.sys.comcast.net
http://ashb-dns-web01.sys.comcast.net
http://aspera-cmc-a3p.sys.comcast.net
http://aspera-cmc-a4p.sys.comcast.net
http://camp-po-web07p.sys.comcast.net
http://ccp.sys.comcast.net
http://central.ec.sys.comcast.net
http://cfproxy-as-b1p.sys.comcast.net
http://cfproxy-as-b2p.sys.comcast.net
http://cfproxy-as-b3p.sys.comcast.net
http://cfproxy-as-b4p.sys.comcast.net
http://cfproxy-po-b1p.sys.comcast.net
http://cfproxy-po-b2p.sys.comcast.net
http://cfproxy-po-b3p.sys.comcast.net
http://cfproxy-po-b4p.sys.comcast.net
http://cgc-ch2-vip.sys.comcast.net
http://cgc-ch2-web01.sys.comcast.net
http://cgc-ch2-web03.sys.comcast.net
http://cgc-ch2-web2.sys.comcast.net
http://cgc-po-dev.sys.comcast.net
http://cgc-wc-vip.sys.comcast.net
http://cgc-wc-web01.sys.comcast.net
http://cgc-wc-web02.sys.comcast.net
http://cgc-wc-web03.sys.comcast.net
http://ch2-jobs-web-lb01p.sys.comcast.net
http://ch2-jobs-web-lb01s.sys.comcast.net
http://cmcstlir-ch2-a1p.sys.comcast.net
http://ctccweb-as-ap.sys.comcast.net
http://ctccweb-as-bp.sys.comcast.net
http://ctccweb-po-ap.sys.comcast.net
http://ctccweb-po-bp.sys.comcast.net
http://deaa-ccp-prod.sys.comcast.net
http://deaa-ccp-stage.sys.comcast.net
http://deaa-tkts-prod.sys.comcast.net
http://deaa-tkts-stage.sys.comcast.net
http://deaa-tpx-stage.sys.comcast.net
http://dev-reporting.ec.sys.comcast.net
http://dvcp-po-vip.sys.comcast.net
http://east.ec.sys.comcast.net
http://ebipublic-ch2-dna.sys.comcast.net
http://etwiki.sys.comcast.net
http://exlaspc-ch2-a2d.sys.comcast.net
http://haproxy-prod-chh-02.sys.comcast.net
http://haproxy-prod-hoc-02.sys.comcast.net
http://haproxyqa-hoc-02.sys.comcast.net
http://haproxystage-hoc-01.sys.comcast.net
http://haproxystage-hoc-02.sys.comcast.net
http://hms-po-01-vip.sys.comcast.net
http://hms-po-02-vip.sys.comcast.net
http://hms-po.sys.comcast.net
http://hsappbakbeta-po-01.sys.comcast.net
http://hsappbakbeta-po-01.sys.comcast.net:81
http://hsappbakbeta-po-02.sys.comcast.net
http://hsappbakbeta-po-02.sys.comcast.net:81
http://ivod-po-05p.sys.comcast.net
http://ivod-po-07p.sys.comcast.net
http://ivod-wc-04p.sys.comcast.net
http://livecache-stg-cvr-eu.sys.comcast.net
http://mediasvc-as.sys.comcast.net
http://mediasvc-ho.sys.comcast.net
http://mit-reporting.ec.sys.comcast.net
http://natx-eqca-01.sys.comcast.net
http://pevinet-ch2-01p.sys.comcast.net
http://pevinet-po-01p.sys.comcast.net
http://po-jobs-web-lb01p.sys.comcast.net
http://po-jobs-web-lb01s.sys.comcast.net
http://prdstry-ch2h-cms-lb01.sys.comcast.net
http://prdstry-ch2h-web-lb01.sys.comcast.net
http://proxy-wdp-as.sys.comcast.net
http://px-apps.sys.comcast.net
http://qa-reporting.ec.sys.comcast.net
http://qoe-agta-01.speedtest-web.sys.comcast.net
http://qoe-agta-01.speedtest-web.sys.comcast.net:5003
http://qoe-agta-02.speedtest-web.sys.comcast.net
http://qoe-agta-02.speedtest-web.sys.comcast.net:5003
http://qoe-agta-03.speedtest-web.sys.comcast.net
http://qoe-agta-03.speedtest-web.sys.comcast.net:5003
http://qoe-albq-01.speedtest-web.sys.comcast.net
http://qoe-albq-01.speedtest-web.sys.comcast.net:5003
http://qoe-albq-02.speedtest-web.sys.comcast.net
http://qoe-albq-02.speedtest-web.sys.comcast.net:5003
http://qoe-albq-03.speedtest-web.sys.comcast.net
http://qoe-albq-03.speedtest-web.sys.comcast.net:5003
http://qoecnf-albq-01.speedtest-web.sys.comcast.net
http://qoecnf-albq-01.speedtest-web.sys.comcast.net:5003
http://qoecnf-brca-w-04.sys.comcast.net
http://qoecnf-corl-01.speedtest-web.sys.comcast.net
http://qoecnf-corl-01.speedtest-web.sys.comcast.net:5003
http://qoecnf-corl-02.speedtest-web.sys.comcast.net
http://qoecnf-corl-02.speedtest-web.sys.comcast.net:5003
http://qoecnf-corl-03.speedtest-web.sys.comcast.net
http://qoecnf-corl-03.speedtest-web.sys.comcast.net:5003
http://qoecnf-csnt-01.speedtest-web.sys.comcast.net
http://qoecnf-csnt-01.speedtest-web.sys.comcast.net:5003
http://qoecnf-csnt-01.speedtest-web.sys.comcast.net:5025
http://qoecnf-eden-01.speedtest-web.sys.comcast.net
http://qoecnf-eden-01.speedtest-web.sys.comcast.net:5003
http://qoecnf-eden-02.speedtest-web.sys.comcast.net
http://qoecnf-eden-02.speedtest-web.sys.comcast.net:5003
http://qoecnf-eden-03.speedtest-web.sys.comcast.net
http://qoecnf-eden-03.speedtest-web.sys.comcast.net:5003
http://qoecnf-jack-01.speedtest-web.sys.comcast.net
http://qoecnf-jack-01.speedtest-web.sys.comcast.net:5003
http://qoecnf-jack-02.speedtest-web.sys.comcast.net
http://qoecnf-jack-02.speedtest-web.sys.comcast.net:5003
http://qoecnf-jack-03.speedtest-web.sys.comcast.net
http://qoecnf-jack-03.speedtest-web.sys.comcast.net:5003
http://qoecnf-katy-01.speedtest-web.sys.comcast.net
http://qoecnf-katy-01.speedtest-web.sys.comcast.net:5003
http://qoecnf-katy-02.speedtest-web.sys.comcast.net
http://qoecnf-katy-02.speedtest-web.sys.comcast.net:5003
http://qoecnf-katy-02.speedtest-web.sys.comcast.net:5025
http://qoecnf-katy-03.speedtest-web.sys.comcast.net
http://qoecnf-katy-03.speedtest-web.sys.comcast.net:5003
http://qoecnf-malt-01.speedtest-web.sys.comcast.net
http://qoecnf-malt-01.speedtest-web.sys.comcast.net:5003
http://qoecnf-malt-02.speedtest-web.sys.comcast.net
http://qoecnf-malt-02.speedtest-web.sys.comcast.net:5003
http://qoecnf-malt-03.speedtest-web.sys.comcast.net
http://qoecnf-malt-03.speedtest-web.sys.comcast.net:5003
http://qoecnf-mimi-01.speedtest-web.sys.comcast.net
http://qoecnf-mimi-01.speedtest-web.sys.comcast.net:5003
http://qoecnf-mimi-02.speedtest-web.sys.comcast.net
http://qoecnf-mimi-02.speedtest-web.sys.comcast.net:5003
http://qoecnf-mimi-02.speedtest-web.sys.comcast.net:5025
http://qoecnf-mimi-03.speedtest-web.sys.comcast.net
http://qoecnf-mimi-03.speedtest-web.sys.comcast.net:5003
http://qoecnf-nash-01.speedtest-web.sys.comcast.net
http://qoecnf-nash-01.speedtest-web.sys.comcast.net:5003
http://qoecnf-nash-02.speedtest-web.sys.comcast.net
http://qoecnf-nash-02.speedtest-web.sys.comcast.net:5003
http://qoecnf-nash-02.speedtest-web.sys.comcast.net:5025
http://qoecnf-nash-03.speedtest-web.sys.comcast.net
http://qoecnf-nash-03.speedtest-web.sys.comcast.net:5003
http://qoecnf-port-01.speedtest-web.sys.comcast.net
http://qoecnf-port-01.speedtest-web.sys.comcast.net:5003
http://qoecnf-port-02.speedtest-web.sys.comcast.net
http://qoecnf-port-02.speedtest-web.sys.comcast.net:5003
http://qoecnf-port-03.speedtest-web.sys.comcast.net
http://qoecnf-port-03.speedtest-web.sys.comcast.net:5003
http://qoecnf-rmnd-01.speedtest-web.sys.comcast.net
http://qoecnf-rmnd-01.speedtest-web.sys.comcast.net:5003
http://qoecnf-rmnd-02.speedtest-web.sys.comcast.net
http://qoecnf-rmnd-02.speedtest-web.sys.comcast.net:5003
http://qoecnf-rmnd-03.speedtest-web.sys.comcast.net
http://qoecnf-rmnd-03.speedtest-web.sys.comcast.net:5003
http://qoecnf-rnch-01.speedtest-web.sys.comcast.net
http://qoecnf-rnch-01.speedtest-web.sys.comcast.net:5003
http://qoecnf-rnch-02.speedtest-web.sys.comcast.net
http://qoecnf-rnch-02.speedtest-web.sys.comcast.net:5003
http://qoecnf-rnch-03.speedtest-web.sys.comcast.net
http://qoecnf-rnch-03.speedtest-web.sys.comcast.net:5003
http://qoecnf-seat-01.speedtest-web.sys.comcast.net
http://qoecnf-seat-01.speedtest-web.sys.comcast.net:5003
http://qoecnf-seat-02.speedtest-web.sys.comcast.net
http://qoecnf-seat-02.speedtest-web.sys.comcast.net:5003
http://qoecnf-seat-03.speedtest-web.sys.comcast.net
http://qoecnf-seat-03.speedtest-web.sys.comcast.net:5003
http://qoecnf-seca-01.speedtest-web.sys.comcast.net
http://qoecnf-seca-01.speedtest-web.sys.comcast.net:5003
http://qoecnf-seca-02.speedtest-web.sys.comcast.net
http://qoecnf-seca-02.speedtest-web.sys.comcast.net:5003
http://qoecnf-seca-03.speedtest-web.sys.comcast.net
http://qoecnf-seca-03.speedtest-web.sys.comcast.net:5003
http://qoecnf-seca-03.speedtest-web.sys.comcast.net:5025
http://qoecnf-sfld-01.speedtest-web.sys.comcast.net
http://qoecnf-sfld-01.speedtest-web.sys.comcast.net:5003
http://qoecnf-sfld-02.speedtest-web.sys.comcast.net
http://qoecnf-sfld-02.speedtest-web.sys.comcast.net:5003
http://qoecnf-sfld-03.speedtest-web.sys.comcast.net
http://qoecnf-sfld-03.speedtest-web.sys.comcast.net:5003
http://qoecnf-stlk02-01.speedtest-web.sys.comcast.net
http://qoecnf-stlk02-01.speedtest-web.sys.comcast.net:5003
http://qoecnf-stlk02-01.speedtest-web.sys.comcast.net:5025
http://qoecnf-stlk02-02.speedtest-web.sys.comcast.net
http://qoecnf-stlk02-02.speedtest-web.sys.comcast.net:5003
http://qoecnf-stlk02-02.speedtest-web.sys.comcast.net:5025
http://qoecnf-stlk02-03.speedtest-web.sys.comcast.net
http://qoecnf-stlk02-03.speedtest-web.sys.comcast.net:5003
http://qoecnf-tall-01.speedtest-web.sys.comcast.net
http://qoecnf-tall-01.speedtest-web.sys.comcast.net:5003
http://qoecnf-tall-02.speedtest-web.sys.comcast.net
http://qoecnf-tall-02.speedtest-web.sys.comcast.net:5003
http://qoecnf-tall-03.speedtest-web.sys.comcast.net
http://qoecnf-tall-03.speedtest-web.sys.comcast.net:5003
http://qoecnf-tall-03.speedtest-web.sys.comcast.net:5025
http://qoe-dnvr-01.speedtest-web.sys.comcast.net
http://qoe-dnvr-01.speedtest-web.sys.comcast.net:5003
http://qoe-dnvr-01.speedtest-web.sys.comcast.net:5025
http://qoe-dnvr-02.speedtest-web.sys.comcast.net
http://qoe-dnvr-02.speedtest-web.sys.comcast.net:5003
http://qoe-dnvr-02.speedtest-web.sys.comcast.net:5025
http://qoe-dnvr-03.speedtest-web.sys.comcast.net
http://qoe-dnvr-03.speedtest-web.sys.comcast.net:5003
http://qoe-lrck-01.speedtest-web.sys.comcast.net
http://qoe-lrck-01.speedtest-web.sys.comcast.net:5003
http://qoe-lrck-02.speedtest-web.sys.comcast.net
http://qoe-lrck-02.speedtest-web.sys.comcast.net:5003
http://qoe-lrck-03.speedtest-web.sys.comcast.net
http://qoe-lrck-03.speedtest-web.sys.comcast.net:5003
http://qoe-pima-01.speedtest-web.sys.comcast.net
http://qoe-pima-01.speedtest-web.sys.comcast.net:5003
http://qoe-pima-02.speedtest-web.sys.comcast.net
http://qoe-pima-02.speedtest-web.sys.comcast.net:5003
http://qoe-pima-03.speedtest-web.sys.comcast.net
http://qoe-pima-03.speedtest-web.sys.comcast.net:5003
http://qoerdc-atlt-01.speedtest-web.sys.comcast.net
http://qoerdc-atlt-01.speedtest-web.sys.comcast.net:5003
http://qoerdc-atlt-02.speedtest-web.sys.comcast.net
http://qoerdc-atlt-02.speedtest-web.sys.comcast.net:5003
http://qoerdc-atlt-03.speedtest-web.sys.comcast.net
http://qoerdc-atlt-03.speedtest-web.sys.comcast.net:5003
http://qoerdc-chic-01.speedtest-web.sys.comcast.net
http://qoerdc-chic-01.speedtest-web.sys.comcast.net:5003
http://qoerdc-chic-02.speedtest-web.sys.comcast.net
http://qoerdc-chic-02.speedtest-web.sys.comcast.net:5003
http://qoerdc-chic-03.speedtest-web.sys.comcast.net
http://qoerdc-chic-03.speedtest-web.sys.comcast.net:5003
http://qoerdc-ncst-01.speedtest-web.sys.comcast.net
http://qoerdc-ncst-01.speedtest-web.sys.comcast.net:5003
http://qoerdc-ncst-02.speedtest-web.sys.comcast.net
http://qoerdc-ncst-02.speedtest-web.sys.comcast.net:5003
http://qoerdc-ncst-03.speedtest-web.sys.comcast.net
http://qoerdc-ncst-03.speedtest-web.sys.comcast.net:5003
http://qoerdc-sjos-01.speedtest-web.sys.comcast.net
http://qoerdc-sjos-01.speedtest-web.sys.comcast.net:5003
http://qoerdc-sjos-02.speedtest-web.sys.comcast.net
http://qoerdc-sjos-02.speedtest-web.sys.comcast.net:5003
http://qoerdc-sjos-03.speedtest-web.sys.comcast.net
http://qoerdc-sjos-03.speedtest-web.sys.comcast.net:5003
http://reea-bossipm-02p.sys.comcast.net:3001
http://reporting.ec.sys.comcast.net
https://a-96-118-146-162.sys.comcast.net
https://a-96-118-146-245.sys.comcast.net
https://a-96-118-148-113.sys.comcast.net:8080
https://a-96-118-148-216.sys.comcast.net:8443
https://a-96-118-148-225.sys.comcast.net:8080
https://a-96-118-148-226.sys.comcast.net:8080
https://a-96-118-149-211.sys.comcast.net
https://a-96-118-149-65.sys.comcast.net:8080
https://a-96-118-151-213.sys.comcast.net:9200
https://a-96-118-151-234.sys.comcast.net
https://a-96-118-152-32.sys.comcast.net:8080
https://a-96-118-16-120.sys.comcast.net
https://a-96-118-16-148.sys.comcast.net
https://a-96-118-16-153.sys.comcast.net
https://a-96-118-16-160.sys.comcast.net
https://a-96-118-16-165.sys.comcast.net:8080
https://a-96-118-16-170.sys.comcast.net
https://a-96-118-16-191.sys.comcast.net
https://a-96-118-16-208.sys.comcast.net
https://a-96-118-16-211.sys.comcast.net
https://a-96-118-16-221.sys.comcast.net
https://a-96-118-16-232.sys.comcast.net:8080
https://a-96-118-16-238.sys.comcast.net:8080
https://a-96-118-16-242.sys.comcast.net
https://a-96-118-16-80.sys.comcast.net
https://a-96-118-17-133.sys.comcast.net
https://a-96-118-17-145.sys.comcast.net
https://a-96-118-17-15.sys.comcast.net
https://a-96-118-17-15.sys.comcast.net:8090
https://a-96-118-17-180.sys.comcast.net:8080
https://a-96-118-17-183.sys.comcast.net
https://a-96-118-17-195.sys.comcast.net
https://a-96-118-17-19.sys.comcast.net
https://a-96-118-17-20.sys.comcast.net
https://a-96-118-17-239.sys.comcast.net
https://a-96-118-17-251.sys.comcast.net
https://a-96-118-17-2.sys.comcast.net:8080
https://a-96-118-17-40.sys.comcast.net
https://a-96-118-17-54.sys.comcast.net
https://a-96-118-17-61.sys.comcast.net
https://a-96-118-17-74.sys.comcast.net
https://a-96-118-17-75.sys.comcast.net
https://a-96-118-17-77.sys.comcast.net
https://a-96-118-18-112.sys.comcast.net
https://a-96-118-18-12.sys.comcast.net
https://a-96-118-18-135.sys.comcast.net
https://a-96-118-18-137.sys.comcast.net:8080
https://a-96-118-18-145.sys.comcast.net:8089
https://a-96-118-18-161.sys.comcast.net:8080
https://a-96-118-18-181.sys.comcast.net:8080
https://a-96-118-18-192.sys.comcast.net:8080
https://a-96-118-18-207.sys.comcast.net
https://a-96-118-18-234.sys.comcast.net:8080
https://a-96-118-18-8.sys.comcast.net
https://a-96-118-18-93.sys.comcast.net
https://a-96-118-19-107.sys.comcast.net:8080
https://a-96-118-19-113.sys.comcast.net:8080
https://a-96-118-19-117.sys.comcast.net:8080
https://a-96-118-19-120.sys.comcast.net:8080
https://a-96-118-19-133.sys.comcast.net:8080
https://a-96-118-19-166.sys.comcast.net:8080
https://a-96-118-19-199.sys.comcast.net:8080
https://a-96-118-19-203.sys.comcast.net:8080
https://a-96-118-19-204.sys.comcast.net
https://a-96-118-19-207.sys.comcast.net:8080
https://a-96-118-19-210.sys.comcast.net:8080
https://a-96-118-19-213.sys.comcast.net:8080
https://a-96-118-19-216.sys.comcast.net:8080
https://a-96-118-19-219.sys.comcast.net:8080
https://a-96-118-19-21.sys.comcast.net:8080
https://a-96-118-19-220.sys.comcast.net:8080
https://a-96-118-19-221.sys.comcast.net:8080
https://a-96-118-19-222.sys.comcast.net:8080
https://a-96-118-19-226.sys.comcast.net:8080
https://a-96-118-19-236.sys.comcast.net:8080
https://a-96-118-19-241.sys.comcast.net:8080
https://a-96-118-19-242.sys.comcast.net:8080
https://a-96-118-19-254.sys.comcast.net:8080
https://a-96-118-19-255.sys.comcast.net
https://a-96-118-19-52.sys.comcast.net:8080
https://a-96-118-19-53.sys.comcast.net:8080
https://a-96-118-19-58.sys.comcast.net:8080
https://a-96-118-19-62.sys.comcast.net:8080
https://a-96-118-19-69.sys.comcast.net:8080
https://a-96-118-19-71.sys.comcast.net:8080
https://a-96-118-19-73.sys.comcast.net:8080
https://a-96-118-19-74.sys.comcast.net:8080
https://a-96-118-19-78.sys.comcast.net:8080
https://a-96-118-19-79.sys.comcast.net:8080
https://a-96-118-19-7.sys.comcast.net
https://a-96-118-19-80.sys.comcast.net:8080
https://a-96-118-19-84.sys.comcast.net:8080
https://a-96-118-19-8.sys.comcast.net
https://a-96-118-19-92.sys.comcast.net:8080
https://a-96-118-20-0.sys.comcast.net:8080
https://a-96-118-20-103.sys.comcast.net:8080
https://a-96-118-20-109.sys.comcast.net:8080
https://a-96-118-20-111.sys.comcast.net:8080
https://a-96-118-20-113.sys.comcast.net
https://a-96-118-20-114.sys.comcast.net:8080
https://a-96-118-20-126.sys.comcast.net:8080
https://a-96-118-20-127.sys.comcast.net
https://a-96-118-20-130.sys.comcast.net:8080
https://a-96-118-20-131.sys.comcast.net:8080
https://a-96-118-20-13.sys.comcast.net:8080
https://a-96-118-20-150.sys.comcast.net
https://a-96-118-20-156.sys.comcast.net:8080
https://a-96-118-20-167.sys.comcast.net:8080
https://a-96-118-20-171.sys.comcast.net:8080
https://a-96-118-20-172.sys.comcast.net:8080
https://a-96-118-20-174.sys.comcast.net:8080
https://a-96-118-20-175.sys.comcast.net:8080
https://a-96-118-20-179.sys.comcast.net
https://a-96-118-20-190.sys.comcast.net:8080
https://a-96-118-20-193.sys.comcast.net:8080
https://a-96-118-20-196.sys.comcast.net
https://a-96-118-20-19.sys.comcast.net:8080
https://a-96-118-20-206.sys.comcast.net:8080
https://a-96-118-20-214.sys.comcast.net:8080
https://a-96-118-20-216.sys.comcast.net:8080
https://a-96-118-20-219.sys.comcast.net:8080
https://a-96-118-20-222.sys.comcast.net:8080
https://a-96-118-20-22.sys.comcast.net:8080
https://a-96-118-20-231.sys.comcast.net:8080
https://a-96-118-20-23.sys.comcast.net:8080
https://a-96-118-20-243.sys.comcast.net:8080
https://a-96-118-20-244.sys.comcast.net
https://a-96-118-20-247.sys.comcast.net:8080
https://a-96-118-20-248.sys.comcast.net:8089
https://a-96-118-20-249.sys.comcast.net:8080
https://a-96-118-20-50.sys.comcast.net:8080
https://a-96-118-20-56.sys.comcast.net:8080
https://a-96-118-20-75.sys.comcast.net:8080
https://a-96-118-20-91.sys.comcast.net:8080
https://a-96-118-21-107.sys.comcast.net
https://a-96-118-21-115.sys.comcast.net:8080
https://a-96-118-21-116.sys.comcast.net
https://a-96-118-21-120.sys.comcast.net
https://a-96-118-21-124.sys.comcast.net
https://a-96-118-21-131.sys.comcast.net:8080
https://a-96-118-21-137.sys.comcast.net:8080
https://a-96-118-21-139.sys.comcast.net
https://a-96-118-21-140.sys.comcast.net:8080
https://a-96-118-21-154.sys.comcast.net
https://a-96-118-21-156.sys.comcast.net:8080
https://a-96-118-21-168.sys.comcast.net
https://a-96-118-21-169.sys.comcast.net:8080
https://a-96-118-21-172.sys.comcast.net:8080
https://a-96-118-21-179.sys.comcast.net
https://a-96-118-21-182.sys.comcast.net:8080
https://a-96-118-21-192.sys.comcast.net
https://a-96-118-21-198.sys.comcast.net:8080
https://a-96-118-21-199.sys.comcast.net:8080
https://a-96-118-21-204.sys.comcast.net:8080
https://a-96-118-21-205.sys.comcast.net:8080
https://a-96-118-21-210.sys.comcast.net:8080
https://a-96-118-21-214.sys.comcast.net:8080
https://a-96-118-21-216.sys.comcast.net:8080
https://a-96-118-21-218.sys.comcast.net:8080
https://a-96-118-21-220.sys.comcast.net:8080
https://a-96-118-21-223.sys.comcast.net:8080
https://a-96-118-21-226.sys.comcast.net:8080
https://a-96-118-21-239.sys.comcast.net:8080
https://a-96-118-21-245.sys.comcast.net
https://a-96-118-21-251.sys.comcast.net
https://a-96-118-21-252.sys.comcast.net:8080
https://a-96-118-21-2.sys.comcast.net:8080
https://a-96-118-21-5.sys.comcast.net:8080
https://a-96-118-21-65.sys.comcast.net
https://a-96-118-21-70.sys.comcast.net:8080
https://a-96-118-21-71.sys.comcast.net:18081
https://a-96-118-21-73.sys.comcast.net:8080
https://a-96-118-21-77.sys.comcast.net:8080
https://a-96-118-21-80.sys.comcast.net:8080
https://a-96-118-21-81.sys.comcast.net:8080
https://a-96-118-21-83.sys.comcast.net:8080
https://a-96-118-21-95.sys.comcast.net:8080
https://a-96-118-21-97.sys.comcast.net:8089
https://a-96-118-22-0.sys.comcast.net
https://a-96-118-22-103.sys.comcast.net:8080
https://a-96-118-22-105.sys.comcast.net
https://a-96-118-22-106.sys.comcast.net:8080
https://a-96-118-22-107.sys.comcast.net:8080
https://a-96-118-22-110.sys.comcast.net:8080
https://a-96-118-22-113.sys.comcast.net:8080
https://a-96-118-22-115.sys.comcast.net
https://a-96-118-22-139.sys.comcast.net:8080
https://a-96-118-22-140.sys.comcast.net:8080
https://a-96-118-22-149.sys.comcast.net:8080
https://a-96-118-22-152.sys.comcast.net:8080
https://a-96-118-22-155.sys.comcast.net:8080
https://a-96-118-22-15.sys.comcast.net
https://a-96-118-22-171.sys.comcast.net:8080
https://a-96-118-22-172.sys.comcast.net:8080
https://a-96-118-22-177.sys.comcast.net:8080
https://a-96-118-22-178.sys.comcast.net:8080
https://a-96-118-22-185.sys.comcast.net:8080
https://a-96-118-22-200.sys.comcast.net:8080
https://a-96-118-22-204.sys.comcast.net:8080
https://a-96-118-22-216.sys.comcast.net:8080
https://a-96-118-22-226.sys.comcast.net:8080
https://a-96-118-22-242.sys.comcast.net:8080
https://a-96-118-22-248.sys.comcast.net:8080
https://a-96-118-22-2.sys.comcast.net:8080
https://a-96-118-22-31.sys.comcast.net:8080
https://a-96-118-22-32.sys.comcast.net:8080
https://a-96-118-22-44.sys.comcast.net:8080
https://a-96-118-22-48.sys.comcast.net
https://a-96-118-22-49.sys.comcast.net
https://a-96-118-22-4.sys.comcast.net:8080
https://a-96-118-22-51.sys.comcast.net
https://a-96-118-22-58.sys.comcast.net
https://a-96-118-22-59.sys.comcast.net:8080
https://a-96-118-22-60.sys.comcast.net
https://a-96-118-22-78.sys.comcast.net
https://a-96-118-22-83.sys.comcast.net
https://a-96-118-22-88.sys.comcast.net:8080
https://a-96-118-22-90.sys.comcast.net:8080
https://a-96-118-22-93.sys.comcast.net:8080
https://a-96-118-23-102.sys.comcast.net:8080
https://a-96-118-23-109.sys.comcast.net:18081
https://a-96-118-23-124.sys.comcast.net:8080
https://a-96-118-23-125.sys.comcast.net:8080
https://a-96-118-23-129.sys.comcast.net:8080
https://a-96-118-23-130.sys.comcast.net:8080
https://a-96-118-23-131.sys.comcast.net:8080
https://a-96-118-23-132.sys.comcast.net:8080
https://a-96-118-23-133.sys.comcast.net:8080
https://a-96-118-23-134.sys.comcast.net
https://a-96-118-23-139.sys.comcast.net:8080
https://a-96-118-23-140.sys.comcast.net:8080
https://a-96-118-23-145.sys.comcast.net:8080
https://a-96-118-23-158.sys.comcast.net:8080
https://a-96-118-23-159.sys.comcast.net
https://a-96-118-23-161.sys.comcast.net:8080
https://a-96-118-23-162.sys.comcast.net:8080
https://a-96-118-23-165.sys.comcast.net:8080
https://a-96-118-23-167.sys.comcast.net:8080
https://a-96-118-23-171.sys.comcast.net:8080
https://a-96-118-23-175.sys.comcast.net:8080
https://a-96-118-23-179.sys.comcast.net:8080
https://a-96-118-23-182.sys.comcast.net:8080
https://a-96-118-23-196.sys.comcast.net:8080
https://a-96-118-23-198.sys.comcast.net:8080
https://a-96-118-23-201.sys.comcast.net:8080
https://a-96-118-23-206.sys.comcast.net:8080
https://a-96-118-23-219.sys.comcast.net
https://a-96-118-23-34.sys.comcast.net:8080
https://a-96-118-23-35.sys.comcast.net:18081
https://a-96-118-23-41.sys.comcast.net
https://a-96-118-23-42.sys.comcast.net:8080
https://a-96-118-23-45.sys.comcast.net:8080
https://a-96-118-23-48.sys.comcast.net:18081
https://a-96-118-23-49.sys.comcast.net:8080
https://a-96-118-23-52.sys.comcast.net:8080
https://a-96-118-23-56.sys.comcast.net
https://a-96-118-23-63.sys.comcast.net:8080
https://a-96-118-23-65.sys.comcast.net:8080
https://a-96-118-23-67.sys.comcast.net:8080
https://a-96-118-23-73.sys.comcast.net:18081
https://a-96-118-23-9.sys.comcast.net:18081
https://a-96-118-24-10.sys.comcast.net
https://a-96-118-24-2.sys.comcast.net
https://a-96-118-24-39.sys.comcast.net:8080
https://a-96-118-24-47.sys.comcast.net:8080
https://a-96-118-24-63.sys.comcast.net:8080
https://a-96-118-24-97.sys.comcast.net:8080
https://a-96-118-25-138.sys.comcast.net:8080
https://a-96-118-25-139.sys.comcast.net:8080
https://a-96-118-25-141.sys.comcast.net:8080
https://a-96-118-25-181.sys.comcast.net
https://a-96-118-25-182.sys.comcast.net:8080
https://a-96-118-25-213.sys.comcast.net:8080
https://a-96-118-25-229.sys.comcast.net:8080
https://a-96-118-25-231.sys.comcast.net:8080
https://a-96-118-25-239.sys.comcast.net:8080
https://a-96-118-25-251.sys.comcast.net:8080
https://a-96-118-25-72.sys.comcast.net:8089
https://a-96-118-26-105.sys.comcast.net:8080
https://a-96-118-26-114.sys.comcast.net
https://a-96-118-26-116.sys.comcast.net:8080
https://a-96-118-26-120.sys.comcast.net
https://a-96-118-26-122.sys.comcast.net:8080
https://a-96-118-26-131.sys.comcast.net
https://a-96-118-26-146.sys.comcast.net:8443
https://a-96-118-26-210.sys.comcast.net
https://a-96-118-26-220.sys.comcast.net
https://a-96-118-26-33.sys.comcast.net:8080
https://a-96-118-26-46.sys.comcast.net:8080
https://a-96-118-26-50.sys.comcast.net:8080
https://a-96-118-26-61.sys.comcast.net:8080
https://a-96-118-26-68.sys.comcast.net:8080
https://a-96-118-26-70.sys.comcast.net:8080
https://a-96-118-26-71.sys.comcast.net:8080
https://a-96-118-26-75.sys.comcast.net:8080
https://a-96-118-26-82.sys.comcast.net
https://a-96-118-26-83.sys.comcast.net:8080
https://a-96-118-26-88.sys.comcast.net:8080
https://a-96-118-26-93.sys.comcast.net:8080
https://a-96-118-26-95.sys.comcast.net:8080
https://a-96-118-26-96.sys.comcast.net:8080
https://a-96-118-26-99.sys.comcast.net:8080
https://a-96-118-27-101.sys.comcast.net
https://a-96-118-27-104.sys.comcast.net
https://a-96-118-27-105.sys.comcast.net
https://a-96-118-27-107.sys.comcast.net
https://a-96-118-27-113.sys.comcast.net
https://a-96-118-27-114.sys.comcast.net
https://a-96-118-27-115.sys.comcast.net
https://a-96-118-27-116.sys.comcast.net
https://a-96-118-27-117.sys.comcast.net
https://a-96-118-27-118.sys.comcast.net
https://a-96-118-27-11.sys.comcast.net
https://a-96-118-27-120.sys.comcast.net
https://a-96-118-27-121.sys.comcast.net
https://a-96-118-27-122.sys.comcast.net
https://a-96-118-27-123.sys.comcast.net
https://a-96-118-27-124.sys.comcast.net
https://a-96-118-27-126.sys.comcast.net
https://a-96-118-27-127.sys.comcast.net
https://a-96-118-27-128.sys.comcast.net
https://a-96-118-27-131.sys.comcast.net
https://a-96-118-27-134.sys.comcast.net
https://a-96-118-27-14.sys.comcast.net
https://a-96-118-27-21.sys.comcast.net
https://a-96-118-27-29.sys.comcast.net
https://a-96-118-27-2.sys.comcast.net
https://a-96-118-27-30.sys.comcast.net
https://a-96-118-27-38.sys.comcast.net
https://a-96-118-27-40.sys.comcast.net
https://a-96-118-27-5.sys.comcast.net
https://a-96-118-27-70.sys.comcast.net
https://a-96-118-27-86.sys.comcast.net
https://a-96-118-27-95.sys.comcast.net
https://a-96-118-27-99.sys.comcast.net
https://a-96-118-48-150.sys.comcast.net
https://a-96-118-48-206.sys.comcast.net
https://a-96-118-48-221.sys.comcast.net
https://a-96-118-48-55.sys.comcast.net
https://a-96-118-49-123.sys.comcast.net:8080
https://a-96-118-49-138.sys.comcast.net:8080
https://a-96-118-49-141.sys.comcast.net:8080
https://a-96-118-49-142.sys.comcast.net
https://a-96-118-49-164.sys.comcast.net:8080
https://a-96-118-49-166.sys.comcast.net:8080
https://a-96-118-49-167.sys.comcast.net:8080
https://a-96-118-49-172.sys.comcast.net:8080
https://a-96-118-49-190.sys.comcast.net
https://a-96-118-49-206.sys.comcast.net
https://a-96-118-49-49.sys.comcast.net
https://a-96-118-50-122.sys.comcast.net:8080
https://a-96-118-50-199.sys.comcast.net
https://a-96-118-50-203.sys.comcast.net
https://a-96-118-50-227.sys.comcast.net
https://a-96-118-50-79.sys.comcast.net
https://a-96-118-51-137.sys.comcast.net
https://a-96-118-51-154.sys.comcast.net
https://a-96-118-51-193.sys.comcast.net
https://a-96-118-51-216.sys.comcast.net
https://a-96-118-51-231.sys.comcast.net
https://a-96-118-51-238.sys.comcast.net:8080
https://a-96-118-51-242.sys.comcast.net
https://a-96-118-51-37.sys.comcast.net
https://a-96-118-51-38.sys.comcast.net
https://a-96-118-51-45.sys.comcast.net
https://a-96-118-51-8.sys.comcast.net
https://a-96-118-52-100.sys.comcast.net:8080
https://a-96-118-52-102.sys.comcast.net:8080
https://a-96-118-52-107.sys.comcast.net:8080
https://a-96-118-52-126.sys.comcast.net:8080
https://a-96-118-52-145.sys.comcast.net
https://a-96-118-52-146.sys.comcast.net:8080
https://a-96-118-52-150.sys.comcast.net:8080
https://a-96-118-52-151.sys.comcast.net:8080
https://a-96-118-52-152.sys.comcast.net:8080
https://a-96-118-52-156.sys.comcast.net:8080
https://a-96-118-52-159.sys.comcast.net
https://a-96-118-52-162.sys.comcast.net:8080
https://a-96-118-52-167.sys.comcast.net:8080
https://a-96-118-52-168.sys.comcast.net:8080
https://a-96-118-52-170.sys.comcast.net:8080
https://a-96-118-52-174.sys.comcast.net:8080
https://a-96-118-52-175.sys.comcast.net:8080
https://a-96-118-52-178.sys.comcast.net:8080
https://a-96-118-52-179.sys.comcast.net:8080
https://a-96-118-52-180.sys.comcast.net:8080
https://a-96-118-52-181.sys.comcast.net:8080
https://a-96-118-52-188.sys.comcast.net:8080
https://a-96-118-52-194.sys.comcast.net:8080
https://a-96-118-52-196.sys.comcast.net
https://a-96-118-52-198.sys.comcast.net:8080
https://a-96-118-52-200.sys.comcast.net:8080
https://a-96-118-52-206.sys.comcast.net:8080
https://a-96-118-52-223.sys.comcast.net
https://a-96-118-52-226.sys.comcast.net
https://a-96-118-52-244.sys.comcast.net:8080
https://a-96-118-52-67.sys.comcast.net
https://a-96-118-52-88.sys.comcast.net
https://a-96-118-53-101.sys.comcast.net:8080
https://a-96-118-53-107.sys.comcast.net:8080
https://a-96-118-53-118.sys.comcast.net:8080
https://a-96-118-53-121.sys.comcast.net
https://a-96-118-53-122.sys.comcast.net:8080
https://a-96-118-53-126.sys.comcast.net:8080
https://a-96-118-53-134.sys.comcast.net:8080
https://a-96-118-53-137.sys.comcast.net
https://a-96-118-53-143.sys.comcast.net
https://a-96-118-53-21.sys.comcast.net:8080
https://a-96-118-53-236.sys.comcast.net:8080
https://a-96-118-53-245.sys.comcast.net
https://a-96-118-53-30.sys.comcast.net:8080
https://a-96-118-53-33.sys.comcast.net:8080
https://a-96-118-53-39.sys.comcast.net:8080
https://a-96-118-53-40.sys.comcast.net:8080
https://a-96-118-53-41.sys.comcast.net:8080
https://a-96-118-53-44.sys.comcast.net:8080
https://a-96-118-53-46.sys.comcast.net:8080
https://a-96-118-53-47.sys.comcast.net:8080
https://a-96-118-53-49.sys.comcast.net:8080
https://a-96-118-53-50.sys.comcast.net:8080
https://a-96-118-53-53.sys.comcast.net:8080
https://a-96-118-53-54.sys.comcast.net:8080
https://a-96-118-53-56.sys.comcast.net:8080
https://a-96-118-53-57.sys.comcast.net:8080
https://a-96-118-53-58.sys.comcast.net:8080
https://a-96-118-53-59.sys.comcast.net:8080
https://a-96-118-53-60.sys.comcast.net:8080
https://a-96-118-53-61.sys.comcast.net:8080
https://a-96-118-53-62.sys.comcast.net:8080
https://a-96-118-53-64.sys.comcast.net:8080
https://a-96-118-53-65.sys.comcast.net:8080
https://a-96-118-53-66.sys.comcast.net:8080
https://a-96-118-53-68.sys.comcast.net:8080
https://a-96-118-53-70.sys.comcast.net:8080
https://a-96-118-53-72.sys.comcast.net:8080
https://a-96-118-53-73.sys.comcast.net:8080
https://a-96-118-53-74.sys.comcast.net:8080
https://a-96-118-53-77.sys.comcast.net:8080
https://a-96-118-53-82.sys.comcast.net:8080
https://a-96-118-53-86.sys.comcast.net:8080
https://a-96-118-53-87.sys.comcast.net:8080
https://a-96-118-53-88.sys.comcast.net:8080
https://a-96-118-53-89.sys.comcast.net:8080
https://a-96-118-53-90.sys.comcast.net:8080
https://a-96-118-53-91.sys.comcast.net:8080
https://a-96-118-53-92.sys.comcast.net:8080
https://a-96-118-53-93.sys.comcast.net:8080
https://a-96-118-53-94.sys.comcast.net:8080
https://a-96-118-53-95.sys.comcast.net:8080
https://a-96-118-54-118.sys.comcast.net:8080
https://a-96-118-54-120.sys.comcast.net
https://a-96-118-54-136.sys.comcast.net:8080
https://a-96-118-54-140.sys.comcast.net:8080
https://a-96-118-54-152.sys.comcast.net
https://a-96-118-54-166.sys.comcast.net:8080
https://a-96-118-54-168.sys.comcast.net:8080
https://a-96-118-54-169.sys.comcast.net:8080
https://a-96-118-54-178.sys.comcast.net:8080
https://a-96-118-54-17.sys.comcast.net
https://a-96-118-54-180.sys.comcast.net:8080
https://a-96-118-54-185.sys.comcast.net:8080
https://a-96-118-54-18.sys.comcast.net
https://a-96-118-54-190.sys.comcast.net
https://a-96-118-54-192.sys.comcast.net
https://a-96-118-54-1.sys.comcast.net
https://a-96-118-54-238.sys.comcast.net:8080
https://a-96-118-54-240.sys.comcast.net:8080
https://a-96-118-54-242.sys.comcast.net:8080
https://a-96-118-54-251.sys.comcast.net:8080
https://a-96-118-54-254.sys.comcast.net:8080
https://a-96-118-54-30.sys.comcast.net
https://a-96-118-54-60.sys.comcast.net
https://a-96-118-54-62.sys.comcast.net
https://a-96-118-54-63.sys.comcast.net:8080
https://a-96-118-54-75.sys.comcast.net:8080
https://a-96-118-54-88.sys.comcast.net
https://a-96-118-54-96.sys.comcast.net:8080
https://a-96-118-54-97.sys.comcast.net
https://a-96-118-55-0.sys.comcast.net:8080
https://a-96-118-55-100.sys.comcast.net:8080
https://a-96-118-55-107.sys.comcast.net:8080
https://a-96-118-55-114.sys.comcast.net:8080
https://a-96-118-55-115.sys.comcast.net
https://a-96-118-55-121.sys.comcast.net:8080
https://a-96-118-55-124.sys.comcast.net:8080
https://a-96-118-55-125.sys.comcast.net:8080
https://a-96-118-55-126.sys.comcast.net:8080
https://a-96-118-55-127.sys.comcast.net:8080
https://a-96-118-55-129.sys.comcast.net:8080
https://a-96-118-55-12.sys.comcast.net:8080
https://a-96-118-55-130.sys.comcast.net:8080
https://a-96-118-55-133.sys.comcast.net:8080
https://a-96-118-55-134.sys.comcast.net:8080
https://a-96-118-55-135.sys.comcast.net
https://a-96-118-55-138.sys.comcast.net:8080
https://a-96-118-55-139.sys.comcast.net:8080
https://a-96-118-55-140.sys.comcast.net:8080
https://a-96-118-55-141.sys.comcast.net:8080
https://a-96-118-55-142.sys.comcast.net:8080
https://a-96-118-55-143.sys.comcast.net:8080
https://a-96-118-55-144.sys.comcast.net:8080
https://a-96-118-55-147.sys.comcast.net:8080
https://a-96-118-55-149.sys.comcast.net:8080
https://a-96-118-55-14.sys.comcast.net:8080
https://a-96-118-55-151.sys.comcast.net:8080
https://a-96-118-55-152.sys.comcast.net:8080
https://a-96-118-55-153.sys.comcast.net:8080
https://a-96-118-55-154.sys.comcast.net
https://a-96-118-55-157.sys.comcast.net:8080
https://a-96-118-55-158.sys.comcast.net:8080
https://a-96-118-55-160.sys.comcast.net
https://a-96-118-55-161.sys.comcast.net:8080
https://a-96-118-55-162.sys.comcast.net:8080
https://a-96-118-55-163.sys.comcast.net:8080
https://a-96-118-55-164.sys.comcast.net:8080
https://a-96-118-55-165.sys.comcast.net:8080
https://a-96-118-55-167.sys.comcast.net:8080
https://a-96-118-55-169.sys.comcast.net:8080
https://a-96-118-55-171.sys.comcast.net:8080
https://a-96-118-55-172.sys.comcast.net:8080
https://a-96-118-55-1.sys.comcast.net:8080
https://a-96-118-55-204.sys.comcast.net
https://a-96-118-55-208.sys.comcast.net
https://a-96-118-55-217.sys.comcast.net
https://a-96-118-55-21.sys.comcast.net:8080
https://a-96-118-55-24.sys.comcast.net:8080
https://a-96-118-55-25.sys.comcast.net:8080
https://a-96-118-55-32.sys.comcast.net:8080
https://a-96-118-55-33.sys.comcast.net:8080
https://a-96-118-55-34.sys.comcast.net:8080
https://a-96-118-55-35.sys.comcast.net:8080
https://a-96-118-55-36.sys.comcast.net:8080
https://a-96-118-55-38.sys.comcast.net:8080
https://a-96-118-55-39.sys.comcast.net:8080
https://a-96-118-55-40.sys.comcast.net:8080
https://a-96-118-55-42.sys.comcast.net:8080
https://a-96-118-55-46.sys.comcast.net:8080
https://a-96-118-55-48.sys.comcast.net:8080
https://a-96-118-55-50.sys.comcast.net:8080
https://a-96-118-55-51.sys.comcast.net:8080
https://a-96-118-56-103.sys.comcast.net
https://a-96-118-56-115.sys.comcast.net
https://a-96-118-56-151.sys.comcast.net
https://a-96-118-56-154.sys.comcast.net
https://a-96-118-56-156.sys.comcast.net
https://a-96-118-56-164.sys.comcast.net
https://a-96-118-56-165.sys.comcast.net
https://a-96-118-56-168.sys.comcast.net
https://a-96-118-56-185.sys.comcast.net
https://a-96-118-56-191.sys.comcast.net
https://a-96-118-56-221.sys.comcast.net
https://a-96-118-56-228.sys.comcast.net
https://a-96-118-56-239.sys.comcast.net
https://a-96-118-56-246.sys.comcast.net
https://a-96-118-56-38.sys.comcast.net
https://a-96-118-56-51.sys.comcast.net
https://a-96-118-56-70.sys.comcast.net
https://a-96-118-56-81.sys.comcast.net
https://a-96-118-56-90.sys.comcast.net
https://a-96-118-56-92.sys.comcast.net
https://a-96-118-57-115.sys.comcast.net
https://a-96-118-57-11.sys.comcast.net
https://a-96-118-57-13.sys.comcast.net
https://a-96-118-57-146.sys.comcast.net
https://a-96-118-57-157.sys.comcast.net
https://a-96-118-57-161.sys.comcast.net
https://a-96-118-57-168.sys.comcast.net
https://a-96-118-57-16.sys.comcast.net
https://a-96-118-57-178.sys.comcast.net
https://a-96-118-57-214.sys.comcast.net
https://a-96-118-57-233.sys.comcast.net
https://a-96-118-57-239.sys.comcast.net
https://a-96-118-57-240.sys.comcast.net
https://a-96-118-57-243.sys.comcast.net
https://a-96-118-57-248.sys.comcast.net
https://a-96-118-57-253.sys.comcast.net
https://a-96-118-57-28.sys.comcast.net
https://a-96-118-57-34.sys.comcast.net
https://a-96-118-57-37.sys.comcast.net
https://a-96-118-57-39.sys.comcast.net
https://a-96-118-57-41.sys.comcast.net
https://a-96-118-57-45.sys.comcast.net
https://a-96-118-57-47.sys.comcast.net
https://a-96-118-57-4.sys.comcast.net
https://a-96-118-57-60.sys.comcast.net
https://a-96-118-57-69.sys.comcast.net
https://a-96-118-57-6.sys.comcast.net
https://a-96-118-58-120.sys.comcast.net
https://a-96-118-58-145.sys.comcast.net
https://a-96-118-58-164.sys.comcast.net
https://a-96-118-58-17.sys.comcast.net
https://a-96-118-58-225.sys.comcast.net
https://a-96-118-58-231.sys.comcast.net
https://a-96-118-58-236.sys.comcast.net
https://a-96-118-58-247.sys.comcast.net
https://a-96-118-58-250.sys.comcast.net
https://a-96-118-58-252.sys.comcast.net
https://a-96-118-58-255.sys.comcast.net
https://a-96-118-58-37.sys.comcast.net
https://a-96-118-58-41.sys.comcast.net
https://a-96-118-58-44.sys.comcast.net
https://a-96-118-58-55.sys.comcast.net
https://a-96-118-58-62.sys.comcast.net
https://a-96-118-58-69.sys.comcast.net
https://a-96-118-58-97.sys.comcast.net
https://a-96-118-58-99.sys.comcast.net
https://a-96-118-60-153.sys.comcast.net
https://a-96-118-60-6.sys.comcast.net
https://a-96-118-61-106.sys.comcast.net
https://a-96-118-61-135.sys.comcast.net
https://a-96-118-61-143.sys.comcast.net
https://a-96-118-61-144.sys.comcast.net
https://a-96-118-61-226.sys.comcast.net
https://a-96-118-61-241.sys.comcast.net
https://a-96-118-62-25.sys.comcast.net
https://a-96-118-62-35.sys.comcast.net
https://a-96-118-62-62.sys.comcast.net
https://a-96-118-62-9.sys.comcast.net
https://aamail.sys.comcast.net
https://aa-resi-postmaster-ch2g-01p.sys.comcast.net
https://aa-resi-postmaster-ch2g-02p.sys.comcast.net
https://aa-resi-postmaster-ch2g-03p.sys.comcast.net
https://aa-resi-postmaster-ch2g-04p.sys.comcast.net
https://abcappsdl1-ch2-01p.sys.comcast.net
https://accessibility-cms-c1s-118973.sys.comcast.net:8010
https://accessibility-cms-c2p-101902.sys.comcast.net:8010
https://accessibility-cms-c2q-068359.sys.comcast.net:8005
https://accessibility-cms-c2q-068359.sys.comcast.net:8010
https://accessibility-cms-h1s-129583.sys.comcast.net:8010
https://accessibility-cms-h2p-112638.sys.comcast.net:8010
https://accessibility-cms-h2q-036602.sys.comcast.net:8005
https://accessibility-cms-h2q-036602.sys.comcast.net:8010
https://accessibility-prv-a2p-167723.sys.comcast.net
https://accessibility-prv-a2q-086237.sys.comcast.net
https://accessibility-prv-c1s-119708.sys.comcast.net
https://accessibility-prv-h1s-129577.sys.comcast.net
https://accessibility-prv-h2p-113226.sys.comcast.net
https://accessibility-prv-h2q-036627.sys.comcast.net
https://accessibility-web-a1p-167275.sys.comcast.net
https://accessibility-web-a2p-167486.sys.comcast.net
https://accessibility-web-a2q-085972.sys.comcast.net
https://accessibility-web-a2s-165872.sys.comcast.net
https://accessibility-web-a3p-167277.sys.comcast.net
https://accessibility-web-a3s-165871.sys.comcast.net
https://accessibility-web-c1p-102748.sys.comcast.net
https://accessibility-web-c1s-032939.sys.comcast.net
https://accessibility-web-c2p-102749.sys.comcast.net
https://accessibility-web-c2q-030853.sys.comcast.net
https://accessibility-web-c2s-033722.sys.comcast.net
https://accessibility-web-c3p-102485.sys.comcast.net
https://accessibility-web-c3s-033920.sys.comcast.net
https://amdocs-webhook.sys.comcast.net
https://artiproxyb-as-a1p.sys.comcast.net
https://artiproxyb-ho-a1p.sys.comcast.net
https://artiproxyb-ho-a2p.sys.comcast.net
https://ashb-dns-web01.sys.comcast.net:8080
https://aspera-cmc-a3p.sys.comcast.net
https://aspera-cmc-a4p.sys.comcast.net
https://bigid-prod-collibra-connector.sys.comcast.net
https://bigid-prod-collibra-connector.sys.comcast.net:8443
https://cameraservice-beta-cvr-aws-eu1.sys.comcast.net
https://cameraservice-cvr-aws-eu1.sys.comcast.net
https://cameraservice-qa-cvr-aws-eu1.sys.comcast.net
https://camp-po-web07p.sys.comcast.net
https://camp-po-web07q.sys.comcast.net
https://camp-po-web07s.sys.comcast.net
https://capability-matrix.sys.comcast.net
https://ccp.sys.comcast.net
https://central.ec.sys.comcast.net
https://cfproxy-as-b1p.sys.comcast.net
https://cfproxy-as-b2p.sys.comcast.net
https://cfproxy-as-b3p.sys.comcast.net
https://cfproxy-as-b4p.sys.comcast.net
https://cfproxy-po-b1p.sys.comcast.net
https://cfproxy-po-b2p.sys.comcast.net
https://cfproxy-po-b3p.sys.comcast.net
https://cfproxy-po-b4p.sys.comcast.net
https://cgc-ch2-vip.sys.comcast.net
https://cgc-ch2-web01.sys.comcast.net
https://cgc-ch2-web03.sys.comcast.net
https://cgc-ch2-web2.sys.comcast.net
https://cgc-po-dev.sys.comcast.net
https://cgc-wc-vip.sys.comcast.net
https://cgc-wc-web01.sys.comcast.net
https://cgc-wc-web02.sys.comcast.net
https://cgc-wc-web03.sys.comcast.net
https://cimastatic-ch2-1q.sys.comcast.net
https://cimastatic-ch2-1s.sys.comcast.net
https://cimastatic-ch2-2q.sys.comcast.net
https://cimastatic-ch2-2s.sys.comcast.net
https://cimastatic-wc-1p.sys.comcast.net
https://cimastatic-wc-2p.sys.comcast.net
https://cimastatic-wc-3p.sys.comcast.net
https://cimastatic-wc-4p.sys.comcast.net
https://cmcstlir-ch2-a1p.sys.comcast.net
https://config-beta-cvr-aws-eu1.sys.comcast.net
https://config-cvr-aws-eu1.sys.comcast.net
https://config-qa-cvr-aws-eu1.sys.comcast.net
https://courtesy-stg-web.sys.comcast.net
https://courtesy-web-as-lb01.sys.comcast.net
https://courtesy-web-ch2-lb01.sys.comcast.net
https://ctccweb-as-ap.sys.comcast.net
https://ct-tableau.sys.comcast.net
https://deaa-ccp-prod.sys.comcast.net
https://deaa-ccp-stage.sys.comcast.net
https://deaa-tkts-prod.sys.comcast.net
https://deaa-tkts-stage.sys.comcast.net
https://deaa-tpx-stage.sys.comcast.net
https://dev-reporting.ec.sys.comcast.net
https://east.ec.sys.comcast.net
https://eats.sys.comcast.net
https://ebipublic-ch2-dna.sys.comcast.net
https://emcngx-wc-c2u.sys.comcast.net
https://emsdev.sys.comcast.net:8080
https://etwiki.sys.comcast.net
https://exlaspc-ch2-a2d.sys.comcast.net
https://exluikw-ch2-a1p.sys.comcast.net
https://haproxy-prod-chh-02.sys.comcast.net
https://haproxy-prod-hoc-02.sys.comcast.net
https://haproxyqa-hoc-02.sys.comcast.net
https://haproxystage-asb-03.sys.comcast.net
https://haproxystage-hoc-01.sys.comcast.net
https://haproxystage-hoc-02.sys.comcast.net
https://haproxysvdev-hoc-01.sys.comcast.net
https://haproxysvqa-hoc-01.sys.comcast.net
https://hitsportal-dev.sys.comcast.net
https://hitsproxy-ch2-lab-019927.sys.comcast.net
https://hsappbakbeta-po-01.sys.comcast.net
https://hsappbakbeta-po-02.sys.comcast.net
https://iauth-po-a-clus.sys.comcast.net
https://iauth-wc-a-clus.sys.comcast.net
https://iconapp-ho-az2-1p.sys.comcast.net
https://iconjira.sys.comcast.net
https://icontest.sys.comcast.net
https://ilex-qa.sys.comcast.net
https://ilxnodejs-qa.sys.comcast.net
https://ivod-po-05p.sys.comcast.net
https://ivod-po-07p.sys.comcast.net
https://ivod-wc-04p.sys.comcast.net
https://jiradevapp-as-az2-1d.sys.comcast.net
https://jiradev.sys.comcast.net
http://slackinterface.sys.comcast.net
https://livecache-read-beta-cvr-aws-eu1.sys.comcast.net
https://livecache-read-cvr-aws-eu1.sys.comcast.net
https://livecache-read-qa-cvr-aws-eu1.sys.comcast.net
https://livecache-stg-cvr-eu.sys.comcast.net
https://mdpapp-ch2-b1p.sys.comcast.net
https://mdpapp-ch2-b2p.sys.comcast.net
https://mdpapp-ch2-b3p.sys.comcast.net
https://mdpapp-ho-a1p.sys.comcast.net
https://mdpapp-wc-b1p.sys.comcast.net
https://mdpapp-wc-b1s.sys.comcast.net
https://mdpapp-wc-b2p.sys.comcast.net
https://mdpapp-wc-b2s.sys.comcast.net
https://mdpapp-wc-b3p.sys.comcast.net
https://mdpapp-wc-b3s.sys.comcast.net
https://mdpoc-ch2-b1p.sys.comcast.net
https://mdpoc-ch2-b1s.sys.comcast.net
https://mdpoc-wc-b1p.sys.comcast.net
https://mdpoc-wc-b1s.sys.comcast.net
https://mediasvc-as.sys.comcast.net
https://mediasvc-ho.sys.comcast.net
https://mediasvc-po.sys.comcast.net
https://mediasvc-wc.sys.comcast.net
https://merdev-ho-b006.sys.comcast.net
https://merentgw-ho-01.sys.comcast.net
https://merentgw-ho-02.sys.comcast.net
https://merkong-ho-01.sys.comcast.net
https://merkong-ho-02.sys.comcast.net
https://merkong-wc-2s.sys.comcast.net
https://mernex-ho-b1.sys.comcast.net
https://mit-reporting.ec.sys.comcast.net
https://mrcparaprx-wc-a1s.sys.comcast.net
https://msapp-mdp-ch2.sys.comcast.net
https://msapp-mdp-po.sys.comcast.net
https://mueller-api.go.sys.comcast.net
https://natx-eqca-01.sys.comcast.net
https://npsapp-ho-az2-1p.sys.comcast.net
https://npselevations.sys.comcast.net
https://orbital-dev-lb.sys.comcast.net
https://orbital-lb.sys.comcast.net
http://spacaptive-as-a1p.sys.comcast.net
http://spacaptive-ch2-a1p.sys.comcast.net
https://pevinet-ch2-01p.sys.comcast.net
https://pevinet-po-01p.sys.comcast.net
https://pivot-qa.sys.comcast.net
https://playback-beta-cvr-aws-eu1.sys.comcast.net
https://playback-cvr-aws-eu1.sys.comcast.net
https://playback-qa-cvr-aws-eu1.sys.comcast.net
https://pr-dmsapp-as-d-001.sys.comcast.net
https://pr-dmsapp-as-d-002.sys.comcast.net
https://pr-dmsapp-as-d-003.sys.comcast.net
https://pr-dmsapp-as-d-004.sys.comcast.net
https://pr-dmsapp-as-d-005.sys.comcast.net
https://pr-dmsapp-as-d-006.sys.comcast.net
https://pr-dmsapphap-as-d-001.sys.comcast.net
https://pr-dmsapphap-as-d-002.sys.comcast.net
https://pr-dmsapphap-as-d-003.sys.comcast.net
https://pr-dmsapphap-ho-c-001.sys.comcast.net
https://pr-dmsapphap-ho-c-002.sys.comcast.net
https://pr-dmsapphap-ho-c-003.sys.comcast.net
https://pr-dmsapp-ho-c-001.sys.comcast.net
https://pr-dmsapp-ho-c-002.sys.comcast.net
https://pr-dmsapp-ho-c-003.sys.comcast.net
https://pr-dmsapp-ho-c-004.sys.comcast.net
https://pr-dmsapp-ho-c-006.sys.comcast.net
https://pr-dmsfw-ch2-h-001.sys.comcast.net
https://pr-dmsfw-ch2-h-002.sys.comcast.net
https://pr-dmsfw-ho-c-001.sys.comcast.net
https://pr-dmsfw-ho-c-002.sys.comcast.net
https://prdstry-ch2h-web-lb01.sys.comcast.net
https://proxy-wdp-as.sys.comcast.net
https://proxy-wdp-as.sys.comcast.net:8443
https://px-apps.sys.comcast.net
https://qa2-dmsapphap-fxbo-001.rtc.sys.comcast.net
https://qa-reporting.ec.sys.comcast.net
https://qoe-agta-01.speedtest-web.sys.comcast.net
https://qoe-agta-01.speedtest-web.sys.comcast.net:6003
https://qoe-agta-01.speedtest-web.sys.comcast.net:6025
https://qoe-agta-02.speedtest-web.sys.comcast.net
https://qoe-agta-02.speedtest-web.sys.comcast.net:6003
https://qoe-agta-02.speedtest-web.sys.comcast.net:6025
https://qoe-agta-03.speedtest-web.sys.comcast.net
https://qoe-agta-03.speedtest-web.sys.comcast.net:6003
https://qoe-agta-03.speedtest-web.sys.comcast.net:6025
https://qoe-albq-01.speedtest-web.sys.comcast.net
https://qoe-albq-01.speedtest-web.sys.comcast.net:6003
https://qoe-albq-01.speedtest-web.sys.comcast.net:6025
https://qoe-albq-02.speedtest-web.sys.comcast.net
https://qoe-albq-02.speedtest-web.sys.comcast.net:6003
https://qoe-albq-02.speedtest-web.sys.comcast.net:6025
https://qoe-albq-03.speedtest-web.sys.comcast.net
https://qoe-albq-03.speedtest-web.sys.comcast.net:6003
https://qoe-albq-03.speedtest-web.sys.comcast.net:6025
https://qoecnf-albq-01.speedtest-web.sys.comcast.net
https://qoecnf-albq-01.speedtest-web.sys.comcast.net:6003
https://qoecnf-albq-01.speedtest-web.sys.comcast.net:6025
https://qoecnf-corl-01.speedtest-web.sys.comcast.net
https://qoecnf-corl-01.speedtest-web.sys.comcast.net:6003
https://qoecnf-corl-01.speedtest-web.sys.comcast.net:6025
https://qoecnf-corl-02.speedtest-web.sys.comcast.net
https://qoecnf-corl-02.speedtest-web.sys.comcast.net:6003
https://qoecnf-corl-02.speedtest-web.sys.comcast.net:6025
https://qoecnf-corl-03.speedtest-web.sys.comcast.net
https://qoecnf-corl-03.speedtest-web.sys.comcast.net:6003
https://qoecnf-corl-03.speedtest-web.sys.comcast.net:6025
https://qoecnf-csnt-01.speedtest-web.sys.comcast.net
https://qoecnf-csnt-01.speedtest-web.sys.comcast.net:6003
https://qoecnf-csnt-01.speedtest-web.sys.comcast.net:6025
https://qoecnf-eden-01.speedtest-web.sys.comcast.net
https://qoecnf-eden-01.speedtest-web.sys.comcast.net:6003
https://qoecnf-eden-01.speedtest-web.sys.comcast.net:6025
https://qoecnf-eden-02.speedtest-web.sys.comcast.net
https://qoecnf-eden-02.speedtest-web.sys.comcast.net:6003
https://qoecnf-eden-02.speedtest-web.sys.comcast.net:6025
https://qoecnf-eden-03.speedtest-web.sys.comcast.net
https://qoecnf-eden-03.speedtest-web.sys.comcast.net:6003
https://qoecnf-eden-03.speedtest-web.sys.comcast.net:6025
https://qoecnf-jack-01.speedtest-web.sys.comcast.net
https://qoecnf-jack-01.speedtest-web.sys.comcast.net:6003
https://qoecnf-jack-01.speedtest-web.sys.comcast.net:6025
https://qoecnf-jack-02.speedtest-web.sys.comcast.net
https://qoecnf-jack-02.speedtest-web.sys.comcast.net:6003
https://qoecnf-jack-02.speedtest-web.sys.comcast.net:6025
https://qoecnf-jack-03.speedtest-web.sys.comcast.net
https://qoecnf-jack-03.speedtest-web.sys.comcast.net:6003
https://qoecnf-jack-03.speedtest-web.sys.comcast.net:6025
https://qoecnf-katy-01.speedtest-web.sys.comcast.net
https://qoecnf-katy-01.speedtest-web.sys.comcast.net:6003
https://qoecnf-katy-01.speedtest-web.sys.comcast.net:6025
https://qoecnf-katy-02.speedtest-web.sys.comcast.net
https://qoecnf-katy-02.speedtest-web.sys.comcast.net:6003
https://qoecnf-katy-02.speedtest-web.sys.comcast.net:6025
https://qoecnf-katy-03.speedtest-web.sys.comcast.net
https://qoecnf-katy-03.speedtest-web.sys.comcast.net:6003
https://qoecnf-katy-03.speedtest-web.sys.comcast.net:6025
https://qoecnf-malt-01.speedtest-web.sys.comcast.net
https://qoecnf-malt-01.speedtest-web.sys.comcast.net:6003
https://qoecnf-malt-01.speedtest-web.sys.comcast.net:6025
https://qoecnf-malt-02.speedtest-web.sys.comcast.net
https://qoecnf-malt-02.speedtest-web.sys.comcast.net:6003
https://qoecnf-malt-02.speedtest-web.sys.comcast.net:6025
https://qoecnf-malt-03.speedtest-web.sys.comcast.net
https://qoecnf-malt-03.speedtest-web.sys.comcast.net:6003
https://qoecnf-malt-03.speedtest-web.sys.comcast.net:6025
https://qoecnf-mimi-01.speedtest-web.sys.comcast.net
https://qoecnf-mimi-01.speedtest-web.sys.comcast.net:6003
https://qoecnf-mimi-01.speedtest-web.sys.comcast.net:6025
https://qoecnf-mimi-02.speedtest-web.sys.comcast.net
https://qoecnf-mimi-02.speedtest-web.sys.comcast.net:6003
https://qoecnf-mimi-02.speedtest-web.sys.comcast.net:6025
https://qoecnf-mimi-03.speedtest-web.sys.comcast.net
https://qoecnf-mimi-03.speedtest-web.sys.comcast.net:6003
https://qoecnf-mimi-03.speedtest-web.sys.comcast.net:6025
https://qoecnf-nash-01.speedtest-web.sys.comcast.net
https://qoecnf-nash-01.speedtest-web.sys.comcast.net:6003
https://qoecnf-nash-01.speedtest-web.sys.comcast.net:6025
https://qoecnf-nash-02.speedtest-web.sys.comcast.net
https://qoecnf-nash-02.speedtest-web.sys.comcast.net:6003
https://qoecnf-nash-02.speedtest-web.sys.comcast.net:6025
https://qoecnf-nash-03.speedtest-web.sys.comcast.net
https://qoecnf-nash-03.speedtest-web.sys.comcast.net:6003
https://qoecnf-nash-03.speedtest-web.sys.comcast.net:6025
https://qoecnf-port-01.speedtest-web.sys.comcast.net
https://qoecnf-port-01.speedtest-web.sys.comcast.net:6003
https://qoecnf-port-01.speedtest-web.sys.comcast.net:6025
https://qoecnf-port-02.speedtest-web.sys.comcast.net
https://qoecnf-port-02.speedtest-web.sys.comcast.net:6003
https://qoecnf-port-02.speedtest-web.sys.comcast.net:6025
https://qoecnf-port-03.speedtest-web.sys.comcast.net
https://qoecnf-port-03.speedtest-web.sys.comcast.net:6003
https://qoecnf-port-03.speedtest-web.sys.comcast.net:6025
https://qoecnf-rmnd-01.speedtest-web.sys.comcast.net
https://qoecnf-rmnd-01.speedtest-web.sys.comcast.net:6003
https://qoecnf-rmnd-01.speedtest-web.sys.comcast.net:6025
https://qoecnf-rmnd-02.speedtest-web.sys.comcast.net
https://qoecnf-rmnd-02.speedtest-web.sys.comcast.net:6003
https://qoecnf-rmnd-02.speedtest-web.sys.comcast.net:6025
https://qoecnf-rmnd-03.speedtest-web.sys.comcast.net
https://qoecnf-rmnd-03.speedtest-web.sys.comcast.net:6003
https://qoecnf-rmnd-03.speedtest-web.sys.comcast.net:6025
https://qoecnf-rnch-01.speedtest-web.sys.comcast.net
https://qoecnf-rnch-01.speedtest-web.sys.comcast.net:6003
https://qoecnf-rnch-01.speedtest-web.sys.comcast.net:6025
https://qoecnf-rnch-02.speedtest-web.sys.comcast.net
https://qoecnf-rnch-02.speedtest-web.sys.comcast.net:6003
https://qoecnf-rnch-02.speedtest-web.sys.comcast.net:6025
https://qoecnf-rnch-03.speedtest-web.sys.comcast.net
https://qoecnf-rnch-03.speedtest-web.sys.comcast.net:6003
https://qoecnf-rnch-03.speedtest-web.sys.comcast.net:6025
https://qoecnf-seat-01.speedtest-web.sys.comcast.net
https://qoecnf-seat-01.speedtest-web.sys.comcast.net:6003
https://qoecnf-seat-01.speedtest-web.sys.comcast.net:6025
https://qoecnf-seat-02.speedtest-web.sys.comcast.net
https://qoecnf-seat-02.speedtest-web.sys.comcast.net:6003
https://qoecnf-seat-02.speedtest-web.sys.comcast.net:6025
https://qoecnf-seat-03.speedtest-web.sys.comcast.net
https://qoecnf-seat-03.speedtest-web.sys.comcast.net:6003
https://qoecnf-seat-03.speedtest-web.sys.comcast.net:6025
https://qoecnf-seca-01.speedtest-web.sys.comcast.net
https://qoecnf-seca-01.speedtest-web.sys.comcast.net:6003
https://qoecnf-seca-01.speedtest-web.sys.comcast.net:6025
https://qoecnf-seca-02.speedtest-web.sys.comcast.net
https://qoecnf-seca-02.speedtest-web.sys.comcast.net:6003
https://qoecnf-seca-02.speedtest-web.sys.comcast.net:6025
https://qoecnf-seca-03.speedtest-web.sys.comcast.net
https://qoecnf-seca-03.speedtest-web.sys.comcast.net:6003
https://qoecnf-seca-03.speedtest-web.sys.comcast.net:6025
https://qoecnf-sfld-01.speedtest-web.sys.comcast.net
https://qoecnf-sfld-01.speedtest-web.sys.comcast.net:6003
https://qoecnf-sfld-01.speedtest-web.sys.comcast.net:6025
https://qoecnf-sfld-02.speedtest-web.sys.comcast.net
https://qoecnf-sfld-02.speedtest-web.sys.comcast.net:6003
https://qoecnf-sfld-02.speedtest-web.sys.comcast.net:6025
https://qoecnf-sfld-03.speedtest-web.sys.comcast.net
https://qoecnf-sfld-03.speedtest-web.sys.comcast.net:6003
https://qoecnf-sfld-03.speedtest-web.sys.comcast.net:6025
https://qoecnf-stlk02-01.speedtest-web.sys.comcast.net
https://qoecnf-stlk02-01.speedtest-web.sys.comcast.net:6003
https://qoecnf-stlk02-01.speedtest-web.sys.comcast.net:6025
https://qoecnf-stlk02-02.speedtest-web.sys.comcast.net
https://qoecnf-stlk02-02.speedtest-web.sys.comcast.net:6003
https://qoecnf-stlk02-02.speedtest-web.sys.comcast.net:6025
https://qoecnf-stlk02-03.speedtest-web.sys.comcast.net
https://qoecnf-stlk02-03.speedtest-web.sys.comcast.net:6003
https://qoecnf-stlk02-03.speedtest-web.sys.comcast.net:6025
https://qoecnf-tall-01.speedtest-web.sys.comcast.net
https://qoecnf-tall-01.speedtest-web.sys.comcast.net:6003
https://qoecnf-tall-01.speedtest-web.sys.comcast.net:6025
https://qoecnf-tall-02.speedtest-web.sys.comcast.net
https://qoecnf-tall-02.speedtest-web.sys.comcast.net:6003
https://qoecnf-tall-02.speedtest-web.sys.comcast.net:6025
https://qoecnf-tall-03.speedtest-web.sys.comcast.net
https://qoecnf-tall-03.speedtest-web.sys.comcast.net:6003
https://qoecnf-tall-03.speedtest-web.sys.comcast.net:6025
https://qoe-dnvr-01.speedtest-web.sys.comcast.net
https://qoe-dnvr-01.speedtest-web.sys.comcast.net:6003
https://qoe-dnvr-01.speedtest-web.sys.comcast.net:6025
https://qoe-dnvr-02.speedtest-web.sys.comcast.net
https://qoe-dnvr-02.speedtest-web.sys.comcast.net:6003
https://qoe-dnvr-02.speedtest-web.sys.comcast.net:6025
https://qoe-dnvr-03.speedtest-web.sys.comcast.net
https://qoe-dnvr-03.speedtest-web.sys.comcast.net:6003
https://qoe-dnvr-03.speedtest-web.sys.comcast.net:6025
https://qoe-lrck-01.speedtest-web.sys.comcast.net
https://qoe-lrck-01.speedtest-web.sys.comcast.net:6003
https://qoe-lrck-01.speedtest-web.sys.comcast.net:6025
https://qoe-lrck-02.speedtest-web.sys.comcast.net
https://qoe-lrck-02.speedtest-web.sys.comcast.net:6003
https://qoe-lrck-02.speedtest-web.sys.comcast.net:6025
https://qoe-lrck-03.speedtest-web.sys.comcast.net
https://qoe-lrck-03.speedtest-web.sys.comcast.net:6003
https://qoe-lrck-03.speedtest-web.sys.comcast.net:6025
https://qoe-pima-01.speedtest-web.sys.comcast.net
https://qoe-pima-01.speedtest-web.sys.comcast.net:6003
https://qoe-pima-01.speedtest-web.sys.comcast.net:6025
https://qoe-pima-02.speedtest-web.sys.comcast.net
https://qoe-pima-02.speedtest-web.sys.comcast.net:6003
https://qoe-pima-02.speedtest-web.sys.comcast.net:6025
https://qoe-pima-03.speedtest-web.sys.comcast.net
https://qoe-pima-03.speedtest-web.sys.comcast.net:6003
https://qoe-pima-03.speedtest-web.sys.comcast.net:6025
https://qoerdc-atlt-01.speedtest-web.sys.comcast.net
https://qoerdc-atlt-01.speedtest-web.sys.comcast.net:6003
https://qoerdc-atlt-01.speedtest-web.sys.comcast.net:6025
https://qoerdc-atlt-02.speedtest-web.sys.comcast.net
https://qoerdc-atlt-02.speedtest-web.sys.comcast.net:6003
https://qoerdc-atlt-02.speedtest-web.sys.comcast.net:6025
https://qoerdc-atlt-03.speedtest-web.sys.comcast.net
https://qoerdc-atlt-03.speedtest-web.sys.comcast.net:6003
https://qoerdc-atlt-03.speedtest-web.sys.comcast.net:6025
https://qoerdc-chic-01.speedtest-web.sys.comcast.net
https://qoerdc-chic-01.speedtest-web.sys.comcast.net:6003
https://qoerdc-chic-01.speedtest-web.sys.comcast.net:6025
https://qoerdc-chic-02.speedtest-web.sys.comcast.net
https://qoerdc-chic-02.speedtest-web.sys.comcast.net:6003
https://qoerdc-chic-02.speedtest-web.sys.comcast.net:6025
https://qoerdc-chic-03.speedtest-web.sys.comcast.net
https://qoerdc-chic-03.speedtest-web.sys.comcast.net:6003
https://qoerdc-chic-03.speedtest-web.sys.comcast.net:6025
https://qoerdc-ncst-01.speedtest-web.sys.comcast.net
https://qoerdc-ncst-01.speedtest-web.sys.comcast.net:6003
https://qoerdc-ncst-01.speedtest-web.sys.comcast.net:6025
https://qoerdc-ncst-02.speedtest-web.sys.comcast.net
https://qoerdc-ncst-02.speedtest-web.sys.comcast.net:6003
https://qoerdc-ncst-02.speedtest-web.sys.comcast.net:6025
https://qoerdc-ncst-03.speedtest-web.sys.comcast.net
https://qoerdc-ncst-03.speedtest-web.sys.comcast.net:6003
https://qoerdc-ncst-03.speedtest-web.sys.comcast.net:6025
https://qoerdc-sjos-01.speedtest-web.sys.comcast.net
https://qoerdc-sjos-01.speedtest-web.sys.comcast.net:6003
https://qoerdc-sjos-01.speedtest-web.sys.comcast.net:6025
https://qoerdc-sjos-02.speedtest-web.sys.comcast.net
https://qoerdc-sjos-02.speedtest-web.sys.comcast.net:6003
https://qoerdc-sjos-02.speedtest-web.sys.comcast.net:6025
https://qoerdc-sjos-03.speedtest-web.sys.comcast.net
https://qoerdc-sjos-03.speedtest-web.sys.comcast.net:6003
https://qoerdc-sjos-03.speedtest-web.sys.comcast.net:6025
https://reeatsapp-as-d10p.sys.comcast.net
https://reeatsapp-ch2-f10p.sys.comcast.net
https://reeatsdb-ho-b5p.sys.comcast.net
https://reporting.ec.sys.comcast.net
https://sdapp-as-az2-1p.sys.comcast.net
https://sdjira.sys.comcast.net
https://sd.sys.comcast.net
https://sdtest.sys.comcast.net
https://signal-1-qa-vid-aws-eu.sys.comcast.net
https://slackinterface.sys.comcast.net:8080
https://spacaptive-as-a1p.sys.comcast.net
https://spacaptive-ch2-a1p.sys.comcast.net
https://staging-central.ec.sys.comcast.net
https://staging-east.ec.sys.comcast.net
https://staging-reporting.ec.sys.comcast.net
https://staging-west.ec.sys.comcast.net
https://stosat-atlt-01.sys.comcast.net:5050
https://stosat-atlt-01.sys.comcast.net:8080
https://streamacs-ch2-e02p.sys.comcast.net
http://staging-central.ec.sys.comcast.net
http://staging-east.ec.sys.comcast.net
http://staging-reporting.ec.sys.comcast.net
http://staging-west.ec.sys.comcast.net
https://timsapp-as-az2-1p.sys.comcast.net
https://timsjira.sys.comcast.net
https://tims.sys.comcast.net
https://timstest.sys.comcast.net
https://tkts.sys.comcast.net
https://tpxapp-ch2-az2-1p.sys.comcast.net
https://tpxjira.sys.comcast.net
https://tpx.sys.comcast.net
https://tpxtest.sys.comcast.net
https://upload-beta-cvr-aws-eu1.sys.comcast.net
https://upload-cvr-aws-eu1.sys.comcast.net
https://upload-qa-cvr-aws-eu1.sys.comcast.net
https://video-donation-cvr-aws-eu1.sys.comcast.net
https://videoindex-cvr-aws-eu1.sys.comcast.net
https://videoindex-qa-cvr-aws-eu1.sys.comcast.net
http://svinfo-wc-a1p.sys.comcast.net
https://vodfp-cmc-a1p.sys.comcast.net
https://vodfp-cmc-a2p.sys.comcast.net
https://vodfp-cmc-b1p.sys.comcast.net
https://vodfp-cmc-b2p.sys.comcast.net
https://vrex-as1-vip.sys.comcast.net
https://vrex-as2-vip.sys.comcast.net
https://vrex-as3-vip.sys.comcast.net
https://vrex-as4-vip.sys.comcast.net
https://vrex-as5-vip.sys.comcast.net
https://vrex-ch21-vip.sys.comcast.net
https://vrex-ch22-vip.sys.comcast.net
https://vrex-ch23-vip.sys.comcast.net
https://vrex-ch24-vip.sys.comcast.net
https://vrex-ho1-vip.sys.comcast.net
https://vrex-ho2-vip.sys.comcast.net
https://vrex-ho3-vip.sys.comcast.net
https://vrex-ho4-vip.sys.comcast.net
https://vrex-po1-vip.sys.comcast.net
https://vrex-po2-vip.sys.comcast.net
https://vrex-po3-vip.sys.comcast.net
https://vrex-po4-vip.sys.comcast.net
https://vrexrnchr-ho-01p.sys.comcast.net
https://vrexrnchr-ho-02p.sys.comcast.net
https://vrex-wc1-vip.sys.comcast.net
https://vrex-wc2-vip.sys.comcast.net
https://vrex-wc3-vip.sys.comcast.net
https://vrex-wc4-vip.sys.comcast.net
https://vsp-as-b-vip.sys.comcast.net
https://vsp-as-vip.sys.comcast.net
https://vsp-ch2-b-vip.sys.comcast.net
https://vsp-ch2-vip.sys.comcast.net
https://vsp-ho-b-vip.sys.comcast.net
https://vsp-po-b-vip.sys.comcast.net
https://vsp-po-vip.sys.comcast.net
https://vsp-wc-b-vip.sys.comcast.net
https://vsp-wc-vip.sys.comcast.net
https://wdstatic-web-h2d-038548.sys.comcast.net
https://west.ec.sys.comcast.net
https://wssapx-as-a1p.sys.comcast.net
https://wssapx-as-a1p.sys.comcast.net:8443
https://wssapx-as-a2p.sys.comcast.net
https://wssapx-as-a2p.sys.comcast.net:8443
https://wssapx-as-a2p.sys.comcast.net:9092
https://xfwaaa-beta-ho.sys.comcast.net
https://xfwaaa-ho.sys.comcast.net
https://xfwaaa-partner-beta-ho.sys.comcast.net
https://xfwaaa-partner-ho.sys.comcast.net
https://xfwaaa.partners.stage.west.sys.comcast.net
https://xfwaaa.partners.west.sys.comcast.net
https://xfwdapi-ch2-web-vip.sys.comcast.net
https://xfwdapi-po-web-vip.sys.comcast.net
https://xfwstms-ch2-01s.sys.comcast.net
https://xfwweb-ch2-vip.sys.comcast.net
https://xh01relay-ch2-02.sys.comcast.net
https://xhomeapi-lb-prod.apps.cloud.comcast.net
https://xhomeapi-lb-prod.g.app.cloud.comcast.net
https://xhswss-po-1p-vip.sys.comcast.net
https://xhswss-po-1s-vip.sys.comcast.net
https://xhswss-wc-1s-vip.sys.comcast.net
https://xhtps02relay-po-03.sys.comcast.net
https://xhtpsrelay-ch2-01.sys.comcast.net
https://xhtpsrelay-ch2-02.sys.comcast.net
https://xhwss-wc-1p-vip.sys.comcast.net
https://xm1-svc-as.sys.comcast.net
https://xm1-svc-po.sys.comcast.net
http://tkts.sys.comcast.net
http://tpx.sys.comcast.net
http://vodfp-cmc-a1p.sys.comcast.net
http://vodfp-cmc-a2p.sys.comcast.net
http://vodfp-cmc-b1p.sys.comcast.net
http://vodfp-cmc-b2p.sys.comcast.net
http://vrex-as1-vip.sys.comcast.net
http://vrex-as2-vip.sys.comcast.net
http://vrex-as3-vip.sys.comcast.net
http://vrex-as4-vip.sys.comcast.net
http://vrex-as5-vip.sys.comcast.net
http://vrex-ch21-vip.sys.comcast.net
http://vrex-ch22-vip.sys.comcast.net
http://vrex-ch23-vip.sys.comcast.net
http://vrex-ch24-vip.sys.comcast.net
http://vrex-ho1-vip.sys.comcast.net
http://vrex-ho2-vip.sys.comcast.net
http://vrex-ho3-vip.sys.comcast.net
http://vrex-ho4-vip.sys.comcast.net
http://vrex-po1-vip.sys.comcast.net
http://vrex-po2-vip.sys.comcast.net
http://vrex-po3-vip.sys.comcast.net
http://vrex-po4-vip.sys.comcast.net
http://vrex-wc1-vip.sys.comcast.net
http://vrex-wc2-vip.sys.comcast.net
http://vrex-wc3-vip.sys.comcast.net
http://vrex-wc4-vip.sys.comcast.net
http://vsp-as-b-vip.sys.comcast.net
http://vsp-as-vip.sys.comcast.net
http://vsp-ch2-b-vip.sys.comcast.net
http://vsp-ch2-vip.sys.comcast.net
http://vsp-ho-b-vip.sys.comcast.net
http://vsp-po-b-vip.sys.comcast.net
http://vsp-po-vip.sys.comcast.net
http://vsp-wc-b-vip.sys.comcast.net
http://vsp-wc-vip.sys.comcast.net
http://wbsipw-ch2-a1p.sys.comcast.net
http://wbsipw-wc-a1p.sys.comcast.net
http://wc-jobs-web-lb01p.sys.comcast.net
http://wc-jobs-web-lb01s.sys.comcast.net
http://west.ec.sys.comcast.net
http://wssapx-as-a1p.sys.comcast.net
http://wssapx-as-a2p.sys.comcast.net
http://xfwweb-ch2-vip.sys.comcast.net
http://xh01relay-ch2-02.sys.comcast.net
http://xhomeapi-lb-prod.apps.cloud.comcast.net
http://xhomeapi-lb-prod.g.app.cloud.comcast.net
http://xhpodbcpe-po-12.sys.comcast.net
http://xhtps02relay-po-03.sys.comcast.net
http://xhtpsrelay-ch2-01.sys.comcast.net
http://xhtpsrelay-ch2-01.sys.comcast.net:8080
http://xhtpsrelay-ch2-02.sys.comcast.net
http://xhtpsrelay-ch2-02.sys.comcast.net:8080
http://xm1-svc-as.sys.comcast.net
