http://api.composable.finance
http://api.composable.finance:2053
http://api.composable.finance:2083
http://api.composable.finance:2087
http://api-dev.composable.finance
http://api-dev.composable.finance:2053
http://api-dev.composable.finance:2083
http://api-dev.composable.finance:2087
http://api-dev-nft.composable.finance
http://api-dev-nft.composable.finance:2053
http://api-dev-nft.composable.finance:2083
http://api-dev-nft.composable.finance:2087
http://api-doc.composable.finance
http://api-doc.composable.finance:2053
http://api-doc.composable.finance:2082
http://api-doc.composable.finance:2083
http://api-doc.composable.finance:2087
http://api-nft.composable.finance
http://api-nft.composable.finance:2087
http://api-nft.composable.finance:2096
http://app.composable.finance
http://apps.composable.finance
http://asia-picasso-rpc.composable.finance
http://asia-picasso-rpc.composable.finance:2053
http://asia-picasso-rpc.composable.finance:2083
http://asia-picasso-rpc.composable.finance:2087
http://bn2.composable.finance:8888
http://bn3.composable.finance:8888
http://bot.composable.finance
http://bot.composable.finance:2087
http://bot.composable.finance:2096
http://bot-dev.composable.finance
http://bot-dev.composable.finance:2087
http://bot-dev.composable.finance:2096
http://composable.finance
http://crowdloan.composable.finance
http://crowdloan.composable.finance:2053
http://crowdloan.composable.finance:2083
http://crowdloan.composable.finance:2087
http://dali-chachacha-faucet-bot.composable.finance
http://dali-chachacha-faucet-bot.composable.finance:2087
http://dali-chachacha-faucet-bot.composable.finance:2096
http://dali-chachacha-faucet-bot.composable.finance:8080
http://dali-chachacha-rpc.composable.finance
http://dali-chachacha-rpc.composable.finance:2087
http://dali-chachacha-rpc.composable.finance:2096
http://dali-chachacha-rpc.composable.finance:8080
http://dali-subsquid.composable.finance
http://dali-subsquid.composable.finance:2087
http://dali-subsquid.composable.finance:2096
http://dexa.composable.finance
http://dexa.composable.finance:2087
http://dexa.composable.finance:2096
http://dexa.composable.finance:8880
http://dexa-dev.composable.finance
http://dexa-dev.composable.finance:2053
http://dexa-dev.composable.finance:2083
http://dexa-dev.composable.finance:2087
http://forum.composable.finance
http://forum.composable.finance:2087
http://forum.composable.finance:2096
http://get.composable.finance
http://get.composable.finance:2053
http://get.composable.finance:2083
http://grants.composable.finance
http://mosaic-api.composable.finance
http://mosaic-api.composable.finance:2053
http://mosaic-api.composable.finance:2083
http://mosaic-api.composable.finance:2087
http://mosaic.composable.finance
http://mosaic.composable.finance:2053
http://mosaic.composable.finance:2083
http://mosaic.composable.finance:2087
http://mosaictest.composable.finance
http://mosaictest.composable.finance:2087
http://mosaictest.composable.finance:2096
http://mosaic-ws.composable.finance
http://mosaic-ws.composable.finance:2087
http://mosaic-ws.composable.finance:2096
http://paper.composable.finance
http://paper.composable.finance:2053
http://paper.composable.finance:2083
http://paper.composable.finance:2087
http://picasso-bn1.composable.finance:8888
http://picasso-bn3.composable.finance:8888
http://picasso.composable.finance
http://picasso-rpc.composable.finance
http://picasso-rpc.composable.finance:8888
http://price-feed.composable.finance
http://price-feed.composable.finance:2087
http://price-feed.composable.finance:2096
http://price-feed-dev.composable.finance
http://price-feed-dev.composable.finance:2087
http://price-feed-dev.composable.finance:2096
http://referral.composable.finance
http://referral.composable.finance:2053
http://referral.composable.finance:2083
http://referral.composable.finance:2087
http://referral-dev.composable.finance
http://referral-dev.composable.finance:2087
http://referral-dev.composable.finance:2096
http://relayer-api.composable.finance
http://relayer-api.composable.finance:2053
http://relayer-api.composable.finance:2083
http://relayer-api.composable.finance:2087
http://relayer-dev-nft.composable.finance
http://relayer-dev-nft.composable.finance:2082
http://relayer-dev-nft.composable.finance:2086
http://relayer-dev-nft.composable.finance:8080
http://relayer-dev-nft.composable.finance:8880
http://relayer-ws.composable.finance
http://relayer-ws.composable.finance:2083
http://relayer-ws.composable.finance:2087
http://rpc1.composable.finance
http://rpc1.composable.finance:2053
http://rpc1.composable.finance:2083
http://rpc1.composable.finance:2087
http://rpc1.composable.finance:8080
http://rpc2.composable.finance
http://rpc2.composable.finance:2087
http://rpc2.composable.finance:2096
http://rpc.composable.finance
http://rpc.composable.finance:8888
http://rpc-subscan.composable.finance
https://api.composable.finance
https://api-dev.composable.finance
https://api-dev-nft.composable.finance
https://api-doc.composable.finance
https://api-nft.composable.finance
https://app.composable.finance
https://apps.composable.finance
https://asia-picasso-rpc.composable.finance
https://bot.composable.finance
https://bot-dev.composable.finance
https://composable.finance
https://crowdloan.composable.finance
https://dali-chachacha-faucet-bot.composable.finance
https://dali-chachacha-rpc.composable.finance
https://dali-subsquid.composable.finance
https://dexa.composable.finance
https://dexa-dev.composable.finance
http://sdk-api.composable.finance
http://sdk-api.composable.finance:2053
http://sdk-api.composable.finance:2083
http://sdk-api.composable.finance:2087
http://sdk-api-dev.composable.finance
http://sdk-api-dev.composable.finance:2053
http://sdk-api-dev.composable.finance:2083
http://sdk-api-dev.composable.finance:2087
http://sdk-docs.composable.finance
http://sdk-docs.composable.finance:2053
http://sdk-docs.composable.finance:2083
http://sdk-docs.composable.finance:2087
https://docs.composable.finance
https://forum.composable.finance
https://get.composable.finance
https://get.composable.finance:2087
https://grants.composable.finance
https://mosaic-api.composable.finance
https://mosaic.composable.finance
https://mosaictest.composable.finance
https://mosaic-ws.composable.finance
https://paper.composable.finance
https://picasso.composable.finance
https://picasso-rpc.composable.finance
https://price-feed.composable.finance
https://price-feed-dev.composable.finance
https://referral.composable.finance
https://referral-dev.composable.finance
https://relayer-api.composable.finance
https://relayer-dev-nft.composable.finance
https://relayer-dev-nft.composable.finance:2053
https://relayer-dev-nft.composable.finance:2083
https://relayer-dev-nft.composable.finance:2087
https://relayer-ws.composable.finance
https://relayer-ws.composable.finance:2053
https://rpc.composable.finance
https://rpc-subscan.composable.finance
https://sdk-api.composable.finance
https://sdk-api-dev.composable.finance
https://sdk-docs.composable.finance
https://status.composable.finance
https://strategies.composable.finance
http://status.composable.finance
http://status.composable.finance:2053
http://status.composable.finance:2083
http://status.composable.finance:2087
http://storybook.composable.finance
http://storybook.composable.finance:2053
http://storybook.composable.finance:2083
http://storybook.composable.finance:2087
https://transfers-api-dev.composable.finance
http://strategies.composable.finance
http://strategies.composable.finance:2087
http://strategies.composable.finance:2096
https://unchained.composable.finance
https://www.composable.finance
http://unchained.composable.finance
http://ws-dev-nft.composable.finance
http://ws-dev-nft.composable.finance:2087
http://ws-dev-nft.composable.finance:2096
http://ws-nft.composable.finance
http://ws-nft.composable.finance:2053
http://ws-nft.composable.finance:2083
http://ws-nft.composable.finance:2087
http://www.composable.finance
