http://admin.cryptology.com
http://affiliate.cryptology.com
http://affiliate.staging.cryptology.com
http://api.cryptology.com
http://api.cryptology.com:2083
http://api.cryptology.com:2087
http://api.cryptology.com:8443
http://api.dev.cryptology.com
http://api.prod.cryptology.com
http://api-sandbox.cryptology.com
http://api-sandbox.cryptology.com:2083
http://api-sandbox.cryptology.com:2087
http://api-sandbox.cryptology.com:8443
http://api.staging.cryptology.com
http://autoconfig.blog.cryptology.com
http://autodiscover.blog.cryptology.com
http://backoffice.dev.cryptology.com
http://bapi.cryptology.com
http://bapi.cryptology.com:2083
http://bapi.cryptology.com:2087
http://bapi.cryptology.com:8443
http://bapi-sandbox.cryptology.com
http://bapi-sandbox.cryptology.com:2087
http://bapi-sandbox.cryptology.com:8443
http://blog.cryptology.com
http://bstream.cryptology.com
http://bstream.cryptology.com:2083
http://bstream.cryptology.com:2087
http://bstream.cryptology.com:8443
http://bstream-sandbox.cryptology.com
http://bstream-sandbox.cryptology.com:2087
http://bstream-sandbox.cryptology.com:8443
http://cardpay-callback.dev.cryptology.com
http://cardpay-callback.prod.cryptology.com
http://cardpay-callback.staging.cryptology.com
http://client-python.docs.cryptology.com
http://collector.prod.cryptology.com
http://collector.staging.cryptology.com
http://contracts-api.cryptology.com
http://contracts-api.cryptology.com:2087
http://contracts-api.cryptology.com:8443
http://contracts-api-sandbox.cryptology.com
http://contracts-api-sandbox.cryptology.com:2087
http://contracts-api-sandbox.cryptology.com:8443
http://cryptology.com
http://docker.cryptology.com
http://docs.cryptology.com
http://exchange.cryptology.com
http://exchange.sandbox.cryptology.com
http://exchange.staging.cryptology.com
http://ftp.blog.cryptology.com
http://futures.cryptology.com
http://futures.sandbox.cryptology.com
http://futures.staging.cryptology.com
http://git.cryptology.com
http://gl-runner1.cryptology.com:9100
http://go.cryptology.com
http://locales.staging.cryptology.com
http://mail.blog.cryptology.com
http://margin.cryptology.com
http://margin.sandbox.cryptology.com
http://margin.staging.cryptology.com
http://octopus.cryptology.com:2083
http://octopus.cryptology.com:2087
http://octopus.cryptology.com:8443
http://octopus-dev-ws.cryptology.com:2083
http://octopus-dev-ws.cryptology.com:2087
http://octopus-dev-ws.cryptology.com:8443
http://octopus-prod-ws.cryptology.com:2083
http://octopus-prod-ws.cryptology.com:2087
http://octopus-prod-ws.cryptology.com:8443
http://octopus-sandbox.cryptology.com:2083
http://octopus-sandbox.cryptology.com:2087
http://octopus-sandbox.cryptology.com:8443
http://octopus-staging-ws.cryptology.com:2083
http://octopus-staging-ws.cryptology.com:2087
http://octopus-staging-ws.cryptology.com:8443
http://otc-pe-api-client.cryptology.com
http://otc-pe-api-client.cryptology.com:2087
http://otc-pe-api-client.cryptology.com:8443
http://otc-pe-api-partner.cryptology.com
http://otc-pe-api-partner.cryptology.com:2087
http://otc-pe-api-partner.cryptology.com:8443
http://payments-dev-otc-pe-api-client.cryptology.com
http://payments-dev-otc-pe-api-client.cryptology.com:2087
http://payments-dev-otc-pe-api-client.cryptology.com:8443
http://payments-dev-otc-pe-api-partner.cryptology.com
http://payments-dev-otc-pe-api-partner.cryptology.com:2087
http://payments-dev-otc-pe-api-partner.cryptology.com:8443
http://payments-staging-otc-pe-api-client.cryptology.com
http://payments-staging-otc-pe-api-client.cryptology.com:2087
http://payments-staging-otc-pe-api-client.cryptology.com:8443
http://payments-staging-otc-pe-api-partner.cryptology.com
http://payments-staging-otc-pe-api-partner.cryptology.com:2087
http://payments-staging-otc-pe-api-partner.cryptology.com:8443
http://processing-dev.cryptology.com
http://processing-dev.cryptology.com:2083
http://processing-dev.cryptology.com:2087
http://processing-dev.cryptology.com:8443
http://pypi.cryptology.com
https://admin.cryptology.com
https://affiliate.cryptology.com
https://affiliate.staging.cryptology.com
http://sampler-ui.staging.cryptology.com
http://sandbox.cryptology.com
https://api.cryptology.com
https://api.dev.cryptology.com
https://api.prod.cryptology.com
https://api-sandbox.cryptology.com
https://api.staging.cryptology.com
https://autoconfig.blog.cryptology.com
https://autodiscover.blog.cryptology.com
https://backoffice.dev.cryptology.com
https://bapi.cryptology.com
https://bapi-sandbox.cryptology.com
https://blog.cryptology.com
https://bstream.cryptology.com
https://bstream-sandbox.cryptology.com
https://cardpay-callback.dev.cryptology.com
https://cardpay-callback.prod.cryptology.com
https://cardpay-callback.staging.cryptology.com
https://client-python.docs.cryptology.com
https://collector.prod.cryptology.com
https://collector.staging.cryptology.com
https://contracts-api.cryptology.com
https://contracts-api-sandbox.cryptology.com
https://cryptology.com
https://docker.cryptology.com
https://docs.cryptology.com
https://exchange.cryptology.com
https://exchange.sandbox.cryptology.com
https://exchange.staging.cryptology.com
https://ftp.blog.cryptology.com
https://futures.cryptology.com
https://futures.sandbox.cryptology.com
https://futures.staging.cryptology.com
https://git.cryptology.com
https://go.cryptology.com
https://locales.staging.cryptology.com
https://mail.blog.cryptology.com
https://margin.cryptology.com
https://margin.sandbox.cryptology.com
https://margin.staging.cryptology.com
https://octopus.cryptology.com
https://octopus-dev-ws.cryptology.com
https://octopus-prod-ws.cryptology.com
https://octopus-sandbox.cryptology.com
https://octopus-staging-ws.cryptology.com
https://octopus-ws.dev.cryptology.com
https://ovpn2.cryptology.com
https://ovpn.cryptology.com
https://payments-dev-otc-pe-api-client.cryptology.com:2083
https://payments-dev-otc-pe-api-partner.cryptology.com:2083
https://payments-staging-otc-pe-api-client.cryptology.com:2083
https://payments-staging-otc-pe-api-partner.cryptology.com:2083
http://spot-api.cryptology.com
http://spot-api.cryptology.com:2083
http://spot-api.cryptology.com:2087
http://spot-api.cryptology.com:8443
http://spot-api-sandbox.cryptology.com
http://spot-api-sandbox.cryptology.com:2087
http://spot-api-sandbox.cryptology.com:8080
http://spot-api-sandbox.cryptology.com:8443
https://processing-dev.cryptology.com
https://pypi.cryptology.com
https://sampler-ui.staging.cryptology.com
https://sandbox.cryptology.com
https://sentry-dev.cryptology.com
https://sentry.dev.cryptology.com
https://sentry-latest.cryptology.com
https://sentry-prod.cryptology.com
http://sse-prod.cryptology.com:2083
http://sse-prod.cryptology.com:2087
http://sse-prod.cryptology.com:8443
http://sse-staging.cryptology.com:2083
http://sse-staging.cryptology.com:2087
http://sse-staging.cryptology.com:8443
http://ssh.blog.cryptology.com
https://spot-api.cryptology.com
https://spot-api-sandbox.cryptology.com
https://sse-prod.cryptology.com
https://sse-staging.cryptology.com
https://ssh.blog.cryptology.com
https://staging.cryptology.com
https://static.cryptology.com
http://staging.cryptology.com
http://static.cryptology.com
https://web2.staging.cryptology.com
https://web3.staging.cryptology.com
https://web4.staging.cryptology.com
https://web.staging.cryptology.com
https://www.blog.cryptology.com
https://www.cryptology.com
http://web2.staging.cryptology.com
http://web3.staging.cryptology.com
http://web4.staging.cryptology.com
http://web.staging.cryptology.com
http://www.blog.cryptology.com
http://www.cryptology.com
