http://api001.defly.app
http://api003.defly.app
http://api004.defly.app
http://api005.defly.app
http://api02.defly.app
http://apiks.defly.app
http://blog.defly.app
http://defly.app
http://dev2022.defly.app
http://dev.defly.app
http://docs.defly.app
http://docs.defly.app:2082
http://docs.defly.app:2086
http://docs.defly.app:8080
http://docs.defly.app:8880
http://go.defly.app
http://jefferies.defly.app
https://api001.defly.app
https://api003.defly.app
https://api004.defly.app
https://api005.defly.app
https://api02.defly.app
https://apiks.defly.app
https://blog.defly.app
https://defly.app
https://dev2022.defly.app
https://dev.defly.app
https://docs.defly.app
https://docs.defly.app:2083
https://docs.defly.app:2087
https://docs.defly.app:8443
https://go.defly.app
https://jefferies.defly.app
https://static.defly.app
http://static.defly.app
https://v7.api001.defly.app
https://v7.api01.defly.app
https://v7.api01.defly.app:8080
https://v7.api01.defly.app:8081
https://v7.api02.defly.app
https://v7.apiks.defly.app
https://v8.api01.defly.app
https://v8.api01.defly.app:8080
https://v8.api01.defly.app:8081
https://v8.api02.defly.app
https://www.api005.defly.app
https://www.defly.app
https://www.dev2022.defly.app
https://www.dev.defly.app
https://www.go.defly.app
https://www.static.defly.app
https://www.v7.api02.defly.app
https://www.v7.apiks.defly.app
https://www.v8.api02.defly.app
http://v7.api001.defly.app
http://v7.api01.defly.app
http://v7.api02.defly.app
http://v7.apiks.defly.app
http://v8.api01.defly.app
http://v8.api02.defly.app
http://www.api005.defly.app
http://www.defly.app
http://www.dev2022.defly.app
http://www.dev.defly.app
http://www.go.defly.app
http://www.static.defly.app
http://www.v7.api02.defly.app
http://www.v7.apiks.defly.app
http://www.v8.api02.defly.app
