http://api1.dex-trade.com
http://api1.dex-trade.com:2082
http://api1.dex-trade.com:2083
http://api1.dex-trade.com:2086
http://api1.dex-trade.com:2087
http://api1.dex-trade.com:8080
http://api1.dex-trade.com:8443
http://api1.dex-trade.com:8880
http://api2.dex-trade.com
http://api2.dex-trade.com:2082
http://api2.dex-trade.com:2083
http://api2.dex-trade.com:2086
http://api2.dex-trade.com:2087
http://api2.dex-trade.com:8080
http://api2.dex-trade.com:8443
http://api2.dex-trade.com:8880
http://api.dex-trade.com
http://api.dex-trade.com:2082
http://api.dex-trade.com:2083
http://api.dex-trade.com:2086
http://api.dex-trade.com:2087
http://api.dex-trade.com:8080
http://api.dex-trade.com:8443
http://api.dex-trade.com:8880
http://beta2.dex-trade.com
http://beta2.dex-trade.com:2082
http://beta2.dex-trade.com:2083
http://beta2.dex-trade.com:2086
http://beta2.dex-trade.com:2087
http://beta2.dex-trade.com:2095
http://beta2.dex-trade.com:8443
http://beta2.dex-trade.com:8880
http://beta.dex-trade.com
http://beta.dex-trade.com:2082
http://beta.dex-trade.com:2083
http://beta.dex-trade.com:2086
http://beta.dex-trade.com:2087
http://beta.dex-trade.com:2095
http://beta.dex-trade.com:8443
http://beta.dex-trade.com:8880
http://dex-trade.com
http://dex-trade.com:2082
http://dex-trade.com:2083
http://dex-trade.com:2086
http://dex-trade.com:2087
http://dex-trade.com:8080
http://dex-trade.com:8443
http://dex-trade.com:8880
http://docs.dex-trade.com
http://docs.dex-trade.com:2082
http://docs.dex-trade.com:2083
http://docs.dex-trade.com:2086
http://docs.dex-trade.com:2087
http://docs.dex-trade.com:2095
http://docs.dex-trade.com:8443
http://docs.dex-trade.com:8880
http://merchant.dex-trade.com
http://merchant.dex-trade.com:2082
http://merchant.dex-trade.com:2086
http://merchant.dex-trade.com:8080
http://merchant.dex-trade.com:8880
http://new.dex-trade.com
http://new.dex-trade.com:2082
http://new.dex-trade.com:2086
http://new.dex-trade.com:2087
http://new.dex-trade.com:8080
http://new.dex-trade.com:8443
http://old.dex-trade.com
http://old.dex-trade.com:2082
http://old.dex-trade.com:2083
http://old.dex-trade.com:2086
http://old.dex-trade.com:2087
http://old.dex-trade.com:2095
http://old.dex-trade.com:8443
http://old.dex-trade.com:8880
http://pay.dex-trade.com
http://pay.dex-trade.com:2082
http://pay.dex-trade.com:2083
http://pay.dex-trade.com:2086
http://pay.dex-trade.com:2087
http://pay.dex-trade.com:8080
http://pay.dex-trade.com:8443
http://pay.dex-trade.com:8880
https://api1.dex-trade.com
https://api2.dex-trade.com
https://api.dex-trade.com
https://beta2.dex-trade.com
https://beta.dex-trade.com
https://dex-trade.com
https://docs.dex-trade.com
https://merchant.dex-trade.com
https://merchant.dex-trade.com:2083
https://merchant.dex-trade.com:2087
https://merchant.dex-trade.com:8443
https://new.dex-trade.com
http://socket.dex-trade.com
http://socket.dex-trade.com:2082
http://socket.dex-trade.com:2083
http://socket.dex-trade.com:2086
http://socket.dex-trade.com:2087
http://socket.dex-trade.com:8080
http://socket.dex-trade.com:8443
http://socket.dex-trade.com:8880
https://old.dex-trade.com
https://pay.dex-trade.com
https://socket.dex-trade.com
https://widget.dex-trade.com
https://www.dex-trade.com
https://www.dex-trade.com:2083
https://www.dex-trade.com:2087
https://www.dex-trade.com:8443
http://widget.dex-trade.com
http://widget.dex-trade.com:2082
http://widget.dex-trade.com:2086
http://widget.dex-trade.com:2087
http://widget.dex-trade.com:8080
http://widget.dex-trade.com:8443
http://www.dex-trade.com
http://www.dex-trade.com:2082
http://www.dex-trade.com:2086
http://www.dex-trade.com:8080
http://www.dex-trade.com:8880
