http://about.doctolib.de
http://about-staging.doctolib.de
http://a-dev-aws-de-fra-1.doctolib.de
http://a-dev-aws-de-fra-1.doctolib.de:2082
http://a-dev-aws-de-fra-1.doctolib.de:2086
http://a-dev-aws-de-fra-1.doctolib.de:8080
http://a-dev-aws-de-fra-1.doctolib.de:8880
http://a-dev-aws-fr-par-1.doctolib.de
http://a-dev-aws-fr-par-1.doctolib.de:2082
http://a-dev-aws-fr-par-1.doctolib.de:2086
http://a-dev-aws-fr-par-1.doctolib.de:2095
http://a-dev-aws-fr-par-1.doctolib.de:8080
http://a-dev-aws-fr-par-1.doctolib.de:8880
http://a-dev.doctolib.de
http://a-dev.doctolib.de:2052
http://a-dev.doctolib.de:2082
http://a-dev.doctolib.de:2095
http://a-dev.doctolib.de:8080
http://a-dev.doctolib.de:8880
http://a.doctolib.de
http://a-interf.doctolib.de
http://api-dev-aws-de-fra-1.doctolib.de
http://api-dev-aws-de-fra-1.doctolib.de:2082
http://api-dev-aws-de-fra-1.doctolib.de:2086
http://api-dev-aws-de-fra-1.doctolib.de:8080
http://api-dev-aws-de-fra-1.doctolib.de:8880
http://api-dev-aws-fr-par-1.doctolib.de
http://api-dev-aws-fr-par-1.doctolib.de:2082
http://api-dev-aws-fr-par-1.doctolib.de:2086
http://api-dev-aws-fr-par-1.doctolib.de:2095
http://api-dev-aws-fr-par-1.doctolib.de:8080
http://api-dev-aws-fr-par-1.doctolib.de:8880
http://api-dev.doctolib.de
http://api-dev.doctolib.de:2082
http://api-dev.doctolib.de:2086
http://api-dev.doctolib.de:8080
http://api-dev.doctolib.de:8880
http://api.doctolib.de
http://api-interf.doctolib.de
http://api-prd-aws-de-fra-1.doctolib.de
http://api-prd-aws-de-fra-1.doctolib.de:2082
http://api-prd-aws-de-fra-1.doctolib.de:2086
http://api-prd-aws-de-fra-1.doctolib.de:8080
http://api-prd-aws-de-fra-1.doctolib.de:8880
http://api-prd-aws-fr-par-1.doctolib.de
http://api-prd-aws-fr-par-1.doctolib.de:2082
http://api-prd-aws-fr-par-1.doctolib.de:2086
http://api-prd-aws-fr-par-1.doctolib.de:2095
http://api-prd-aws-fr-par-1.doctolib.de:8080
http://api-prd-aws-fr-par-1.doctolib.de:8880
http://api-staging-aws-fr-par-1.doctolib.de
http://api-staging-aws-fr-par-1.doctolib.de:2082
http://api-staging-aws-fr-par-1.doctolib.de:2086
http://api-staging-aws-fr-par-1.doctolib.de:2095
http://api-staging-aws-fr-par-1.doctolib.de:8080
http://api-staging-aws-fr-par-1.doctolib.de:8880
http://api-staging.doctolib.de
http://a-prd-aws-de-fra-1.doctolib.de
http://a-prd-aws-de-fra-1.doctolib.de:2082
http://a-prd-aws-de-fra-1.doctolib.de:2086
http://a-prd-aws-de-fra-1.doctolib.de:2095
http://a-prd-aws-de-fra-1.doctolib.de:8080
http://a-prd-aws-de-fra-1.doctolib.de:8880
http://a-prd-aws-fr-par-1.doctolib.de
http://a-prd-aws-fr-par-1.doctolib.de:2082
http://a-prd-aws-fr-par-1.doctolib.de:2086
http://a-prd-aws-fr-par-1.doctolib.de:8080
http://a-prd-aws-fr-par-1.doctolib.de:8880
http://assets-dev-aws-de-fra-1.doctolib.de
http://assets-dev-aws-de-fra-1.doctolib.de:2082
http://assets-dev-aws-de-fra-1.doctolib.de:2086
http://assets-dev-aws-de-fra-1.doctolib.de:2095
http://assets-dev-aws-de-fra-1.doctolib.de:8080
http://assets-dev-aws-de-fra-1.doctolib.de:8880
http://assets-dev-aws-fr-par-1.doctolib.de
http://assets-dev-aws-fr-par-1.doctolib.de:2082
http://assets-dev-aws-fr-par-1.doctolib.de:2086
http://assets-dev-aws-fr-par-1.doctolib.de:2095
http://assets-dev-aws-fr-par-1.doctolib.de:8080
http://assets-dev-aws-fr-par-1.doctolib.de:8880
http://assets-dev.doctolib.de
http://assets-dev.doctolib.de:2052
http://assets-dev.doctolib.de:2082
http://assets-dev.doctolib.de:2095
http://assets-dev.doctolib.de:8080
http://assets-dev.doctolib.de:8880
http://assets.doctolib.de
http://assets-interf.doctolib.de
http://assets-prd-aws-de-fra-1.doctolib.de
http://assets-prd-aws-de-fra-1.doctolib.de:2082
http://assets-prd-aws-de-fra-1.doctolib.de:2086
http://assets-prd-aws-de-fra-1.doctolib.de:8080
http://assets-prd-aws-de-fra-1.doctolib.de:8880
http://assets-prd-aws-fr-par-1.doctolib.de
http://assets-prd-aws-fr-par-1.doctolib.de:2082
http://assets-prd-aws-fr-par-1.doctolib.de:2086
http://assets-prd-aws-fr-par-1.doctolib.de:8080
http://assets-prd-aws-fr-par-1.doctolib.de:8880
http://assets-staging-aws-fr-par-1.doctolib.de
http://assets-staging-aws-fr-par-1.doctolib.de:2082
http://assets-staging-aws-fr-par-1.doctolib.de:2086
http://assets-staging-aws-fr-par-1.doctolib.de:2095
http://assets-staging-aws-fr-par-1.doctolib.de:8080
http://assets-staging-aws-fr-par-1.doctolib.de:8880
http://assets-staging.doctolib.de
http://a-staging-aws-fr-par-1.doctolib.de
http://a-staging-aws-fr-par-1.doctolib.de:2082
http://a-staging-aws-fr-par-1.doctolib.de:2086
http://a-staging-aws-fr-par-1.doctolib.de:2095
http://a-staging-aws-fr-par-1.doctolib.de:8080
http://a-staging-aws-fr-par-1.doctolib.de:8880
http://a-staging.doctolib.de
http://careers.doctolib.de
http://careers-staging.doctolib.de
http://connectors.doctolib.de
http://doctolib.de
http://events-logs.doctolib.de
http://events-logs-staging.doctolib.de
http://exceptions.doctolib.de
http://exceptions-interf.doctolib.de
http://exceptions-staging.doctolib.de
http://fm.doctolib.de
http://info.doctolib.de
http://info-staging.doctolib.de
http://m-dev-aws-de-fra-1.doctolib.de
http://m-dev-aws-de-fra-1.doctolib.de:2082
http://m-dev-aws-de-fra-1.doctolib.de:2086
http://m-dev-aws-de-fra-1.doctolib.de:2095
http://m-dev-aws-de-fra-1.doctolib.de:8080
http://m-dev-aws-de-fra-1.doctolib.de:8880
http://m-dev-aws-fr-par-1.doctolib.de
http://m-dev-aws-fr-par-1.doctolib.de:2082
http://m-dev-aws-fr-par-1.doctolib.de:2086
http://m-dev-aws-fr-par-1.doctolib.de:2095
http://m-dev-aws-fr-par-1.doctolib.de:8080
http://m-dev-aws-fr-par-1.doctolib.de:8880
http://m-dev.doctolib.de
http://m-dev.doctolib.de:2052
http://m-dev.doctolib.de:2082
http://m-dev.doctolib.de:2095
http://m-dev.doctolib.de:8080
http://m-dev.doctolib.de:8880
http://m.doctolib.de
http://m-interf.doctolib.de
http://mj.doctolib.de
http://mj-prd-aws-fr-par-1.doctolib.de
http://mj-prd-aws-fr-par-1.doctolib.de:2082
http://mj-prd-aws-fr-par-1.doctolib.de:2086
http://mj-prd-aws-fr-par-1.doctolib.de:8080
http://mj-prd-aws-fr-par-1.doctolib.de:8880
http://mj-staging.doctolib.de
http://m-prd-aws-de-fra-1.doctolib.de
http://m-prd-aws-de-fra-1.doctolib.de:2082
http://m-prd-aws-de-fra-1.doctolib.de:2086
http://m-prd-aws-de-fra-1.doctolib.de:8080
http://m-prd-aws-de-fra-1.doctolib.de:8880
http://m-prd-aws-fr-par-1.doctolib.de
http://m-prd-aws-fr-par-1.doctolib.de:2082
http://m-prd-aws-fr-par-1.doctolib.de:2086
http://m-prd-aws-fr-par-1.doctolib.de:2095
http://m-prd-aws-fr-par-1.doctolib.de:8080
http://m-prd-aws-fr-par-1.doctolib.de:8880
http://m-staging-aws-fr-par-1.doctolib.de
http://m-staging-aws-fr-par-1.doctolib.de:2082
http://m-staging-aws-fr-par-1.doctolib.de:2086
http://m-staging-aws-fr-par-1.doctolib.de:8080
http://m-staging-aws-fr-par-1.doctolib.de:8880
http://m-staging.doctolib.de
http://mta-sts.doctolib.de
http://mta-sts.doctolib.de:2082
http://mta-sts.doctolib.de:2086
http://mta-sts.doctolib.de:2095
http://mta-sts.doctolib.de:8080
http://mta-sts.doctolib.de:8880
http://partners-dev-aws-de-fra-1.doctolib.de
http://partners-dev-aws-de-fra-1.doctolib.de:2082
http://partners-dev-aws-de-fra-1.doctolib.de:2086
http://partners-dev-aws-de-fra-1.doctolib.de:2095
http://partners-dev-aws-de-fra-1.doctolib.de:8080
http://partners-dev-aws-de-fra-1.doctolib.de:8880
http://partners-dev-aws-fr-par-1.doctolib.de
http://partners-dev-aws-fr-par-1.doctolib.de:2082
http://partners-dev-aws-fr-par-1.doctolib.de:2086
http://partners-dev-aws-fr-par-1.doctolib.de:2095
http://partners-dev-aws-fr-par-1.doctolib.de:8080
http://partners-dev-aws-fr-par-1.doctolib.de:8880
http://partners-dev.doctolib.de
http://partners-dev.doctolib.de:2082
http://partners-dev.doctolib.de:2086
http://partners-dev.doctolib.de:8080
http://partners-dev.doctolib.de:8880
http://partners.doctolib.de
http://partners-interf.doctolib.de
http://partners-prd-aws-de-fra-1.doctolib.de
http://partners-prd-aws-de-fra-1.doctolib.de:2082
http://partners-prd-aws-de-fra-1.doctolib.de:2086
http://partners-prd-aws-de-fra-1.doctolib.de:8080
http://partners-prd-aws-de-fra-1.doctolib.de:8880
http://partners-prd-aws-fr-par-1.doctolib.de
http://partners-prd-aws-fr-par-1.doctolib.de:2082
http://partners-prd-aws-fr-par-1.doctolib.de:2086
http://partners-prd-aws-fr-par-1.doctolib.de:2095
http://partners-prd-aws-fr-par-1.doctolib.de:8080
http://partners-prd-aws-fr-par-1.doctolib.de:8880
http://partners-staging-aws-fr-par-1.doctolib.de
http://partners-staging-aws-fr-par-1.doctolib.de:2082
http://partners-staging-aws-fr-par-1.doctolib.de:2086
http://partners-staging-aws-fr-par-1.doctolib.de:2095
http://partners-staging-aws-fr-par-1.doctolib.de:8080
http://partners-staging-aws-fr-par-1.doctolib.de:8880
http://partners-staging.doctolib.de
http://pro-dev-aws-de-fra-1.doctolib.de
http://pro-dev-aws-de-fra-1.doctolib.de:2082
http://pro-dev-aws-de-fra-1.doctolib.de:2086
http://pro-dev-aws-de-fra-1.doctolib.de:2095
http://pro-dev-aws-de-fra-1.doctolib.de:8080
http://pro-dev-aws-de-fra-1.doctolib.de:8880
http://pro-dev-aws-fr-par-1.doctolib.de
http://pro-dev-aws-fr-par-1.doctolib.de:2082
http://pro-dev-aws-fr-par-1.doctolib.de:2086
http://pro-dev-aws-fr-par-1.doctolib.de:8080
http://pro-dev-aws-fr-par-1.doctolib.de:8880
http://pro-dev.doctolib.de
http://pro-dev.doctolib.de:2082
http://pro-dev.doctolib.de:2086
http://pro-dev.doctolib.de:8080
http://pro-dev.doctolib.de:8880
http://pro.doctolib.de
http://pro-interf.doctolib.de
http://pro-prd-aws-de-fra-1.doctolib.de
http://pro-prd-aws-de-fra-1.doctolib.de:2082
http://pro-prd-aws-de-fra-1.doctolib.de:2086
http://pro-prd-aws-de-fra-1.doctolib.de:8080
http://pro-prd-aws-de-fra-1.doctolib.de:8880
http://pro-prd-aws-fr-par-1.doctolib.de
http://pro-prd-aws-fr-par-1.doctolib.de:2082
http://pro-prd-aws-fr-par-1.doctolib.de:2086
http://pro-prd-aws-fr-par-1.doctolib.de:2095
http://pro-prd-aws-fr-par-1.doctolib.de:8080
http://pro-prd-aws-fr-par-1.doctolib.de:8880
http://pro-staging-aws-fr-par-1.doctolib.de
http://pro-staging-aws-fr-par-1.doctolib.de:2082
http://pro-staging-aws-fr-par-1.doctolib.de:2086
http://pro-staging-aws-fr-par-1.doctolib.de:2095
http://pro-staging-aws-fr-par-1.doctolib.de:8080
http://pro-staging-aws-fr-par-1.doctolib.de:8880
http://pro-staging.doctolib.de
http://rs-data.doctolib.de
http://rs-data-origin.doctolib.de
http://rs-data-origin.doctolib.de:2082
http://rs-data-origin.doctolib.de:2086
http://rs-data-origin.doctolib.de:8080
http://rs-data-origin.doctolib.de:8880
http://rs-data-staging.doctolib.de
http://rs-data-staging-origin.doctolib.de
http://rs-data-staging-origin.doctolib.de:2082
http://rs-data-staging-origin.doctolib.de:2086
http://rs-data-staging-origin.doctolib.de:2095
http://rs-data-staging-origin.doctolib.de:8080
http://rs-data-staging-origin.doctolib.de:8880
http://rs.doctolib.de
http://rs-interf.doctolib.de
http://rs-staging.doctolib.de
https://about.doctolib.de
https://about-staging.doctolib.de
https://a-dev-aws-de-fra-1.doctolib.de
https://a-dev-aws-de-fra-1.doctolib.de:2083
https://a-dev-aws-de-fra-1.doctolib.de:2087
https://a-dev-aws-de-fra-1.doctolib.de:8443
https://a-dev-aws-fr-par-1.doctolib.de
https://a-dev-aws-fr-par-1.doctolib.de:2083
https://a-dev-aws-fr-par-1.doctolib.de:2087
https://a-dev-aws-fr-par-1.doctolib.de:8443
https://a-dev.doctolib.de
https://a-dev.doctolib.de:2083
https://a-dev.doctolib.de:2087
https://a-dev.doctolib.de:2096
https://a-dev.doctolib.de:8443
https://a.doctolib.de
https://a-interf.doctolib.de
https://api-dev-aws-de-fra-1.doctolib.de
https://api-dev-aws-de-fra-1.doctolib.de:2083
https://api-dev-aws-de-fra-1.doctolib.de:2087
https://api-dev-aws-de-fra-1.doctolib.de:8443
https://api-dev-aws-fr-par-1.doctolib.de
https://api-dev-aws-fr-par-1.doctolib.de:2083
https://api-dev-aws-fr-par-1.doctolib.de:2087
https://api-dev-aws-fr-par-1.doctolib.de:8443
https://api-dev.doctolib.de
https://api-dev.doctolib.de:2083
https://api-dev.doctolib.de:2087
https://api-dev.doctolib.de:8443
https://api.doctolib.de
https://api-interf.doctolib.de
https://api-prd-aws-de-fra-1.doctolib.de
https://api-prd-aws-de-fra-1.doctolib.de:2083
https://api-prd-aws-de-fra-1.doctolib.de:2087
https://api-prd-aws-de-fra-1.doctolib.de:8443
https://api-prd-aws-fr-par-1.doctolib.de
https://api-prd-aws-fr-par-1.doctolib.de:2083
https://api-prd-aws-fr-par-1.doctolib.de:2087
https://api-prd-aws-fr-par-1.doctolib.de:8443
https://api-staging-aws-fr-par-1.doctolib.de
https://api-staging-aws-fr-par-1.doctolib.de:2083
https://api-staging-aws-fr-par-1.doctolib.de:2087
https://api-staging-aws-fr-par-1.doctolib.de:8443
https://api-staging.doctolib.de
https://a-prd-aws-de-fra-1.doctolib.de
https://a-prd-aws-de-fra-1.doctolib.de:2083
https://a-prd-aws-de-fra-1.doctolib.de:2087
https://a-prd-aws-de-fra-1.doctolib.de:8443
https://a-prd-aws-fr-par-1.doctolib.de
https://a-prd-aws-fr-par-1.doctolib.de:2083
https://a-prd-aws-fr-par-1.doctolib.de:2087
https://a-prd-aws-fr-par-1.doctolib.de:8443
https://assets-dev-aws-de-fra-1.doctolib.de
https://assets-dev-aws-de-fra-1.doctolib.de:2083
https://assets-dev-aws-de-fra-1.doctolib.de:2087
https://assets-dev-aws-de-fra-1.doctolib.de:8443
https://assets-dev-aws-fr-par-1.doctolib.de
https://assets-dev-aws-fr-par-1.doctolib.de:2083
https://assets-dev-aws-fr-par-1.doctolib.de:2087
https://assets-dev-aws-fr-par-1.doctolib.de:8443
https://assets-dev.doctolib.de
https://assets-dev.doctolib.de:2083
https://assets-dev.doctolib.de:2087
https://assets-dev.doctolib.de:2096
https://assets-dev.doctolib.de:8443
https://assets.doctolib.de
https://assets-interf.doctolib.de
https://assets-prd-aws-de-fra-1.doctolib.de
https://assets-prd-aws-de-fra-1.doctolib.de:2083
https://assets-prd-aws-de-fra-1.doctolib.de:2087
https://assets-prd-aws-de-fra-1.doctolib.de:8443
https://assets-prd-aws-fr-par-1.doctolib.de
https://assets-prd-aws-fr-par-1.doctolib.de:2083
https://assets-prd-aws-fr-par-1.doctolib.de:2087
https://assets-prd-aws-fr-par-1.doctolib.de:8443
https://assets-staging-aws-fr-par-1.doctolib.de
https://assets-staging-aws-fr-par-1.doctolib.de:2083
https://assets-staging-aws-fr-par-1.doctolib.de:2087
https://assets-staging-aws-fr-par-1.doctolib.de:8443
https://assets-staging.doctolib.de
https://a-staging-aws-fr-par-1.doctolib.de
https://a-staging-aws-fr-par-1.doctolib.de:2083
https://a-staging-aws-fr-par-1.doctolib.de:2087
https://a-staging-aws-fr-par-1.doctolib.de:8443
https://a-staging.doctolib.de
https://careers.doctolib.de
https://careers-staging.doctolib.de
https://connectors.doctolib.de
https://doctolib.de
https://events-logs.doctolib.de
https://events-logs-staging.doctolib.de
https://exceptions.doctolib.de
https://exceptions-interf.doctolib.de
https://exceptions-staging.doctolib.de
https://fm.doctolib.de
https://info.doctolib.de
https://info-staging.doctolib.de
https://m-dev-aws-de-fra-1.doctolib.de
https://m-dev-aws-de-fra-1.doctolib.de:2083
https://m-dev-aws-de-fra-1.doctolib.de:2087
https://m-dev-aws-de-fra-1.doctolib.de:8443
https://m-dev-aws-fr-par-1.doctolib.de
https://m-dev-aws-fr-par-1.doctolib.de:2083
https://m-dev-aws-fr-par-1.doctolib.de:2087
https://m-dev-aws-fr-par-1.doctolib.de:8443
https://m-dev.doctolib.de
https://m-dev.doctolib.de:2083
https://m-dev.doctolib.de:2087
https://m-dev.doctolib.de:2096
https://m-dev.doctolib.de:8443
https://m.doctolib.de
https://m-interf.doctolib.de
https://mj.doctolib.de
https://mj-prd-aws-fr-par-1.doctolib.de
https://mj-prd-aws-fr-par-1.doctolib.de:2083
https://mj-prd-aws-fr-par-1.doctolib.de:2087
https://mj-prd-aws-fr-par-1.doctolib.de:8443
https://mj-staging.doctolib.de
https://m-prd-aws-de-fra-1.doctolib.de
https://m-prd-aws-de-fra-1.doctolib.de:2083
https://m-prd-aws-de-fra-1.doctolib.de:2087
https://m-prd-aws-de-fra-1.doctolib.de:8443
https://m-prd-aws-fr-par-1.doctolib.de
https://m-prd-aws-fr-par-1.doctolib.de:2083
https://m-prd-aws-fr-par-1.doctolib.de:2087
https://m-prd-aws-fr-par-1.doctolib.de:8443
https://m-staging-aws-fr-par-1.doctolib.de
https://m-staging-aws-fr-par-1.doctolib.de:2083
https://m-staging-aws-fr-par-1.doctolib.de:2087
https://m-staging-aws-fr-par-1.doctolib.de:8443
https://m-staging.doctolib.de
https://mta-sts.doctolib.de
https://mta-sts.doctolib.de:2083
https://mta-sts.doctolib.de:2087
https://mta-sts.doctolib.de:8443
https://partners-dev-aws-de-fra-1.doctolib.de
https://partners-dev-aws-de-fra-1.doctolib.de:2083
https://partners-dev-aws-de-fra-1.doctolib.de:2087
https://partners-dev-aws-de-fra-1.doctolib.de:8443
https://partners-dev-aws-fr-par-1.doctolib.de
https://partners-dev-aws-fr-par-1.doctolib.de:2083
https://partners-dev-aws-fr-par-1.doctolib.de:2087
https://partners-dev-aws-fr-par-1.doctolib.de:8443
https://partners-dev.doctolib.de
https://partners-dev.doctolib.de:2083
https://partners-dev.doctolib.de:2087
https://partners-dev.doctolib.de:8443
https://partners.doctolib.de
https://partners-interf.doctolib.de
https://partners-prd-aws-de-fra-1.doctolib.de
https://partners-prd-aws-de-fra-1.doctolib.de:2083
https://partners-prd-aws-de-fra-1.doctolib.de:2087
https://partners-prd-aws-de-fra-1.doctolib.de:8443
https://partners-prd-aws-fr-par-1.doctolib.de
https://partners-prd-aws-fr-par-1.doctolib.de:2083
https://partners-prd-aws-fr-par-1.doctolib.de:2087
https://partners-prd-aws-fr-par-1.doctolib.de:8443
https://partners-staging-aws-fr-par-1.doctolib.de
https://partners-staging-aws-fr-par-1.doctolib.de:2083
https://partners-staging-aws-fr-par-1.doctolib.de:2087
https://partners-staging-aws-fr-par-1.doctolib.de:8443
https://partners-staging.doctolib.de
https://pro-dev-aws-de-fra-1.doctolib.de
https://pro-dev-aws-de-fra-1.doctolib.de:2083
https://pro-dev-aws-de-fra-1.doctolib.de:2087
https://pro-dev-aws-de-fra-1.doctolib.de:8443
https://pro-dev-aws-fr-par-1.doctolib.de
https://pro-dev-aws-fr-par-1.doctolib.de:2083
https://pro-dev-aws-fr-par-1.doctolib.de:2087
https://pro-dev-aws-fr-par-1.doctolib.de:8443
https://pro-dev.doctolib.de
https://pro-dev.doctolib.de:2083
https://pro-dev.doctolib.de:2087
https://pro-dev.doctolib.de:8443
https://pro.doctolib.de
https://pro-interf.doctolib.de
https://pro-prd-aws-de-fra-1.doctolib.de
https://pro-prd-aws-de-fra-1.doctolib.de:2083
https://pro-prd-aws-de-fra-1.doctolib.de:2087
https://pro-prd-aws-de-fra-1.doctolib.de:8443
https://pro-prd-aws-fr-par-1.doctolib.de
https://pro-prd-aws-fr-par-1.doctolib.de:2083
https://pro-prd-aws-fr-par-1.doctolib.de:2087
https://pro-prd-aws-fr-par-1.doctolib.de:8443
https://pro-staging-aws-fr-par-1.doctolib.de
https://pro-staging-aws-fr-par-1.doctolib.de:2083
https://pro-staging-aws-fr-par-1.doctolib.de:2087
https://pro-staging-aws-fr-par-1.doctolib.de:8443
https://pro-staging.doctolib.de
https://rs-data.doctolib.de
https://rs-data-origin.doctolib.de
https://rs-data-origin.doctolib.de:2083
https://rs-data-origin.doctolib.de:2087
https://rs-data-origin.doctolib.de:8443
https://rs-data-staging.doctolib.de
https://rs-data-staging-origin.doctolib.de
https://rs-data-staging-origin.doctolib.de:2083
https://rs-data-staging-origin.doctolib.de:2087
https://rs-data-staging-origin.doctolib.de:8443
https://rs.doctolib.de
https://rs-interf.doctolib.de
https://rs-staging.doctolib.de
https://tok.doctolib.de
https://tok.doctolib.de:2053
https://tok.doctolib.de:2083
https://tok.doctolib.de:2087
https://tok.doctolib.de:8443
https://tok-staging.doctolib.de
https://tok-staging.doctolib.de:2083
https://tok-staging.doctolib.de:2087
https://tok-staging.doctolib.de:8443
https://www-dev-aws-de-fra-1.doctolib.de
https://www-dev-aws-de-fra-1.doctolib.de:2083
https://www-dev-aws-de-fra-1.doctolib.de:2087
https://www-dev-aws-de-fra-1.doctolib.de:8443
https://www-dev-aws-fr-par-1.doctolib.de
https://www-dev-aws-fr-par-1.doctolib.de:2083
https://www-dev-aws-fr-par-1.doctolib.de:2087
https://www-dev-aws-fr-par-1.doctolib.de:8443
https://www-dev.doctolib.de
https://www-dev.doctolib.de:2083
https://www-dev.doctolib.de:2087
https://www-dev.doctolib.de:2096
https://www-dev.doctolib.de:8443
https://www.doctolib.de
https://www-interf.doctolib.de
https://www-prd-aws-de-fra-1.doctolib.de
https://www-prd-aws-de-fra-1.doctolib.de:2083
https://www-prd-aws-de-fra-1.doctolib.de:2087
https://www-prd-aws-de-fra-1.doctolib.de:8443
https://www-prd-aws-fr-par-1.doctolib.de
https://www-prd-aws-fr-par-1.doctolib.de:2083
https://www-prd-aws-fr-par-1.doctolib.de:2087
https://www-prd-aws-fr-par-1.doctolib.de:8443
https://www-staging-aws-fr-par-1.doctolib.de
https://www-staging-aws-fr-par-1.doctolib.de:2083
https://www-staging-aws-fr-par-1.doctolib.de:2087
https://www-staging-aws-fr-par-1.doctolib.de:8443
https://www-staging.doctolib.de
http://tok.doctolib.de
http://tok.doctolib.de:2082
http://tok.doctolib.de:2086
http://tok.doctolib.de:8080
http://tok.doctolib.de:8880
http://tok-staging.doctolib.de
http://tok-staging.doctolib.de:2082
http://tok-staging.doctolib.de:2086
http://tok-staging.doctolib.de:8080
http://tok-staging.doctolib.de:8880
http://www-dev-aws-de-fra-1.doctolib.de
http://www-dev-aws-de-fra-1.doctolib.de:2082
http://www-dev-aws-de-fra-1.doctolib.de:2086
http://www-dev-aws-de-fra-1.doctolib.de:8080
http://www-dev-aws-de-fra-1.doctolib.de:8880
http://www-dev-aws-fr-par-1.doctolib.de
http://www-dev-aws-fr-par-1.doctolib.de:2082
http://www-dev-aws-fr-par-1.doctolib.de:2086
http://www-dev-aws-fr-par-1.doctolib.de:8080
http://www-dev-aws-fr-par-1.doctolib.de:8880
http://www-dev.doctolib.de
http://www-dev.doctolib.de:2052
http://www-dev.doctolib.de:2082
http://www-dev.doctolib.de:2095
http://www-dev.doctolib.de:8080
http://www-dev.doctolib.de:8880
http://www.doctolib.de
http://www-interf.doctolib.de
http://www-prd-aws-de-fra-1.doctolib.de
http://www-prd-aws-de-fra-1.doctolib.de:2082
http://www-prd-aws-de-fra-1.doctolib.de:2086
http://www-prd-aws-de-fra-1.doctolib.de:2095
http://www-prd-aws-de-fra-1.doctolib.de:8080
http://www-prd-aws-de-fra-1.doctolib.de:8880
http://www-prd-aws-fr-par-1.doctolib.de
http://www-prd-aws-fr-par-1.doctolib.de:2082
http://www-prd-aws-fr-par-1.doctolib.de:2086
http://www-prd-aws-fr-par-1.doctolib.de:2095
http://www-prd-aws-fr-par-1.doctolib.de:8080
http://www-prd-aws-fr-par-1.doctolib.de:8880
http://www-staging-aws-fr-par-1.doctolib.de
http://www-staging-aws-fr-par-1.doctolib.de:2082
http://www-staging-aws-fr-par-1.doctolib.de:2086
http://www-staging-aws-fr-par-1.doctolib.de:2095
http://www-staging-aws-fr-par-1.doctolib.de:8080
http://www-staging-aws-fr-par-1.doctolib.de:8880
http://www-staging.doctolib.de
