http://about.doctolib.com
http://about-staging.doctolib.com
http://adp.doctolib.com
http://agenda-dev.doctolib.com
http://agenda-dev.doctolib.com:2082
http://agenda-dev.doctolib.com:2086
http://agenda-dev.doctolib.com:8080
http://agenda-dev.doctolib.com:8880
http://agenda.doctolib.com
http://agenda.doctolib.com:2086
http://agenda.doctolib.com:8080
http://agenda.doctolib.com:8880
http://agenda-interf.doctolib.com
http://api.doctolib.com
http://api-interf.doctolib.com
http://careers.doctolib.com
http://careers-staging.doctolib.com
http://clicks.doctolib.com
http://clicks.doctolib.com:2086
http://clicks.doctolib.com:8080
http://clicks.doctolib.com:8880
http://community-staging.doctolib.com
http://cortex.doctolib.com
http://developers.doctolib.com
http://doctolib.com
http://email.doctolib.com
http://email.doctolib.com:2086
http://email.doctolib.com:8080
http://email.doctolib.com:8880
http://email.gh-mail.doctolib.com
http://event.doctolib.com
http://events.doctolib.com
http://events.doctolib.com:2082
http://events.doctolib.com:2086
http://events.doctolib.com:8080
http://events.doctolib.com:8880
http://events-logs.doctolib.com
http://events-logs.doctolib.com:2086
http://events-logs.doctolib.com:8080
http://events-logs.doctolib.com:8880
http://events-logs-staging.doctolib.com
http://events-logs-staging.doctolib.com:2082
http://events-logs-staging.doctolib.com:2086
http://events-logs-staging.doctolib.com:8080
http://events-logs-staging.doctolib.com:8880
http://fb.doctolib.com
http://flowmailer.doctolib.com
http://helpdesk.doctolib.com
http://infos.doctolib.com
http://infos.doctolib.com:2086
http://infos.doctolib.com:8080
http://infos.doctolib.com:8880
http://mailhog-staging.doctolib.com
http://m.doctolib.com
http://media.doctolib.com
http://mj-dev.doctolib.com
http://mj-dev.doctolib.com:2086
http://mj-dev.doctolib.com:8080
http://mj-dev.doctolib.com:8880
http://mj.doctolib.com
http://m-staging.doctolib.com
http://mta-sts.doctolib.com
http://mta-sts.doctolib.com:2082
http://mta-sts.doctolib.com:2086
http://mta-sts.doctolib.com:8080
http://mta-sts.doctolib.com:8880
http://news.doctolib.com
http://news.doctolib.com:2082
http://news.doctolib.com:2086
http://news.doctolib.com:8080
http://news.doctolib.com:8880
http://pro-app.doctolib.com
http://pro-dev.doctolib.com
http://pro-dev.doctolib.com:2082
http://pro-dev.doctolib.com:2086
http://pro-dev.doctolib.com:8080
http://pro-dev.doctolib.com:8880
http://pro-staging.doctolib.com
http://rs.doctolib.com
http://rs-interf.doctolib.com
http://rs-media.doctolib.com
http://rs-media-origin.doctolib.com
http://rs-media-origin.doctolib.com:2082
http://rs-media-origin.doctolib.com:2086
http://rs-media-origin.doctolib.com:8080
http://rs-media-origin.doctolib.com:8880
http://rs-staging.doctolib.com
https://about.doctolib.com
https://about-staging.doctolib.com
https://adp.doctolib.com
https://agenda-dev.doctolib.com
https://agenda-dev.doctolib.com:2083
https://agenda-dev.doctolib.com:2087
https://agenda-dev.doctolib.com:8443
https://agenda.doctolib.com
https://agenda.doctolib.com:2083
https://agenda.doctolib.com:2087
https://agenda.doctolib.com:2096
https://agenda-interf.doctolib.com
https://api.doctolib.com
https://api-interf.doctolib.com
https://careers.doctolib.com
https://careers-staging.doctolib.com
https://clicks.doctolib.com
https://clicks.doctolib.com:2083
https://clicks.doctolib.com:2087
https://clicks.doctolib.com:2096
https://community-staging.doctolib.com
https://cortex.doctolib.com
https://developers.doctolib.com
https://doctolib.com
https://email.doctolib.com
https://email.doctolib.com:2083
https://email.doctolib.com:2087
https://email.doctolib.com:2096
https://email.gh-mail.doctolib.com
https://event.doctolib.com
https://events.doctolib.com
https://events.doctolib.com:2083
https://events.doctolib.com:2087
https://events.doctolib.com:8443
https://events-logs.doctolib.com
https://events-logs.doctolib.com:2083
https://events-logs.doctolib.com:2087
https://events-logs.doctolib.com:2096
https://events-logs-staging.doctolib.com
https://events-logs-staging.doctolib.com:2083
https://events-logs-staging.doctolib.com:2087
https://events-logs-staging.doctolib.com:8443
https://fb.doctolib.com
https://flowmailer.doctolib.com
https://helpdesk.doctolib.com
http://signature.doctolib.com
https://infos.doctolib.com
https://infos.doctolib.com:2083
https://infos.doctolib.com:2087
https://infos.doctolib.com:2096
https://mailhog-staging.doctolib.com
https://m.doctolib.com
https://media.doctolib.com
https://mj-dev.doctolib.com
https://mj-dev.doctolib.com:2083
https://mj-dev.doctolib.com:2087
https://mj-dev.doctolib.com:2096
https://mj.doctolib.com
https://m-staging.doctolib.com
https://mta-sts.doctolib.com
https://mta-sts.doctolib.com:2083
https://mta-sts.doctolib.com:2087
https://mta-sts.doctolib.com:8443
https://news.doctolib.com
https://news.doctolib.com:2083
https://news.doctolib.com:2087
https://news.doctolib.com:8443
https://pro-app.doctolib.com
https://pro-dev.doctolib.com
https://pro-dev.doctolib.com:2083
https://pro-dev.doctolib.com:2087
https://pro-dev.doctolib.com:8443
https://pro-staging.doctolib.com
https://rs.doctolib.com
https://rs-interf.doctolib.com
https://rs-media.doctolib.com
https://rs-media-origin.doctolib.com
https://rs-media-origin.doctolib.com:2083
https://rs-media-origin.doctolib.com:2087
https://rs-media-origin.doctolib.com:8443
https://rs-staging.doctolib.com
https://signature.doctolib.com
https://status.doctolib.com
https://store.doctolib.com
https://sync-gateway-dev.doctolib.com
https://sync-gateway-dev.doctolib.com:2083
https://sync-gateway-dev.doctolib.com:2087
https://sync-gateway-dev.doctolib.com:2096
https://sync-gateway.doctolib.com
https://sync-gateway-staging.doctolib.com
http://status.doctolib.com
https://test-failures.doctolib.com
https://test-failures.doctolib.com:2083
https://test-failures.doctolib.com:2087
https://test-failures.doctolib.com:8443
https://test-failures-staging.doctolib.com
https://test-failures-staging.doctolib.com:2083
https://test-failures-staging.doctolib.com:2087
https://test-failures-staging.doctolib.com:8443
https://tfsec.doctolib.com
http://store.doctolib.com
http://store.doctolib.com:8080
https://www-dev.doctolib.com
https://www-dev.doctolib.com:2083
https://www-dev.doctolib.com:2087
https://www-dev.doctolib.com:2096
https://www.doctolib.com
https://www-staging.doctolib.com
http://sync-gateway-dev.doctolib.com
http://sync-gateway-dev.doctolib.com:2086
http://sync-gateway-dev.doctolib.com:8080
http://sync-gateway-dev.doctolib.com:8880
http://sync-gateway.doctolib.com
http://sync-gateway-staging.doctolib.com
http://test-failures.doctolib.com
http://test-failures.doctolib.com:2082
http://test-failures.doctolib.com:2086
http://test-failures.doctolib.com:8080
http://test-failures.doctolib.com:8880
http://test-failures-staging.doctolib.com
http://test-failures-staging.doctolib.com:2082
http://test-failures-staging.doctolib.com:2086
http://test-failures-staging.doctolib.com:8080
http://test-failures-staging.doctolib.com:8880
http://tfsec.doctolib.com
http://www-dev.doctolib.com
http://www-dev.doctolib.com:2086
http://www-dev.doctolib.com:8080
http://www-dev.doctolib.com:8880
http://www.doctolib.com
http://www-staging.doctolib.com
