http://about.doctolib.it
http://a-dev.doctolib.it
http://a-dev.doctolib.it:2086
http://a-dev.doctolib.it:2095
http://a-dev.doctolib.it:8080
http://a-dev.doctolib.it:8880
http://a.doctolib.it
http://api-dev.doctolib.it
http://api-dev.doctolib.it:2052
http://api-dev.doctolib.it:2082
http://api-dev.doctolib.it:2086
http://api-dev.doctolib.it:8080
http://api.doctolib.it
http://api-staging.doctolib.it
http://assets-dev.doctolib.it
http://assets-dev.doctolib.it:2086
http://assets-dev.doctolib.it:2095
http://assets-dev.doctolib.it:8080
http://assets-dev.doctolib.it:8880
http://assets.doctolib.it
http://assets-staging.doctolib.it
http://a-staging.doctolib.it
http://careers.doctolib.it
http://careers-staging.doctolib.it
http://doctolib.it
http://exceptions.doctolib.it
http://fm.doctolib.it
http://info.doctolib.it
http://info-staging.doctolib.it
http://m-dev.doctolib.it
http://m-dev.doctolib.it:2086
http://m-dev.doctolib.it:2095
http://m-dev.doctolib.it:8080
http://m-dev.doctolib.it:8880
http://m.doctolib.it
http://m-staging.doctolib.it
http://partners-dev.doctolib.it
http://partners-dev.doctolib.it:2086
http://partners-dev.doctolib.it:2095
http://partners-dev.doctolib.it:8080
http://partners-dev.doctolib.it:8880
http://partners.doctolib.it
http://pro-dev.doctolib.it
http://pro-dev.doctolib.it:2052
http://pro-dev.doctolib.it:2082
http://pro-dev.doctolib.it:2086
http://pro-dev.doctolib.it:8080
http://pro.doctolib.it
http://pro-staging.doctolib.it
http://rs.doctolib.it
http://rs-staging.doctolib.it
https://about.doctolib.it
https://a-dev.doctolib.it
https://a-dev.doctolib.it:2083
https://a-dev.doctolib.it:2087
https://a-dev.doctolib.it:2096
https://a-dev.doctolib.it:8443
https://a.doctolib.it
https://api-dev.doctolib.it
https://api-dev.doctolib.it:2083
https://api-dev.doctolib.it:2087
https://api-dev.doctolib.it:8443
https://api.doctolib.it
https://api-staging.doctolib.it
https://assets-dev.doctolib.it
https://assets-dev.doctolib.it:2083
https://assets-dev.doctolib.it:2087
https://assets-dev.doctolib.it:2096
https://assets-dev.doctolib.it:8443
https://assets.doctolib.it
https://assets-staging.doctolib.it
https://a-staging.doctolib.it
https://careers.doctolib.it
https://careers-staging.doctolib.it
https://doctolib.it
https://exceptions.doctolib.it
https://fm.doctolib.it
https://info.doctolib.it
https://info-staging.doctolib.it
https://m-dev.doctolib.it
https://m-dev.doctolib.it:2083
https://m-dev.doctolib.it:2087
https://m-dev.doctolib.it:2096
https://m-dev.doctolib.it:8443
https://m.doctolib.it
https://m-staging.doctolib.it
https://partners-dev.doctolib.it
https://partners-dev.doctolib.it:2083
https://partners-dev.doctolib.it:2087
https://partners-dev.doctolib.it:2096
https://partners-dev.doctolib.it:8443
https://partners.doctolib.it
https://pro-dev.doctolib.it
https://pro-dev.doctolib.it:2083
https://pro-dev.doctolib.it:2087
https://pro-dev.doctolib.it:8443
https://pro.doctolib.it
https://pro-staging.doctolib.it
https://rs.doctolib.it
https://rs-staging.doctolib.it
https://www-dev.doctolib.it
https://www-dev.doctolib.it:2083
https://www-dev.doctolib.it:2087
https://www-dev.doctolib.it:2096
https://www-dev.doctolib.it:8443
https://www.doctolib.it
https://www-staging.doctolib.it
http://www-dev.doctolib.it
http://www-dev.doctolib.it:2086
http://www-dev.doctolib.it:2095
http://www-dev.doctolib.it:8080
http://www-dev.doctolib.it:8880
http://www.doctolib.it
http://www-staging.doctolib.it
