http://api.enzyme.finance
http://api.enzyme.finance:2082
http://api.enzyme.finance:2086
http://api.enzyme.finance:8080
http://api.enzyme.finance:8880
http://app.enzyme.finance
http://app.enzyme.finance:2082
http://app.enzyme.finance:8080
http://app.enzyme.finance:8880
http://audit.enzyme.finance
http://audit.enzyme.finance:2082
http://audit.enzyme.finance:2086
http://audit.enzyme.finance:8080
http://audit.enzyme.finance:8880
http://contracts.enzyme.finance
http://contracts.enzyme.finance:2082
http://contracts.enzyme.finance:2086
http://contracts.enzyme.finance:2095
http://contracts.enzyme.finance:8080
http://contracts.enzyme.finance:8880
http://discord.enzyme.finance
http://discord.enzyme.finance:2082
http://discord.enzyme.finance:8080
http://discord.enzyme.finance:8880
http://docs.enzyme.finance
http://docs.enzyme.finance:2082
http://docs.enzyme.finance:2086
http://docs.enzyme.finance:8080
http://docs.enzyme.finance:8880
http://docs-v3.enzyme.finance
http://docs-v3.enzyme.finance:2082
http://docs-v3.enzyme.finance:2086
http://docs-v3.enzyme.finance:8080
http://docs-v3.enzyme.finance:8880
http://e2.enzyme.finance
http://env.enzyme.finance
http://enzyme.finance
http://jazzicon.enzyme.finance
http://relay.enzyme.finance
http://relay.enzyme.finance:2082
http://relay.enzyme.finance:2083
http://relay.enzyme.finance:2087
http://relay.enzyme.finance:8080
http://relay.enzyme.finance:8880
http://relay-polygon.enzyme.finance
http://relay-polygon.enzyme.finance:2082
http://relay-polygon.enzyme.finance:2083
http://relay-polygon.enzyme.finance:2086
http://relay-polygon.enzyme.finance:2095
http://relay-polygon.enzyme.finance:8080
http://relay-polygon.enzyme.finance:8880
http://reports.enzyme.finance
https://api.enzyme.finance
https://api.enzyme.finance:2083
https://api.enzyme.finance:2087
https://app.enzyme.finance
https://app.enzyme.finance:2083
https://app.enzyme.finance:2087
https://audit.enzyme.finance
https://audit.enzyme.finance:2083
https://audit.enzyme.finance:2087
https://contracts.enzyme.finance
https://contracts.enzyme.finance:2053
https://contracts.enzyme.finance:2083
https://discord.enzyme.finance
https://discord.enzyme.finance:2083
https://discord.enzyme.finance:2087
http://sdk.enzyme.finance
http://sdk.enzyme.finance:2082
http://sdk.enzyme.finance:2086
http://sdk.enzyme.finance:8080
http://sdk.enzyme.finance:8880
https://docs.enzyme.finance
https://docs.enzyme.finance:2053
https://docs.enzyme.finance:2083
https://docs.enzyme.finance:2087
https://docs.enzyme.finance:8443
https://docs-v3.enzyme.finance
https://docs-v3.enzyme.finance:2083
https://docs-v3.enzyme.finance:2087
https://docs-v3.enzyme.finance:8443
https://e2.enzyme.finance
https://env.enzyme.finance
https://enzyme.finance
http://services.enzyme.finance
https://jazzicon.enzyme.finance
http://sparkline.enzyme.finance
http://specs.enzyme.finance
http://specs.enzyme.finance:2082
http://specs.enzyme.finance:2086
http://specs.enzyme.finance:8080
http://specs.enzyme.finance:8880
http://specs-v3.enzyme.finance
http://specs-v3.enzyme.finance:2082
http://specs-v3.enzyme.finance:2086
http://specs-v3.enzyme.finance:8080
http://specs-v3.enzyme.finance:8880
https://relay.enzyme.finance
https://relay-polygon.enzyme.finance
https://relay-polygon.enzyme.finance:2053
https://reports.enzyme.finance
https://sdk.enzyme.finance
https://sdk.enzyme.finance:2083
https://sdk.enzyme.finance:2087
https://sdk.enzyme.finance:8443
https://services.enzyme.finance
https://sparkline.enzyme.finance
https://specs.enzyme.finance
https://specs.enzyme.finance:2083
https://specs.enzyme.finance:2087
https://specs.enzyme.finance:8443
https://specs-v3.enzyme.finance
https://specs-v3.enzyme.finance:2083
https://specs-v3.enzyme.finance:2087
https://specs-v3.enzyme.finance:8443
https://status.enzyme.finance
http://status.enzyme.finance
http://status.enzyme.finance:9998
https://telegram.enzyme.finance
https://telegram.enzyme.finance:2083
https://telegram.enzyme.finance:2087
https://userdocs.enzyme.finance
https://userdocs.enzyme.finance:2053
https://userdocs.enzyme.finance:2083
https://userdocs.enzyme.finance:2087
https://userdocs.enzyme.finance:8443
https://v2.enzyme.finance
https://v3.enzyme.finance
http://telegram.enzyme.finance
http://telegram.enzyme.finance:2082
http://telegram.enzyme.finance:2086
http://telegram.enzyme.finance:8080
http://telegram.enzyme.finance:8880
http://userdocs.enzyme.finance
http://userdocs.enzyme.finance:2082
http://userdocs.enzyme.finance:2086
http://userdocs.enzyme.finance:8080
http://userdocs.enzyme.finance:8880
http://v2.enzyme.finance
http://v3.enzyme.finance
