http://api.exmo.me
http://api.exmo.me:2053
http://api.exmo.me:2087
http://api.exmo.me:8443
http://broker.exmo.me
http://broker.exmo.me:2082
http://broker.exmo.me:2086
http://broker.exmo.me:8080
http://broker.exmo.me:8880
http://exmocoin.exmo.me
http://exmocoin.exmo.me:2086
http://exmocoin.exmo.me:2095
http://exmocoin.exmo.me:8080
http://exmo.me
http://exmo.me:2082
http://exmo.me:2086
http://exmo.me:2095
http://exmo.me:8080
http://exmo.me:8880
http://info.exmo.me
http://info.exmo.me:2086
http://info.exmo.me:2095
http://info.exmo.me:8080
http://mail.exmo.me
https://api.exmo.me
https://broker.exmo.me
https://broker.exmo.me:2053
https://broker.exmo.me:2087
https://broker.exmo.me:8443
https://exmocoin.exmo.me
https://exmocoin.exmo.me:2083
https://exmocoin.exmo.me:2087
https://exmocoin.exmo.me:2096
https://exmocoin.exmo.me:8443
https://exmo.me
https://exmo.me:2083
https://exmo.me:2087
https://exmo.me:8443
https://info.exmo.me
https://info.exmo.me:2083
https://info.exmo.me:2087
https://info.exmo.me:2096
https://info.exmo.me:8443
https://mail.exmo.me
https://support.exmo.me
http://support.exmo.me
http://support.exmo.me:2053
http://support.exmo.me:2083
http://support.exmo.me:2087
http://support.exmo.me:2096
http://support.exmo.me:8443
https://ws-api.exmo.me
https://ws-api.exmo.me:2083
https://ws-api.exmo.me:2087
https://ws-api.exmo.me:8443
https://www.exmo.me
https://www.exmo.me:2053
https://www.exmo.me:2087
https://www.exmo.me:8443
http://ws-api.exmo.me
http://ws-api.exmo.me:2082
http://ws-api.exmo.me:2086
http://ws-api.exmo.me:2095
http://ws-api.exmo.me:8080
http://ws-api.exmo.me:8880
http://www.exmo.me
http://www.exmo.me:2082
http://www.exmo.me:2086
http://www.exmo.me:8080
http://www.exmo.me:8880
