http://api.flamingo.finance
http://api.flamingo.finance:2052
http://api.flamingo.finance:2082
http://api.flamingo.finance:2086
http://api.flamingo.finance:8080
http://api.flamingo.finance:8880
http://cdn.flamingo.finance
http://cdn.flamingo.finance:8082
http://cdn.flamingo.finance:8084
http://cdn.flamingo.finance:8085
http://docs.flamingo.finance
http://docs.flamingo.finance:2082
http://docs.flamingo.finance:2086
http://docs.flamingo.finance:8080
http://docs.flamingo.finance:8880
http://fapi-mainnet.flamingo.finance
http://fapi-mainnet.flamingo.finance:2053
http://fapi-mainnet.flamingo.finance:2083
http://fapi-mainnet.flamingo.finance:2086
http://fapi-mainnet.flamingo.finance:2087
http://fapi-mainnet.flamingo.finance:8443
http://flamingo.finance
http://flamingo.finance:2086
http://flamingo.finance:8080
http://flamingo.finance:8880
http://merch.flamingo.finance
http://n2.flamingo.finance
http://n2.flamingo.finance:2086
http://n2.flamingo.finance:2087
http://n2.flamingo.finance:2096
http://n2.flamingo.finance:8080
http://n2.flamingo.finance:8443
http://n3.flamingo.finance
http://n3.flamingo.finance:2082
http://n3.flamingo.finance:2086
http://n3.flamingo.finance:8080
http://n3.flamingo.finance:8880
http://roadmap.flamingo.finance
http://roadmap.flamingo.finance:2082
http://roadmap.flamingo.finance:2086
http://roadmap.flamingo.finance:8080
http://roadmap.flamingo.finance:8880
https://api.flamingo.finance
https://api.flamingo.finance:2053
https://api.flamingo.finance:2083
https://api.flamingo.finance:2087
https://api.flamingo.finance:8443
https://cdn.flamingo.finance
https://cdn.flamingo.finance:1935
https://docs.flamingo.finance
https://docs.flamingo.finance:2087
https://docs.flamingo.finance:2096
https://docs.flamingo.finance:8443
https://fapi-mainnet.flamingo.finance
https://flamingo.finance
https://flamingo.finance:2083
https://flamingo.finance:2087
https://flamingo.finance:8443
https://merch.flamingo.finance
https://n2.flamingo.finance
https://n3.flamingo.finance
https://n3.flamingo.finance:2087
https://n3.flamingo.finance:2096
https://n3.flamingo.finance:8443
https://roadmap.flamingo.finance
https://roadmap.flamingo.finance:2087
https://roadmap.flamingo.finance:2096
https://roadmap.flamingo.finance:8443
https://test.flamingo.finance
https://test.flamingo.finance:2087
https://test.flamingo.finance:2096
https://test.flamingo.finance:8443
https://testnet.flamingo.finance
https://testnet.flamingo.finance:2087
https://testnet.flamingo.finance:2096
https://testnet.flamingo.finance:8443
https://www.flamingo.finance
https://www.flamingo.finance:2083
https://www.flamingo.finance:2087
https://www.flamingo.finance:8443
http://test.flamingo.finance
http://test.flamingo.finance:2082
http://test.flamingo.finance:2086
http://test.flamingo.finance:8080
http://test.flamingo.finance:8880
http://testnet.flamingo.finance
http://testnet.flamingo.finance:2082
http://testnet.flamingo.finance:2086
http://testnet.flamingo.finance:8080
http://testnet.flamingo.finance:8880
http://www.flamingo.finance
http://www.flamingo.finance:2086
http://www.flamingo.finance:8080
http://www.flamingo.finance:8880
