http://about.ftx.us
http://about.ftx.us:2082
http://about.ftx.us:2083
http://about.ftx.us:2086
http://about.ftx.us:2087
http://about.ftx.us:8443
http://about.ftx.us:8880
http://auth.ftx.us
http://auth.ftx.us:2082
http://auth.ftx.us:2086
http://auth.ftx.us:8880
http://beta.ftx.us
http://beta.ftx.us:2082
http://beta.ftx.us:2086
http://beta.ftx.us:2095
http://beta.ftx.us:8080
http://beta.ftx.us:8880
http://card.ftx.us
http://derivs.ftx.us
http://docs.ftx.us
http://docs.ftx.us:2082
http://docs.ftx.us:2083
http://docs.ftx.us:2086
http://docs.ftx.us:2087
http://docs.ftx.us:2095
http://docs.ftx.us:8080
http://docs.ftx.us:8880
http://ftx.us
http://ftx.us:2082
http://ftx.us:2083
http://ftx.us:2086
http://ftx.us:2087
http://ftx.us:8443
http://ftx.us:8880
http://help.ftx.us
http://help.ftx.us:2053
http://help.ftx.us:2083
http://help.ftx.us:2087
http://help.ftx.us:2096
http://help.ftx.us:8443
http://otcapi.ftx.us
http://otcapi.ftx.us:2082
http://otcapi.ftx.us:2083
http://otcapi.ftx.us:2086
http://otcapi.ftx.us:2087
http://otcapi.ftx.us:2095
http://otcapi.ftx.us:8080
http://otcapi.ftx.us:8880
http://otc.ftx.us
http://otc.ftx.us:2082
http://otc.ftx.us:2083
http://otc.ftx.us:2086
http://otc.ftx.us:2087
http://otc.ftx.us:8443
http://otc.ftx.us:8880
https://about.ftx.us
https://auth.ftx.us
https://auth.ftx.us:2083
https://auth.ftx.us:2087
https://auth.ftx.us:8443
https://beta.ftx.us
https://beta.ftx.us:2083
https://beta.ftx.us:2087
https://card.ftx.us
https://derivs.ftx.us
https://docs.ftx.us
https://ftx.us
https://help.ftx.us
https://otcapi.ftx.us
https://otc.ftx.us
https://status.ftx.us
https://sweepstakes.ftx.us
http://status.ftx.us
https://url4687.ftx.us
http://sweepstakes.ftx.us
http://sweepstakes.ftx.us:2082
http://sweepstakes.ftx.us:2083
http://sweepstakes.ftx.us:2086
http://sweepstakes.ftx.us:2087
http://sweepstakes.ftx.us:2095
http://sweepstakes.ftx.us:8080
http://sweepstakes.ftx.us:8880
https://www.ftx.us
https://www.ftx.us:8443
https://youin.ftx.us
http://url4687.ftx.us
http://url4687.ftx.us:2082
http://url4687.ftx.us:2083
http://url4687.ftx.us:2086
http://url4687.ftx.us:2087
http://url4687.ftx.us:2095
http://url4687.ftx.us:8080
http://url4687.ftx.us:8880
http://www.ftx.us
http://www.ftx.us:2082
http://www.ftx.us:2083
http://www.ftx.us:2086
http://www.ftx.us:2087
http://www.ftx.us:8880
http://youin.ftx.us
http://youin.ftx.us:2082
http://youin.ftx.us:2083
http://youin.ftx.us:2086
http://youin.ftx.us:2087
http://youin.ftx.us:8443
http://youin.ftx.us:8880
