http://about.ftx.com
http://about.ftx.com:2052
http://about.ftx.com:2082
http://about.ftx.com:2083
http://about.ftx.com:2086
http://about.ftx.com:8080
http://about.ftx.com:8443
http://about.ftx.com:8880
http://africa.ftx.com
http://auth0cdn.ftx.com
http://auth0cdn.ftx.com:2052
http://auth0cdn.ftx.com:2082
http://auth0cdn.ftx.com:2086
http://auth0cdn.ftx.com:2087
http://auth0cdn.ftx.com:8080
http://auth0cdn.ftx.com:8443
http://auth0cdn.ftx.com:8880
http://auth.ftx.com
http://auth.ftx.com:2082
http://auth.ftx.com:2086
http://auth.ftx.com:2095
http://auth.ftx.com:8080
http://auth.ftx.com:8880
http://battle-royale.ftx.com
http://battle-royale.ftx.com:2052
http://battle-royale.ftx.com:2053
http://battle-royale.ftx.com:2082
http://battle-royale.ftx.com:2083
http://battle-royale.ftx.com:2086
http://battle-royale.ftx.com:2087
http://battle-royale.ftx.com:2096
http://battle-royale.ftx.com:8080
http://battle-royale.ftx.com:8443
http://battle-royale.ftx.com:8880
http://blog.ftx.com
http://blog.ftx.com:2052
http://blog.ftx.com:2053
http://blog.ftx.com:2082
http://blog.ftx.com:2083
http://blog.ftx.com:2086
http://blog.ftx.com:2087
http://blog.ftx.com:2096
http://blog.ftx.com:8080
http://blog.ftx.com:8443
http://blog.ftx.com:8880
http://card.ftx.com
http://cfront.ftx.com
http://cfront.ftx.com:2052
http://cfront.ftx.com:2082
http://cfront.ftx.com:2083
http://cfront.ftx.com:2086
http://cfront.ftx.com:2087
http://cfront.ftx.com:8080
http://cfront.ftx.com:8443
http://cfront.ftx.com:8880
http://clicks.ftx.com
http://clicks.ftx.com:2052
http://clicks.ftx.com:2082
http://clicks.ftx.com:2086
http://clicks.ftx.com:8080
http://clicks.ftx.com:8880
http://docs.ftx.com
http://docs.ftx.com:2052
http://docs.ftx.com:2082
http://docs.ftx.com:2083
http://docs.ftx.com:2086
http://docs.ftx.com:2087
http://docs.ftx.com:8080
http://docs.ftx.com:8443
http://docs.ftx.com:8880
http://email.ftx.com
http://ftx.com
http://ftx.com:2052
http://ftx.com:2053
http://ftx.com:2082
http://ftx.com:2083
http://ftx.com:2086
http://ftx.com:2087
http://ftx.com:2096
http://ftx.com:8080
http://ftx.com:8443
http://ftx.com:8880
http://help-eu.ftx.com
http://help-eu.ftx.com:2083
http://help-eu.ftx.com:2087
http://help-eu.ftx.com:2096
http://help-eu.ftx.com:8443
http://help-eu.ftx.com:8880
http://help.ftx.com
http://help.ftx.com:2053
http://help.ftx.com:2083
http://help.ftx.com:2087
http://help.ftx.com:2096
http://help.ftx.com:8443
http://help-jp.ftx.com
http://help-jp.ftx.com:2053
http://help-jp.ftx.com:2083
http://help-jp.ftx.com:2087
http://help-jp.ftx.com:2096
http://help-jp.ftx.com:8443
http://hub.ftx.com
http://hub.ftx.com:2052
http://hub.ftx.com:2082
http://hub.ftx.com:2086
http://hub.ftx.com:8080
http://hub.ftx.com:8880
http://otcapi.ftx.com
http://otcapi.ftx.com:2052
http://otcapi.ftx.com:2053
http://otcapi.ftx.com:2082
http://otcapi.ftx.com:2083
http://otcapi.ftx.com:2086
http://otcapi.ftx.com:2087
http://otcapi.ftx.com:2096
http://otcapi.ftx.com:8080
http://otcapi.ftx.com:8880
http://otc.ftx.com
http://otc.ftx.com:2052
http://otc.ftx.com:2082
http://otc.ftx.com:2083
http://otc.ftx.com:2086
http://otc.ftx.com:2087
http://otc.ftx.com:8080
http://otc.ftx.com:8443
http://otc.ftx.com:8880
http://redash.ftx.com
http://redash.ftx.com:2052
http://redash.ftx.com:2082
http://redash.ftx.com:2086
http://redash.ftx.com:8080
http://redash.ftx.com:8880
http://research.ftx.com
http://research.ftx.com:2052
http://research.ftx.com:2082
http://research.ftx.com:2086
http://research.ftx.com:8080
http://research.ftx.com:8880
https://about.ftx.com
https://about.ftx.com:2087
https://africa.ftx.com
https://auth0cdn.ftx.com
https://auth0cdn.ftx.com:2083
https://auth.ftx.com
https://auth.ftx.com:2083
https://auth.ftx.com:2087
https://auth.ftx.com:8443
https://battle-royale.ftx.com
https://blog.ftx.com
https://card.ftx.com
https://cfront.ftx.com
https://clicks.ftx.com
https://clicks.ftx.com:2083
https://clicks.ftx.com:2087
https://clicks.ftx.com:8443
https://docs.ftx.com
https://email.ftx.com
https://ftx.com
https://help-eu.ftx.com
https://help-eu.ftx.com:2053
https://help.ftx.com
https://help-jp.ftx.com
https://hub.ftx.com
https://hub.ftx.com:2083
https://hub.ftx.com:2087
https://hub.ftx.com:8443
https://otcapi.ftx.com
https://otcapi.ftx.com:8443
https://otc.ftx.com
https://redash.ftx.com
https://redash.ftx.com:2083
https://redash.ftx.com:2087
https://redash.ftx.com:8443
https://research.ftx.com
https://research.ftx.com:2053
https://research.ftx.com:2083
https://research.ftx.com:2087
https://research.ftx.com:2096
https://research.ftx.com:8443
https://static.ftx.com
https://status.ftx.com
http://static.ftx.com
http://static.ftx.com:2052
http://static.ftx.com:2082
http://static.ftx.com:2083
http://static.ftx.com:2086
http://static.ftx.com:2087
http://static.ftx.com:8080
http://static.ftx.com:8443
http://static.ftx.com:8880
http://status.ftx.com
https://test2.ftx.com
https://test2.ftx.com:8443
https://test.ftx.com
https://url2680.ftx.com
https://ventures.ftx.com
https://whitelabel.ftx.com
https://ws.ftx.com
https://www.ftx.com
https://www.ftx.com:2053
https://www.ftx.com:2083
https://www.ftx.com:2087
https://www.ftx.com:2096
https://www.ftx.com:8443
https://zendesk2.ftx.com
https://zendesk2.ftx.com:2053
https://zendesk2.ftx.com:2083
https://zendesk2.ftx.com:2087
https://zendesk2.ftx.com:8443
http://test2.ftx.com
http://test2.ftx.com:2052
http://test2.ftx.com:2082
http://test2.ftx.com:2083
http://test2.ftx.com:2086
http://test2.ftx.com:2087
http://test2.ftx.com:8080
http://test2.ftx.com:8880
http://test.ftx.com
http://test.ftx.com:2052
http://test.ftx.com:2082
http://test.ftx.com:2083
http://test.ftx.com:2086
http://test.ftx.com:2087
http://test.ftx.com:8080
http://test.ftx.com:8443
http://test.ftx.com:8880
http://url2680.ftx.com
http://url2680.ftx.com:2052
http://url2680.ftx.com:2053
http://url2680.ftx.com:2082
http://url2680.ftx.com:2083
http://url2680.ftx.com:2086
http://url2680.ftx.com:2087
http://url2680.ftx.com:2096
http://url2680.ftx.com:8080
http://url2680.ftx.com:8443
http://url2680.ftx.com:8880
http://ventures.ftx.com
http://whitelabel.ftx.com
http://ws.ftx.com
http://ws.ftx.com:2052
http://ws.ftx.com:2082
http://ws.ftx.com:2083
http://ws.ftx.com:2086
http://ws.ftx.com:2087
http://ws.ftx.com:8080
http://ws.ftx.com:8443
http://ws.ftx.com:8880
http://www.ftx.com
http://www.ftx.com:2052
http://www.ftx.com:2082
http://www.ftx.com:2086
http://www.ftx.com:8080
http://www.ftx.com:8880
http://zendesk2.ftx.com
http://zendesk2.ftx.com:2082
http://zendesk2.ftx.com:2086
http://zendesk2.ftx.com:2095
http://zendesk2.ftx.com:8080
http://zendesk2.ftx.com:8880
