http://api.hakka.finance
http://forum.hakka.finance
http://forum.hakka.finance:2053
http://forum.hakka.finance:2082
http://forum.hakka.finance:2086
http://forum.hakka.finance:2087
http://forum.hakka.finance:8080
http://forum.hakka.finance:8443
http://forum.hakka.finance:8880
http://hakka.finance
http://hakka.finance:2053
http://hakka.finance:2082
http://hakka.finance:2086
http://hakka.finance:2087
http://hakka.finance:8080
http://hakka.finance:8443
http://hakka.finance:8880
http://harvesters.hakka.finance
http://harvesters.hakka.finance:2053
http://harvesters.hakka.finance:2082
http://harvesters.hakka.finance:2086
http://harvesters.hakka.finance:2087
http://harvesters.hakka.finance:8080
http://harvesters.hakka.finance:8443
http://harvesters.hakka.finance:8880
http://igain.hakka.finance
http://igain.hakka.finance:2053
http://igain.hakka.finance:2082
http://igain.hakka.finance:2086
http://igain.hakka.finance:2087
http://igain.hakka.finance:8080
http://igain.hakka.finance:8443
http://igain.hakka.finance:8880
http://intelligence.hakka.finance
http://intelligence.hakka.finance:2082
http://intelligence.hakka.finance:2086
http://intelligence.hakka.finance:2087
http://intelligence.hakka.finance:2095
http://intelligence.hakka.finance:8080
http://intelligence.hakka.finance:8880
https://api.hakka.finance
https://forum.hakka.finance
https://hakka.finance
https://harvesters.hakka.finance
https://igain.hakka.finance
https://intelligence.hakka.finance
https://tvl.hakka.finance
http://tvl.hakka.finance
