http://api.harvest.finance
http://api.harvest.finance:2086
http://api.harvest.finance:8880
http://api-ui.harvest.finance
http://api-ui.harvest.finance:2086
http://api-ui.harvest.finance:8880
http://app.harvest.finance
http://app.harvest.finance:2082
http://app.harvest.finance:2086
http://app.harvest.finance:8080
http://app.harvest.finance:8880
http://claim.harvest.finance
http://claim.harvest.finance:2053
http://claim.harvest.finance:2082
http://claim.harvest.finance:2086
http://claim.harvest.finance:2087
http://claim.harvest.finance:8080
http://claim.harvest.finance:8880
http://harvest.finance
http://harvest.finance:2086
http://harvest.finance:8880
http://mint.harvest.finance
http://mint.harvest.finance:2053
http://mint.harvest.finance:2082
http://mint.harvest.finance:2086
http://mint.harvest.finance:2087
http://mint.harvest.finance:8080
http://mint.harvest.finance:8880
http://old.harvest.finance
http://old.harvest.finance:2086
http://old.harvest.finance:8880
https://api.harvest.finance
https://api.harvest.finance:2087
https://api.harvest.finance:8443
https://api-ui.harvest.finance
https://api-ui.harvest.finance:2087
https://api-ui.harvest.finance:8443
https://app.harvest.finance
https://app.harvest.finance:2053
https://app.harvest.finance:2087
https://claim.harvest.finance
https://harvest.finance
https://harvest.finance:2087
https://harvest.finance:8443
https://old.harvest.finance
https://old.harvest.finance:2087
https://old.harvest.finance:8443
https://vest.harvest.finance
https://www.harvest.finance
https://www.harvest.finance:2053
https://www.harvest.finance:2087
http://vest.harvest.finance
http://vest.harvest.finance:2086
http://vest.harvest.finance:2087
http://vest.harvest.finance:8443
http://vest.harvest.finance:8880
http://www.harvest.finance
http://www.harvest.finance:2082
http://www.harvest.finance:2086
http://www.harvest.finance:8080
http://www.harvest.finance:8880
