http://igain.finance
http://igain.finance:2053
http://igain.finance:2082
http://igain.finance:2083
http://igain.finance:2086
http://igain.finance:2095
http://igain.finance:8080
http://igain.finance:8443
http://igain.finance:8880
http://ig-legacy.igain.finance
http://ig-legacy.igain.finance:2082
http://ig-legacy.igain.finance:2083
http://ig-legacy.igain.finance:2086
http://ig-legacy.igain.finance:2087
http://ig-legacy.igain.finance:8080
http://ig-legacy.igain.finance:8443
https://igain.finance
https://igain.finance:2087
https://ig-legacy.igain.finance
https://webmail.igain.finance
https://webmail.igain.finance:2053
https://webmail.igain.finance:2083
https://webmail.igain.finance:2087
https://webmail.igain.finance:8443
https://www.igain.finance
http://webmail.igain.finance
http://webmail.igain.finance:2082
http://webmail.igain.finance:2086
http://webmail.igain.finance:2095
http://webmail.igain.finance:8080
http://webmail.igain.finance:8880
http://www.igain.finance
http://www.igain.finance:2053
http://www.igain.finance:2082
http://www.igain.finance:2083
http://www.igain.finance:2086
http://www.igain.finance:2087
http://www.igain.finance:2095
http://www.igain.finance:8080
http://www.igain.finance:8443
http://www.igain.finance:8880
