http://bugs.immunefi.com
http://bugs.immunefi.com:2052
http://bugs.immunefi.com:2082
http://bugs.immunefi.com:2083
http://bugs.immunefi.com:2086
http://bugs.immunefi.com:2087
http://bugs.immunefi.com:8080
http://bugs.immunefi.com:8443
http://bugs.immunefi.com:8880
http://immunefi.com
http://immunefi.com:2052
http://immunefi.com:2053
http://immunefi.com:2083
http://immunefi.com:2086
http://immunefi.com:2087
http://immunefi.com:8443
http://immunefi.com:8880
https://bugs.immunefi.com
https://fp.immunefi.com
https://immunefi.com
https://staging.bugs.immunefi.com
http://staging.bugs.immunefi.com
http://staging.bugs.immunefi.com:2052
http://staging.bugs.immunefi.com:2053
http://staging.bugs.immunefi.com:2083
http://staging.bugs.immunefi.com:2086
http://staging.bugs.immunefi.com:2087
http://staging.bugs.immunefi.com:8443
http://staging.bugs.immunefi.com:8880
https://www.immunefi.com
http://www.immunefi.com:2082
http://www.immunefi.com:2083
http://www.immunefi.com:2087
http://www.immunefi.com:8080
http://www.immunefi.com:8443
http://www.immunefi.com:8880
