http://docs.iotube.org
http://docs.iotube.org:2082
http://docs.iotube.org:2086
http://docs.iotube.org:8080
http://docs.iotube.org:8880
http://g.iotube.org
http://g.iotube.org:8082
http://g.iotube.org:8084
http://g.iotube.org:8085
http://iotube.org
http://iotube.org:2082
http://iotube.org:8080
http://iotube.org:8880
https://docs.iotube.org
https://docs.iotube.org:2053
https://docs.iotube.org:2083
https://docs.iotube.org:2087
https://docs.iotube.org:8443
https://g.iotube.org
https://g.iotube.org:1935
https://iotube.org
https://iotube.org:2087
https://iotube.org:8443
https://testnet.iotube.org
https://testnet.iotube.org:2053
https://testnet.iotube.org:2083
https://testnet.iotube.org:2087
https://testnet.iotube.org:8443
https://v4.iotube.org
https://v4.iotube.org:2053
https://v4.iotube.org:2083
https://v4.iotube.org:2087
https://v4.iotube.org:8443
https://www.iotube.org
https://www.iotube.org:2053
https://www.iotube.org:2083
https://www.iotube.org:2087
https://www.iotube.org:8443
http://testnet.iotube.org
http://testnet.iotube.org:2082
http://testnet.iotube.org:2086
http://testnet.iotube.org:2095
http://testnet.iotube.org:8080
http://testnet.iotube.org:8880
http://v4.iotube.org
http://v4.iotube.org:2082
http://v4.iotube.org:2086
http://v4.iotube.org:2095
http://v4.iotube.org:8080
http://v4.iotube.org:8880
http://www.iotube.org
http://www.iotube.org:2052
http://www.iotube.org:2082
http://www.iotube.org:2086
http://www.iotube.org:8080
