http://chainweb.kaddex.com
http://devnet.analytics-api.kaddex.com
http://devnet.kaddex.com
http://devnet.kaddex.com:8081
http://devnet.swap.kaddex.com
http://devnet.vaulting.kaddex.com
http://docs.kaddex.com
http://docs.kaddex.com:2082
http://docs.kaddex.com:2086
http://docs.kaddex.com:8080
http://docs.kaddex.com:8880
http://kaddex.com
http://kaddex.com:2053
http://kaddex.com:2082
http://kaddex.com:2083
http://kaddex.com:2086
http://kaddex.com:2087
http://kaddex.com:8080
http://kaddex.com:8443
https://chainweb.kaddex.com
https://chainweb-node-1.kaddex.com
https://chainweb-node-2.kaddex.com
https://chainweb-node-3.kaddex.com
https://devnet.analytics-api.kaddex.com
https://devnet.kaddex.com
https://devnet.swap.kaddex.com
https://devnet.vaulting.kaddex.com
https://docs.kaddex.com
https://docs.kaddex.com:2083
https://docs.kaddex.com:2087
https://docs.kaddex.com:8443
https://kaddex.com
https://stage.buy.kaddex.com
https://stage.swap.kaddex.com
https://swap.kaddex.com
http://stage.buy.kaddex.com
http://stage.buy.kaddex.com:5010
http://stage.buy.kaddex.com:5030
http://stage.buy.kaddex.com:5050
http://stage.buy.kaddex.com:5080
http://stage.swap.kaddex.com
http://stage.swap.kaddex.com:5010
http://stage.swap.kaddex.com:5030
http://stage.swap.kaddex.com:5050
http://stage.swap.kaddex.com:5080
https://vaulting.kaddex.com
http://swap.kaddex.com
http://swap.kaddex.com:2053
http://swap.kaddex.com:2082
http://swap.kaddex.com:2083
http://swap.kaddex.com:2086
http://swap.kaddex.com:2087
http://swap.kaddex.com:8080
http://swap.kaddex.com:8443
https://www.chainweb.kaddex.com
https://www.chainweb-node-1.kaddex.com
https://www.chainweb-node-2.kaddex.com
https://www.chainweb-node-3.kaddex.com
https://www.devnet.analytics-api.kaddex.com
https://www.devnet.kaddex.com
https://www.devnet.swap.kaddex.com
https://www.devnet.vaulting.kaddex.com
https://www.kaddex.com
https://www.stage.buy.kaddex.com
https://www.stage.swap.kaddex.com
https://xwallet.kaddex.com
http://vaulting.kaddex.com
http://vaulting.kaddex.com:2053
http://vaulting.kaddex.com:2082
http://vaulting.kaddex.com:2083
http://vaulting.kaddex.com:2086
http://vaulting.kaddex.com:2087
http://vaulting.kaddex.com:8080
http://vaulting.kaddex.com:8443
http://www.chainweb.kaddex.com
http://www.devnet.analytics-api.kaddex.com
http://www.devnet.kaddex.com
http://www.devnet.kaddex.com:8081
http://www.devnet.swap.kaddex.com
http://www.devnet.vaulting.kaddex.com
http://www.kaddex.com
http://www.kaddex.com:2053
http://www.kaddex.com:2082
http://www.kaddex.com:2083
http://www.kaddex.com:2086
http://www.kaddex.com:2087
http://www.kaddex.com:8080
http://www.kaddex.com:8443
http://www.stage.buy.kaddex.com
http://www.stage.buy.kaddex.com:5010
http://www.stage.buy.kaddex.com:5030
http://www.stage.buy.kaddex.com:5050
http://www.stage.buy.kaddex.com:5080
http://www.stage.swap.kaddex.com
http://www.stage.swap.kaddex.com:5010
http://www.stage.swap.kaddex.com:5030
http://www.stage.swap.kaddex.com:5050
http://www.stage.swap.kaddex.com:5080
http://www.swap.kaddex.com
http://www.swap.kaddex.com:2053
http://www.swap.kaddex.com:2082
http://www.swap.kaddex.com:2083
http://www.swap.kaddex.com:2086
http://www.swap.kaddex.com:2087
http://www.swap.kaddex.com:8080
http://www.swap.kaddex.com:8443
http://xwallet.kaddex.com
http://xwallet.kaddex.com:2053
http://xwallet.kaddex.com:2082
http://xwallet.kaddex.com:2083
http://xwallet.kaddex.com:2086
http://xwallet.kaddex.com:2087
http://xwallet.kaddex.com:8080
http://xwallet.kaddex.com:8443
