http://api-dev.keks.app
http://api-dev.keks.app:2082
http://api-dev.keks.app:2086
http://api-dev.keks.app:2087
http://api-dev.keks.app:2095
http://api-dev.keks.app:8080
http://api-dev.keks.app:8443
http://api-dev.keks.app:8880
http://api.keks.app
http://api.keks.app:2082
http://api.keks.app:2086
http://api.keks.app:2087
http://api.keks.app:2095
http://api.keks.app:8080
http://api.keks.app:8443
http://api.keks.app:8880
http://api-staging.keks.app
http://api-staging.keks.app:2082
http://api-staging.keks.app:2086
http://api-staging.keks.app:2087
http://api-staging.keks.app:2095
http://api-staging.keks.app:8080
http://api-staging.keks.app:8443
http://api-staging.keks.app:8880
http://kekapi-dev.keks.app
http://kekapi-dev.keks.app:2052
http://kekapi-dev.keks.app:2082
http://kekapi-dev.keks.app:2083
http://kekapi-dev.keks.app:2086
http://kekapi-dev.keks.app:2087
http://kekapi-dev.keks.app:8880
http://kekapi-go-test.keks.app
http://kekapi-go-test.keks.app:2052
http://kekapi-go-test.keks.app:2082
http://kekapi-go-test.keks.app:2083
http://kekapi-go-test.keks.app:2086
http://kekapi-go-test.keks.app:2087
http://kekapi-go-test.keks.app:8880
http://kekapi.keks.app
http://kekapi.keks.app:2052
http://kekapi.keks.app:2082
http://kekapi.keks.app:2083
http://kekapi.keks.app:2086
http://kekapi.keks.app:2087
http://kekapi.keks.app:8880
http://kekapi-staging.keks.app
http://kekapi-staging.keks.app:2082
http://kekapi-staging.keks.app:2086
http://kekapi-staging.keks.app:2087
http://kekapi-staging.keks.app:2095
http://kekapi-staging.keks.app:8080
http://kekapi-staging.keks.app:8443
http://kekapi-staging.keks.app:8880
http://keks.app
http://keks.app:2052
http://keks.app:2082
http://keks.app:2083
http://keks.app:2086
http://keks.app:2087
http://keks.app:8880
https://api-dev.keks.app
https://api.keks.app
https://api-staging.keks.app
https://kekapi-dev.keks.app
https://kekapi-go-test.keks.app
https://kekapi.keks.app
https://kekapi-staging.keks.app
https://keks.app
https://www.keks.app
http://www.keks.app
