http://acs-m.lazada.sg
http://acs-wapa.lazada.sg
http://admin.education.lazada.sg
http://admin.lazada.sg
http://admin-m.lazada.sg
http://admin-p.lazada.sg
http://admin-staging.education.lazada.sg
http://adsense.lazada.sg
http://affiliate.lazada.sg
http://ali.lazada.sg
http://api.lazada.sg
http://api-pre.lazada.sg
http://api-redmart-pre.lazada.sg
http://aplus-atm.lazada.sg
http://asc-hub.lazada.sg
http://ba-buyer.lazada.sg
http://ba-buyer-staging.lazada.sg
http://brand.adsense.lazada.sg
http://cart-m.lazada.sg
http://cart-p.lazada.sg
http://cart-rm.lazada.sg
http://chameleon.lazada.sg
http://chameleon-pre.lazada.sg
http://checkout.lazada.sg
http://checkout-m.lazada.sg
http://checkout-p.lazada.sg
http://checkout-rm.lazada.sg
http://checkout-rm-p.lazada.sg
http://c.lazada.sg
http://community-staging.lazada.sg
http://cs.lazada.sg
http://dmtrace.support.lazada.sg
http://eco-acc.lazada.sg
http://eco-device.lazada.sg
http://eco.lazada.sg
http://eco-ueba.lazada.sg
http://education.lazada.sg
http://education-staging.lazada.sg
http://email.lazada.sg
http://enterpriseenrollment.lazada.sg
http://enterpriseregistration.lazada.sg
http://er.lazada.sg
http://er-p.lazada.sg
http://er-search.lazada.sg
http://fc.lazada.sg
http://filebroker-cdn.lazada.sg
http://filebroker.lazada.sg
http://filebroker-staging.lazada.sg
http://gcp-er.lazada.sg
http://gmcp.lazada.sg
http://h5-alimebot.lazada.sg
http://helpcenter-pre.lazada.sg
http://ho.lazada.sg
http://ifs.lazada.sg
http://i.lazada.sg
http://jmacs-wapa.lazada.sg
http://ju.lazada.sg
http://lazada.sg
http://lighthouse.lazada.sg
http://liveup.lazada.sg
http://locker.lazada.sg
http://locker.lazada.sg:10000
http://locker.lazada.sg:10001
http://locker.lazada.sg:1024
http://locker.lazada.sg:10443
http://locker.lazada.sg:1177
http://locker.lazada.sg:1234
http://locker.lazada.sg:12345
http://locker.lazada.sg:1433
http://locker.lazada.sg:1521
http://locker.lazada.sg:1935
http://locker.lazada.sg:2000
http://locker.lazada.sg:20000
http://locker.lazada.sg:2082
http://locker.lazada.sg:2086
http://locker.lazada.sg:2222
http://locker.lazada.sg:2480
http://locker.lazada.sg:3000
http://locker.lazada.sg:3001
http://locker.lazada.sg:3299
http://locker.lazada.sg:3389
http://locker.lazada.sg:3790
http://locker.lazada.sg:389
http://locker.lazada.sg:4022
http://locker.lazada.sg:4040
http://locker.lazada.sg:444
http://locker.lazada.sg:4443
http://locker.lazada.sg:4500
http://locker.lazada.sg:4567
http://locker.lazada.sg:4848
http://locker.lazada.sg:5000
http://locker.lazada.sg:50000
http://locker.lazada.sg:5001
http://locker.lazada.sg:5005
http://locker.lazada.sg:5006
http://locker.lazada.sg:5007
http://locker.lazada.sg:5009
http://locker.lazada.sg:5010
http://locker.lazada.sg:5222
http://locker.lazada.sg:554
http://locker.lazada.sg:5555
http://locker.lazada.sg:5601
http://locker.lazada.sg:5672
http://locker.lazada.sg:5900
http://locker.lazada.sg:5985
http://locker.lazada.sg:6000
http://locker.lazada.sg:6001
http://locker.lazada.sg:631
http://locker.lazada.sg:6443
http://locker.lazada.sg:7001
http://locker.lazada.sg:7171
http://locker.lazada.sg:7443
http://locker.lazada.sg:7474
http://locker.lazada.sg:7777
http://locker.lazada.sg:7779
http://locker.lazada.sg:8000
http://locker.lazada.sg:8001
http://locker.lazada.sg:8009
http://locker.lazada.sg:8010
http://locker.lazada.sg:8060
http://locker.lazada.sg:8069
http://locker.lazada.sg:8081
http://locker.lazada.sg:8083
http://locker.lazada.sg:8086
http://locker.lazada.sg:8089
http://locker.lazada.sg:8090
http://locker.lazada.sg:8098
http://locker.lazada.sg:81
http://locker.lazada.sg:8112
http://locker.lazada.sg:8126
http://locker.lazada.sg:8139
http://locker.lazada.sg:8140
http://locker.lazada.sg:8181
http://locker.lazada.sg:82
http://locker.lazada.sg:8200
http://locker.lazada.sg:83
http://locker.lazada.sg:84
http://locker.lazada.sg:8443
http://locker.lazada.sg:88
http://locker.lazada.sg:8800
http://locker.lazada.sg:8834
http://locker.lazada.sg:8880
http://locker.lazada.sg:8888
http://locker.lazada.sg:9000
http://locker.lazada.sg:9001
http://locker.lazada.sg:9002
http://locker.lazada.sg:9009
http://locker.lazada.sg:9080
http://locker.lazada.sg:9090
http://locker.lazada.sg:9100
http://locker.lazada.sg:9200
http://locker.lazada.sg:9943
http://locker.lazada.sg:9998
http://locker.lazada.sg:9999
http://media.lazada.sg
http://member-m.lazada.sg
http://member-p.lazada.sg
http://member-rm.lazada.sg
http://member-rm-p.lazada.sg
http://m.lazada.sg
http://ms.adsense.lazada.sg
http://m.sellercenter-staging-redmart.lazada.sg
http://msgacs-wapa.lazada.sg
http://msoid.lazada.sg
http://my.lazada.sg
http://my-m.lazada.sg
http://my-pre.lazada.sg
http://my-rm.lazada.sg
http://my-rm-p.lazada.sg
http://openapi.lazada.sg
http://orders.lazada.sg
http://pages.lazada.sg
http://partners.lazada.sg
http://pdp-beta.lazada.sg
http://pdpdesc.lazada.sg
http://pdpdesc-m.lazada.sg
http://pdpdesc-p.lazada.sg
http://pdp.lazada.sg
http://pdp-p.lazada.sg
http://pdp-pre.lazada.sg
http://pform.lazada.sg
http://pre-ab.lazada.sg
http://pre-adsence.lazada.sg
http://pre-c.lazada.sg
http://pre-clickserver.lazada.sg
http://pre-creative.lazada.sg
http://pre-gcp-er.lazada.sg
http://pre-gmcp.lazada.sg
http://pre-h5-alimebot.lazada.sg
http://pre.lazada.sg
http://pre-lazgame-dashboard.lazada.sg
http://pre-lighthouse.lazada.sg
http://pre-psc-alimebot.lazada.sg
http://pre-shop-alimebot.lazada.sg
http://pre-s.lazada.sg
http://pre-store.lazada.sg
http://pre-stp.lazada.sg
http://pre-u.lazada.sg
http://pre-wallet.lazada.sg
http://psc-alimebot.lazada.sg
http://redmart-delivery-schedule.lazada.sg
http://redmart.lazada.sg
http://rest.lazada.sg
https://acs-m.lazada.sg
https://acs-wapa.lazada.sg
https://admin.education.lazada.sg
https://admin.lazada.sg
https://admin-m.lazada.sg
https://admin-p.lazada.sg
https://admin-staging.education.lazada.sg
https://adsense.lazada.sg
https://affiliate.lazada.sg
https://ali.lazada.sg
https://api.lazada.sg
https://api-pre.lazada.sg
https://api-redmart-pre.lazada.sg
https://aplus-atm.lazada.sg
https://asc-hub.lazada.sg
https://ba-buyer.lazada.sg
https://ba-buyer-staging.lazada.sg
https://brand.adsense.lazada.sg
https://cart-m.lazada.sg
https://cart-p.lazada.sg
https://cart-rm.lazada.sg
https://chameleon.lazada.sg
https://chameleon-pre.lazada.sg
https://checkout.lazada.sg
https://checkout-m.lazada.sg
https://checkout-p.lazada.sg
https://checkout-rm.lazada.sg
https://checkout-rm-p.lazada.sg
https://c.lazada.sg
https://community-staging.lazada.sg
https://cs.lazada.sg
http://search-beta.lazada.sg
http://search-p.lazada.sg
https://eco-acc.lazada.sg
https://eco-device.lazada.sg
https://eco.lazada.sg
https://eco-ueba.lazada.sg
https://education.lazada.sg
https://education-staging.lazada.sg
http://sellercenter-staging.lazada.sg
http://sellercenter-staging-redmart.lazada.sg
http://sellers.lazada.sg
https://email.lazada.sg
https://enterpriseenrollment.lazada.sg
https://enterpriseregistration.lazada.sg
https://er.lazada.sg
https://er-p.lazada.sg
https://fc.lazada.sg
https://filebroker-cdn.lazada.sg
https://filebroker.lazada.sg
https://filebroker-staging.lazada.sg
https://gcp-er.lazada.sg
https://gmcp.lazada.sg
https://h5-alimebot.lazada.sg
https://helpcenter-pre.lazada.sg
https://ho.lazada.sg
http://shop-alimebot.lazada.sg
https://ifs.lazada.sg
https://i.lazada.sg
https://jmacs-m.lazada.sg
https://jmacs-wapa.lazada.sg
https://ju.lazada.sg
http://s.lazada.sg
https://lazada.sg
https://lighthouse.lazada.sg
https://liveup.lazada.sg
https://locker.lazada.sg
https://locker.lazada.sg:9443
https://media.lazada.sg
https://member-m.lazada.sg
https://member-p.lazada.sg
https://member-rm.lazada.sg
https://member-rm-p.lazada.sg
https://m.lazada.sg
https://ms.adsense.lazada.sg
https://m.sellercenter-staging-redmart.lazada.sg
https://msgacs-m.lazada.sg
https://msgacs-wapa.lazada.sg
https://msoid.lazada.sg
https://my.lazada.sg
https://my-m.lazada.sg
https://my-pre.lazada.sg
https://my-rm.lazada.sg
https://my-rm-p.lazada.sg
http://sofp.lazada.sg
http://solution.lazada.sg
https://openapi.lazada.sg
https://orders.lazada.sg
https://pages.lazada.sg
https://partners.lazada.sg
https://pdp-beta.lazada.sg
https://pdpdesc.lazada.sg
https://pdpdesc-m.lazada.sg
https://pdpdesc-p.lazada.sg
https://pdp.lazada.sg
https://pdp-p.lazada.sg
https://pdp-pre.lazada.sg
https://pform.lazada.sg
https://pre-ab.lazada.sg
https://pre-adsence.lazada.sg
https://pre-c.lazada.sg
https://pre-clickserver.lazada.sg
https://pre-creative.lazada.sg
https://pre-gcp-er.lazada.sg
https://pre-gmcp.lazada.sg
https://pre-h5-alimebot.lazada.sg
https://pre.lazada.sg
https://pre-lazgame-dashboard.lazada.sg
https://pre-lighthouse.lazada.sg
https://pre-psc-alimebot.lazada.sg
https://pre-shop-alimebot.lazada.sg
https://pre-s.lazada.sg
https://pre-store.lazada.sg
https://pre-stp.lazada.sg
https://pre-u.lazada.sg
https://pre-wallet.lazada.sg
https://psc-alimebot.lazada.sg
https://redirectionsole.r0.ruledmin.sellercenter-zac.opusmobilea7.funnkids1.lazada.sg
https://redmart-delivery-schedule.lazada.sg
https://redmart.lazada.sg
https://rest.lazada.sg
http://ssc.lazada.sg
http://ssc-staging.lazada.sg
https://search-beta.lazada.sg
https://search-p.lazada.sg
https://sellercenter-staging.lazada.sg
https://sellercenter-staging-redmart.lazada.sg
https://sellers.lazada.sg
https://shop-alimebot.lazada.sg
https://s.lazada.sg
https://sofp.lazada.sg
https://solution.lazada.sg
http://ssr-std.lazada.sg
https://ssc.lazada.sg
https://ssc-staging.lazada.sg
https://ssr-std.lazada.sg
https://static-file.lazada.sg
https://station-api.lazada.sg
https://station.lazada.sg
https://store.lazada.sg
https://sug.lazada.sg
https://survey.lazada.sg
https://taobao.lazada.sg
https://tao.lazada.sg
http://static-file.lazada.sg
http://station-api.lazada.sg
http://station.lazada.sg
https://topup.lazada.sg
http://store.lazada.sg
http://sug.lazada.sg
https://u.lazada.sg
https://union.lazada.sg
https://university.lazada.sg
https://uni-wormhole.lazada.sg
http://survey.lazada.sg
https://wallet.lazada.sg
https://www.lazada.sg
https://www.locker.lazada.sg
https://xform.lazada.sg
http://taobao.lazada.sg
http://tao.lazada.sg
http://tbaldb.lazada.sg
http://tbassets.lazada.sg
http://tbimg.lazada.sg
http://tbpage.lazada.sg
http://topup.lazada.sg
http://u.lazada.sg
http://union.lazada.sg
http://university.lazada.sg
http://uni-wormhole.lazada.sg
http://wallet.lazada.sg
http://www.lazada.sg
http://www.locker.lazada.sg
http://xform.lazada.sg
