http://api.makerdao.com
http://auctions.makerdao.com
http://awesome.makerdao.com
http://awesome.makerdao.com:2053
http://awesome.makerdao.com:2082
http://awesome.makerdao.com:2083
http://awesome.makerdao.com:2086
http://awesome.makerdao.com:2087
http://awesome.makerdao.com:2095
http://awesome.makerdao.com:8080
http://awesome.makerdao.com:8443
http://awesome.makerdao.com:8880
http://blog.makerdao.com
http://brand.makerdao.com
http://brand.makerdao.com:2082
http://brand.makerdao.com:2086
http://brand.makerdao.com:8080
http://brand.makerdao.com:8880
http://cdp-cn.makerdao.com
http://cdp-cn.makerdao.com:2082
http://cdp-cn.makerdao.com:2086
http://cdp-cn.makerdao.com:2095
http://cdp-cn.makerdao.com:8080
http://cdp-cn.makerdao.com:8880
http://cdp.makerdao.com
http://cdp.makerdao.com:2082
http://cdp.makerdao.com:2086
http://cdp.makerdao.com:2095
http://cdp.makerdao.com:8080
http://cdp.makerdao.com:8880
http://chainlog.makerdao.com
http://changelog.makerdao.com
http://chat.makerdao.com
http://chat.makerdao.com:2082
http://chat.makerdao.com:2086
http://chat.makerdao.com:8080
http://chat.makerdao.com:8880
http://chief.makerdao.com
http://chief-migration.makerdao.com
http://collateral.makerdao.com
http://collateral.makerdao.com:2082
http://collateral.makerdao.com:2086
http://collateral.makerdao.com:2095
http://collateral.makerdao.com:8080
http://collateral.makerdao.com:8880
http://community-development.makerdao.com
http://community-development.makerdao.com:2082
http://community-development.makerdao.com:2086
http://community-development.makerdao.com:2095
http://community-development.makerdao.com:8080
http://community-development.makerdao.com:8880
http://community.makerdao.com
http://community.makerdao.com:2082
http://community.makerdao.com:2086
http://community.makerdao.com:8080
http://community.makerdao.com:8880
http://dai.makerdao.com
http://dai.makerdao.com:2082
http://dai.makerdao.com:2086
http://dai.makerdao.com:2095
http://dai.makerdao.com:8080
http://dai.makerdao.com:8880
http://developer.makerdao.com
http://docs.makerdao.com
http://docs.makerdao.com:2082
http://docs.makerdao.com:2086
http://docs.makerdao.com:2095
http://docs.makerdao.com:8080
http://docs.makerdao.com:8880
http://feedback.makerdao.com
http://feedback.makerdao.com:2082
http://feedback.makerdao.com:2086
http://feedback.makerdao.com:2095
http://feedback.makerdao.com:8080
http://feedback.makerdao.com:8880
http://forum.makerdao.com
http://forum.makerdao.com:2053
http://forum.makerdao.com:2082
http://forum.makerdao.com:2083
http://forum.makerdao.com:2086
http://forum.makerdao.com:2087
http://forum.makerdao.com:2095
http://forum.makerdao.com:8080
http://forum.makerdao.com:8443
http://forum.makerdao.com:8880
http://graphql.makerdao.com
http://graphql.makerdao.com:2082
http://graphql.makerdao.com:2086
http://graphql.makerdao.com:8080
http://graphql.makerdao.com:8880
http://liquidations.makerdao.com
http://liquidations.makerdao.com:2082
http://liquidations.makerdao.com:2086
http://liquidations.makerdao.com:8080
http://liquidations.makerdao.com:8880
http://makerdao.com
http://manual.makerdao.com
http://manual.makerdao.com:2053
http://manual.makerdao.com:2082
http://manual.makerdao.com:2083
http://manual.makerdao.com:2086
http://manual.makerdao.com:2087
http://manual.makerdao.com:8080
http://manual.makerdao.com:8880
http://migrate.makerdao.com
http://mips-api.makerdao.com
http://mips-api.makerdao.com:2082
http://mips-api.makerdao.com:2086
http://mips-api.makerdao.com:8080
http://mips-api.makerdao.com:8880
http://mips.makerdao.com
http://mips.makerdao.com:2082
http://mips.makerdao.com:2086
http://mips.makerdao.com:8080
http://mips.makerdao.com:8880
http://nature.makerdao.com
http://oracles.makerdao.com
http://oracles.makerdao.com:2082
http://oracles.makerdao.com:2086
http://oracles.makerdao.com:8080
http://oracles.makerdao.com:8880
http://rctest.makerdao.com
http://rctest.makerdao.com:2053
http://rctest.makerdao.com:2082
http://rctest.makerdao.com:2083
http://rctest.makerdao.com:2086
http://rctest.makerdao.com:2087
http://rctest.makerdao.com:8080
http://rctest.makerdao.com:8880
http://redeem.makerdao.com
http://sai.makerdao.com
http://sai.makerdao.com:2082
http://sai.makerdao.com:2086
http://sai.makerdao.com:2095
http://sai.makerdao.com:8080
http://sai.makerdao.com:8880
https://api.makerdao.com
https://auctions.makerdao.com
https://awesome.makerdao.com
https://blog.makerdao.com
https://brand.makerdao.com
https://brand.makerdao.com:2053
https://brand.makerdao.com:2083
https://brand.makerdao.com:2087
https://cdp-cn.makerdao.com
https://cdp-cn.makerdao.com:2053
https://cdp-cn.makerdao.com:2083
https://cdp-cn.makerdao.com:2087
https://cdp-cn.makerdao.com:8443
https://cdp.makerdao.com
https://cdp.makerdao.com:2053
https://cdp.makerdao.com:2083
https://cdp.makerdao.com:2087
https://cdp.makerdao.com:8443
https://chainlog.makerdao.com
https://changelog.makerdao.com
https://chat.makerdao.com
https://chat.makerdao.com:2053
https://chat.makerdao.com:2083
https://chat.makerdao.com:2087
https://chief.makerdao.com
https://chief-migration.makerdao.com
https://collateral.makerdao.com
https://collateral.makerdao.com:2053
https://collateral.makerdao.com:2083
https://collateral.makerdao.com:2087
https://collateral.makerdao.com:8443
https://community-development.makerdao.com
https://community-development.makerdao.com:2053
https://community-development.makerdao.com:2083
https://community-development.makerdao.com:2087
https://community-development.makerdao.com:8443
https://community.makerdao.com
https://community.makerdao.com:2053
https://community.makerdao.com:2083
https://community.makerdao.com:2087
https://dai.makerdao.com
https://dai.makerdao.com:2053
https://dai.makerdao.com:2083
https://dai.makerdao.com:2087
https://dai.makerdao.com:8443
https://developer.makerdao.com
https://docs.makerdao.com
https://docs.makerdao.com:2053
https://docs.makerdao.com:2083
https://docs.makerdao.com:2087
https://docs.makerdao.com:8443
http://security.makerdao.com
http://security.makerdao.com:2082
http://security.makerdao.com:2086
http://security.makerdao.com:2095
http://security.makerdao.com:8080
http://security.makerdao.com:8880
https://feedback.makerdao.com
https://feedback.makerdao.com:2053
https://feedback.makerdao.com:2083
https://feedback.makerdao.com:2087
https://feedback.makerdao.com:8443
https://forum.makerdao.com
https://graphql.makerdao.com
https://graphql.makerdao.com:2053
https://graphql.makerdao.com:2083
https://graphql.makerdao.com:2087
https://liquidations.makerdao.com
https://liquidations.makerdao.com:2053
https://liquidations.makerdao.com:2083
https://liquidations.makerdao.com:2087
https://makerdao.com
https://manual.makerdao.com
https://migrate.makerdao.com
https://mips-api.makerdao.com
https://mips-api.makerdao.com:2053
https://mips-api.makerdao.com:2083
https://mips-api.makerdao.com:2087
https://mips.makerdao.com
https://mips.makerdao.com:2053
https://mips.makerdao.com:2083
https://mips.makerdao.com:2087
https://nature.makerdao.com
https://oracles.makerdao.com
https://oracles.makerdao.com:2053
https://oracles.makerdao.com:2083
https://oracles.makerdao.com:2087
https://redeem.makerdao.com
https://sai.makerdao.com
https://sai.makerdao.com:2053
https://sai.makerdao.com:2083
https://sai.makerdao.com:2087
https://sai.makerdao.com:8443
https://security.makerdao.com
https://security.makerdao.com:2053
https://security.makerdao.com:2083
https://security.makerdao.com:2087
https://security.makerdao.com:8443
https://unified-auctions.makerdao.com
https://v1.vote.makerdao.com
https://v2.vote.makerdao.com
https://vote.makerdao.com
https://www.makerdao.com
http://unified-auctions.makerdao.com
http://unified-auctions.makerdao.com:2053
http://unified-auctions.makerdao.com:2082
http://unified-auctions.makerdao.com:2083
http://unified-auctions.makerdao.com:2086
http://unified-auctions.makerdao.com:2087
http://unified-auctions.makerdao.com:8080
http://unified-auctions.makerdao.com:8880
http://v1.vote.makerdao.com
http://v2.vote.makerdao.com
http://vote.makerdao.com
http://www.makerdao.com
