http://api.mercurial.finance
http://api.mercurial.finance:2082
http://api.mercurial.finance:2083
http://api.mercurial.finance:2086
http://api.mercurial.finance:2087
http://api.mercurial.finance:8080
http://api.mercurial.finance:8443
http://api.mercurial.finance:8880
http://blog.mercurial.finance
http://blog.mercurial.finance:2082
http://blog.mercurial.finance:2083
http://blog.mercurial.finance:2086
http://blog.mercurial.finance:2087
http://blog.mercurial.finance:8080
http://blog.mercurial.finance:8880
http://dayone.mercurial.finance
http://dayone.mercurial.finance:2082
http://dayone.mercurial.finance:2083
http://dayone.mercurial.finance:2086
http://dayone.mercurial.finance:2087
http://dayone.mercurial.finance:8080
http://dayone.mercurial.finance:8443
http://dayone.mercurial.finance:8880
http://devnet.mercurial.finance
http://devnet.mercurial.finance:2082
http://devnet.mercurial.finance:2083
http://devnet.mercurial.finance:2086
http://devnet.mercurial.finance:2087
http://devnet.mercurial.finance:8080
http://devnet.mercurial.finance:8443
http://devnet.mercurial.finance:8880
http://discord.mercurial.finance
http://discord.mercurial.finance:2082
http://discord.mercurial.finance:2086
http://discord.mercurial.finance:8080
http://discord.mercurial.finance:8880
http://docs.mercurial.finance
http://docs.mercurial.finance:2082
http://docs.mercurial.finance:2083
http://docs.mercurial.finance:2086
http://docs.mercurial.finance:2087
http://docs.mercurial.finance:8080
http://docs.mercurial.finance:8443
http://docs.mercurial.finance:8880
http://mainnet.mercurial.finance
http://mainnet.mercurial.finance:2082
http://mainnet.mercurial.finance:2083
http://mainnet.mercurial.finance:2086
http://mainnet.mercurial.finance:2087
http://mainnet.mercurial.finance:8080
http://mainnet.mercurial.finance:8443
http://mainnet.mercurial.finance:8880
http://mercurial.finance
http://mercurial.finance:2082
http://mercurial.finance:2083
http://mercurial.finance:2086
http://mercurial.finance:2087
http://mercurial.finance:8080
http://mercurial.finance:8443
http://mercurial.finance:8880
http://merv2-api.mercurial.finance
http://merv2-api.mercurial.finance:2082
http://merv2-api.mercurial.finance:2083
http://merv2-api.mercurial.finance:2086
http://merv2-api.mercurial.finance:2087
http://merv2-api.mercurial.finance:8080
http://merv2-api.mercurial.finance:8443
http://merv2-api.mercurial.finance:8880
http://preprod.mercurial.finance
http://preprod.mercurial.finance:2082
http://preprod.mercurial.finance:2083
http://preprod.mercurial.finance:2086
http://preprod.mercurial.finance:2087
http://preprod.mercurial.finance:8080
http://preprod.mercurial.finance:8443
http://preprod.mercurial.finance:8880
https://api.mercurial.finance
https://blog.mercurial.finance
https://blog.mercurial.finance:8443
https://dayone.mercurial.finance
https://devnet.mercurial.finance
https://discord.mercurial.finance
https://discord.mercurial.finance:2083
https://discord.mercurial.finance:2087
https://discord.mercurial.finance:8443
https://docs.mercurial.finance
https://mainnet.mercurial.finance
https://mercurial.finance
https://merv2-api.mercurial.finance
https://preprod.mercurial.finance
https://status.mercurial.finance
http://status.mercurial.finance
https://vaults.mercurial.finance
https://www.mercurial.finance
http://vaults.mercurial.finance
http://vaults.mercurial.finance:2082
http://vaults.mercurial.finance:2083
http://vaults.mercurial.finance:2086
http://vaults.mercurial.finance:2087
http://vaults.mercurial.finance:8080
http://vaults.mercurial.finance:8443
http://vaults.mercurial.finance:8880
http://www.mercurial.finance
http://www.mercurial.finance:2082
http://www.mercurial.finance:2083
http://www.mercurial.finance:2086
http://www.mercurial.finance:2087
http://www.mercurial.finance:8080
http://www.mercurial.finance:8443
http://www.mercurial.finance:8880
