http://api.mm.finance
http://api.mm.finance:2053
http://api.mm.finance:2083
http://api.mm.finance:2087
http://api.mm.finance:8443
http://bridge.mm.finance
http://bridge.mm.finance:2083
http://bridge.mm.finance:2087
http://bridge.mm.finance:8443
http://graph.mm.finance
http://graph.mm.finance:2082
http://graph.mm.finance:2086
http://graph.mm.finance:8080
http://graph.mm.finance:8880
http://mm.finance
http://mm.finance:2053
http://mm.finance:2083
http://mm.finance:2087
http://mm.finance:8443
https://api.mm.finance
https://bridge.mm.finance
https://graph.mm.finance
https://graph.mm.finance:2053
https://graph.mm.finance:2083
https://graph.mm.finance:2087
https://graph.mm.finance:8443
https://mm.finance
https://stable.mm.finance
http://stable.mm.finance
http://stable.mm.finance:2083
http://stable.mm.finance:2087
http://stable.mm.finance:8443
https://validator.mm.finance
https://validator.mm.finance:2053
https://validator.mm.finance:2083
https://validator.mm.finance:2087
https://validator.mm.finance:8443
https://vault.mm.finance
https://vaults.mm.finance
https://www.mm.finance
http://validator.mm.finance
http://validator.mm.finance:2082
http://validator.mm.finance:2086
http://validator.mm.finance:8080
http://validator.mm.finance:8880
http://vault.mm.finance
http://vault.mm.finance:2083
http://vault.mm.finance:2087
http://vault.mm.finance:8443
http://vaults.mm.finance
http://vaults.mm.finance:2053
http://vaults.mm.finance:2083
http://vaults.mm.finance:2087
http://vaults.mm.finance:8443
http://www.mm.finance
http://www.mm.finance:2083
http://www.mm.finance:2087
http://www.mm.finance:8443
