http://admin.moonwell.fi
http://admin.moonwell.fi:2082
http://admin.moonwell.fi:2086
http://admin.moonwell.fi:8880
http://claims.moonwell.fi
http://claims.moonwell.fi:2082
http://claims.moonwell.fi:2086
http://claims.moonwell.fi:8080
http://claims.moonwell.fi:8880
http://docs.moonwell.fi
http://docs.moonwell.fi:2082
http://docs.moonwell.fi:2086
http://docs.moonwell.fi:8080
http://docs.moonwell.fi:8880
http://geoip.moonwell.fi
http://geoip.moonwell.fi:2082
http://geoip.moonwell.fi:2086
http://geoip.moonwell.fi:8880
http://gov.moonwell.fi
http://gov.moonwell.fi:8082
http://gov.moonwell.fi:8084
http://gov.moonwell.fi:8085
http://moonwell.fi
http://moonwell.fi:2082
http://moonwell.fi:2086
http://moonwell.fi:8080
http://moonwell.fi:8880
https://admin.moonwell.fi
https://admin.moonwell.fi:2087
https://admin.moonwell.fi:2096
https://admin.moonwell.fi:8443
http://sale.moonwell.fi
http://sale.moonwell.fi:2082
http://sale.moonwell.fi:2086
http://sale.moonwell.fi:8880
https://claims.moonwell.fi
https://claims.moonwell.fi:2083
https://claims.moonwell.fi:2087
https://claims.moonwell.fi:8443
https://docs.moonwell.fi
https://docs.moonwell.fi:2053
https://docs.moonwell.fi:2083
https://docs.moonwell.fi:2087
https://docs.moonwell.fi:8443
https://geoip.moonwell.fi
https://geoip.moonwell.fi:2087
https://geoip.moonwell.fi:2096
https://geoip.moonwell.fi:8443
https://gov.moonwell.fi
https://gov.moonwell.fi:1935
http://shop.moonwell.fi
http://shop.moonwell.fi:2052
http://shop.moonwell.fi:2082
http://shop.moonwell.fi:2086
http://shop.moonwell.fi:2095
http://shop.moonwell.fi:8080
http://shop.moonwell.fi:8880
https://moonwell.fi
https://moonwell.fi:2083
https://moonwell.fi:2087
https://moonwell.fi:8443
https://sale.moonwell.fi
https://sale.moonwell.fi:2087
https://sale.moonwell.fi:2096
https://sale.moonwell.fi:8443
https://shop.moonwell.fi
https://shop.moonwell.fi:2053
https://shop.moonwell.fi:2083
https://shop.moonwell.fi:2087
https://shop.moonwell.fi:2096
https://shop.moonwell.fi:8443
https://well-supply.moonwell.fi
https://well-supply.moonwell.fi:2083
https://well-supply.moonwell.fi:2087
https://well-supply.moonwell.fi:8443
https://www.moonwell.fi
https://www.moonwell.fi:2083
https://www.moonwell.fi:2087
https://www.moonwell.fi:8443
http://well-supply.moonwell.fi
http://well-supply.moonwell.fi:2095
http://www.moonwell.fi
http://www.moonwell.fi:2082
http://www.moonwell.fi:2086
http://www.moonwell.fi:8080
http://www.moonwell.fi:8880
