http://aave.morpho.best
http://app.morpho.best
http://blog.morpho.best
http://blog.morpho.best:2083
http://blog.morpho.best:2087
http://blog.morpho.best:8080
http://blog.morpho.best:8880
http://cdn.morpho.best
http://compound.morpho.best
http://developer.morpho.best
http://developer.morpho.best:2082
http://developer.morpho.best:2086
http://developer.morpho.best:8080
http://developer.morpho.best:8880
http://discord.morpho.best
http://docs.morpho.best
http://docs.morpho.best:2082
http://docs.morpho.best:2086
http://docs.morpho.best:8080
http://docs.morpho.best:8880
http://gov.morpho.best
http://jobs.morpho.best
http://morpho.best
https://aave.morpho.best
https://app.morpho.best
https://cdn.morpho.best
https://compound.morpho.best
https://developer.morpho.best
https://developer.morpho.best:2053
https://developer.morpho.best:2083
https://developer.morpho.best:2087
https://developer.morpho.best:8443
https://discord.morpho.best
https://docs.morpho.best
https://docs.morpho.best:2053
https://docs.morpho.best:2083
https://docs.morpho.best:2087
https://docs.morpho.best:8443
https://gov.morpho.best
https://jobs.morpho.best
https://morpho.best
https://whitepaper.morpho.best
https://www.morpho.best
http://telegram.morpho.best
http://whitepaper.morpho.best
http://www.morpho.best
