http://app.multichain.org
http://app.multichain.org:2082
http://app.multichain.org:2086
http://app.multichain.org:8080
http://app.multichain.org:8880
http://bridge.multichain.org
http://bridge.multichain.org:2082
http://bridge.multichain.org:2086
http://bridge.multichain.org:2095
http://bridge.multichain.org:8080
http://bridge.multichain.org:8880
http://conflux.multichain.org
http://conflux.multichain.org:2082
http://conflux.multichain.org:2086
http://conflux.multichain.org:8080
http://conflux.multichain.org:8880
http://docs.multichain.org
http://docs.multichain.org:2082
http://docs.multichain.org:2086
http://docs.multichain.org:8080
http://docs.multichain.org:8880
http://multichain.org
http://multichain.org:2082
http://multichain.org:2086
http://multichain.org:8080
http://multichain.org:8880
https://app.multichain.org
https://app.multichain.org:2053
https://app.multichain.org:2083
https://app.multichain.org:2087
https://bridge.multichain.org
https://bridge.multichain.org:2083
https://bridge.multichain.org:2087
https://bridge.multichain.org:8443
http://scan.multichain.org
http://scan.multichain.org:2082
http://scan.multichain.org:2086
http://scan.multichain.org:8080
http://scan.multichain.org:8880
https://conflux.multichain.org
https://conflux.multichain.org:2053
https://conflux.multichain.org:2083
https://conflux.multichain.org:2087
https://conflux.multichain.org:2096
https://conflux.multichain.org:8443
https://docs.multichain.org
https://docs.multichain.org:2083
https://docs.multichain.org:2087
https://docs.multichain.org:8443
https://multichain.org
https://multichain.org:2053
https://multichain.org:2083
https://multichain.org:2087
https://scan.multichain.org
https://scan.multichain.org:2053
https://scan.multichain.org:2083
https://scan.multichain.org:2087
https://scan.multichain.org:2096
https://scan.multichain.org:8443
https://test.multichain.org
https://test.multichain.org:2053
https://test.multichain.org:2083
https://test.multichain.org:2087
https://www.multichain.org
https://www.multichain.org:2053
https://www.multichain.org:2083
https://www.multichain.org:2087
https://www.multichain.org:2096
https://www.multichain.org:8443
http://test.multichain.org
http://test.multichain.org:2082
http://test.multichain.org:2086
http://test.multichain.org:8080
http://test.multichain.org:8880
http://www.multichain.org
http://www.multichain.org:2082
http://www.multichain.org:2086
http://www.multichain.org:8080
http://www.multichain.org:8880
