http://admindot.nsure.network:2083
http://admindot.nsure.network:2086
http://admindot.nsure.network:2087
http://admindot.nsure.network:8080
http://admindot.nsure.network:8880
http://admin.nsure.network:2083
http://admin.nsure.network:2086
http://admin.nsure.network:2087
http://admin.nsure.network:8080
http://admin.nsure.network:8880
http://alpha.nsure.network
http://alpha.nsure.network:2082
http://alpha.nsure.network:2083
http://alpha.nsure.network:2086
http://alpha.nsure.network:2087
http://alpha.nsure.network:2096
http://alpha.nsure.network:8080
http://alpha.nsure.network:8443
http://alpha.nsure.network:8880
http://api.nsure.network:2083
http://api.nsure.network:2086
http://api.nsure.network:2087
http://api.nsure.network:8080
http://api.nsure.network:8880
http://app.nsure.network:2083
http://app.nsure.network:2086
http://app.nsure.network:2087
http://app.nsure.network:8080
http://app.nsure.network:8880
http://buy.nsure.network
http://buy.nsure.network:2082
http://buy.nsure.network:2083
http://buy.nsure.network:2086
http://buy.nsure.network:2087
http://buy.nsure.network:2096
http://buy.nsure.network:8080
http://buy.nsure.network:8443
http://buy.nsure.network:8880
http://claim.nsure.network:2083
http://claim.nsure.network:2086
http://claim.nsure.network:2087
http://claim.nsure.network:8080
http://claim.nsure.network:8880
http://community.nsure.network:2083
http://community.nsure.network:2086
http://community.nsure.network:2087
http://community.nsure.network:8080
http://community.nsure.network:8880
http://docs.nsure.network
http://docs.nsure.network:2082
http://docs.nsure.network:2086
http://docs.nsure.network:8080
http://docs.nsure.network:8880
http://dot.nsure.network
http://dot.nsure.network:2082
http://dot.nsure.network:2083
http://dot.nsure.network:2086
http://dot.nsure.network:2087
http://dot.nsure.network:2096
http://dot.nsure.network:8080
http://dot.nsure.network:8443
http://dot.nsure.network:8880
http://h5.nsure.network:2083
http://h5.nsure.network:2086
http://h5.nsure.network:2087
http://h5.nsure.network:8080
http://h5.nsure.network:8880
http://lbp.nsure.network
http://lbp.nsure.network:2082
http://lbp.nsure.network:2083
http://lbp.nsure.network:2086
http://lbp.nsure.network:2087
http://lbp.nsure.network:2096
http://lbp.nsure.network:8080
http://lbp.nsure.network:8443
http://lbp.nsure.network:8880
http://nsure.network
http://nsure.network:2082
http://nsure.network:2083
http://nsure.network:2086
http://nsure.network:2087
http://nsure.network:2096
http://nsure.network:8080
http://nsure.network:8443
http://nsure.network:8880
http://polygon.nsure.network
http://polygon.nsure.network:2082
http://polygon.nsure.network:2083
http://polygon.nsure.network:2086
http://polygon.nsure.network:2087
http://polygon.nsure.network:2096
http://polygon.nsure.network:8080
http://polygon.nsure.network:8443
http://polygon.nsure.network:8880
https://admindot.nsure.network
https://admin.nsure.network
https://alpha.nsure.network
https://api.nsure.network
https://app.nsure.network
https://buy.nsure.network
https://claim.nsure.network
https://community.nsure.network
https://docs.nsure.network
https://docs.nsure.network:2083
https://docs.nsure.network:2087
https://docs.nsure.network:2096
https://docs.nsure.network:8443
https://dot.nsure.network
https://h5.nsure.network
https://lbp.nsure.network
https://nsure.network
https://polygon.nsure.network
https://staking.nsure.network
http://staking.nsure.network:2083
http://staking.nsure.network:2086
http://staking.nsure.network:2087
http://staking.nsure.network:8080
http://staking.nsure.network:8880
https://test.nsure.network
https://www.nsure.network
http://test.nsure.network
http://test.nsure.network:2082
http://test.nsure.network:2083
http://test.nsure.network:2086
http://test.nsure.network:2087
http://test.nsure.network:2096
http://test.nsure.network:8080
http://test.nsure.network:8443
http://test.nsure.network:8880
http://www.nsure.network:2083
http://www.nsure.network:2086
http://www.nsure.network:2087
http://www.nsure.network:8080
http://www.nsure.network:8880
