http://002-ctp-164.ousd.com
http://0054.ousd.com
http://00775337070318383.ousd.com
http://007753370703183.ousd.com
http://0077.ousd.com
http://00.ousd.com
http://01082015.ousd.com
http://010-fio-934.ousd.com
http://0115.ousd.com
http://011-ubx-120.ousd.com
http://011-wwj-413.ousd.com
http://0126.ousd.com
http://01271bfede0954168758-da1041207dde8e2d0a75af6fbedebedf.r83.cf1.ousd.com
http://0130.ousd.com
http://0133.ousd.com
http://0137.ousd.com
http://0155.ousd.com
http://017-cko-601.ousd.com
http://0181.ousd.com
http://0194.ousd.com
http://0195.ousd.com
http://01cf84ef64a22bf727b8-29ed28ab9828b93e2f3592af6b97ed77.ssl.cf6.ousd.com
http://01f6796.ousd.com
http://0206.ousd.com
http://020-sxs-366.ousd.com
http://0215.ousd.com
http://0216.ousd.com
http://02-1.ousd.com
http://0226.ousd.com
http://0241.ousd.com
http://0253.ousd.com
http://0267.ousd.com
http://0270.ousd.com
http://027-lmp-993.ousd.com
http://0292.ousd.com
http://0310.ousd.com
http://0315.ousd.com
http://031.ousd.com
http://0320.ousd.com
http://0322.ousd.com
http://0324.ousd.com
http://0327fa0837e3ad18f152-63f11209387e03c33439b34387eb9acf.ssl.cf2.ousd.com
http://0333.ousd.com
http://033-omp-861.ousd.com
http://0354.ousd.com
http://0371.ousd.com
http://0374da4bfd21841aefa2-29ed28ab9828b93e2f3592af6b97ed77.ssl.cf6.ousd.com
http://0374.ousd.com
http://037-uex-825.ousd.com
http://0393.ousd.com
http://03d46e2.ousd.com
http://041.ousd.com
http://0427033466.ousd.com
http://042-cjh-554.ousd.com
http://0454.ousd.com
http://0457.ousd.com
http://0474.ousd.com
http://0482.ousd.com
http://0492.ousd.com
http://0516.ousd.com
http://054-vtc-941.ousd.com
http://0574.ousd.com
http://0579f96726bb855cbc37-9c9275a22a0b1e29ef3f13c47da64662.r86.cf2.ousd.com
http://0592.ousd.com
http://062-vff-057.ousd.com
http://0632.ousd.com
http://06df3c73d0fa516f9153-907965fc79c9900a93c12efeb23103bd.r33.cf1.ousd.com
http://0775.ousd.com
http://0c1f2a7b4d11e7d3dbf8-0d4cc5aec76c00010ca7d8c61193b6db.ssl.cf5.ousd.com
http://0f14676b303fd91881eb-98dd17e178263eba3c55ca6434a72b9d.ssl.cf5.ousd.com
http://10005.ousd.com
http://100-152.ousd.com
http://100-217.ousd.com
http://1006.ousd.com
http://10076.ousd.com
http://10085.ousd.com
http://100900.ousd.com
http://101-253.ousd.com
http://10-156.ousd.com
http://10-173.ousd.com
http://10173.ousd.com
http://10-204.ousd.com
http://10205.ousd.com
http://102-142.ousd.com
http://10-244.ousd.com
http://102-4.ousd.com
http://10254.ousd.com
http://102-91.ousd.com
http://10-2.ousd.com
http://10310.ousd.com
http://103-114.ousd.com
http://103-174.ousd.com
http://10339.ousd.com
http://104-127.ousd.com
http://104-216.ousd.com
http://104k321k5m150pk10j8l3t6a0.ousd.com
http://105666.ousd.com
http://105a4.ousd.com
http://106-12.ousd.com
http://106-226.ousd.com
http://10633.ousd.com
http://10744.ousd.com
http://10814.ousd.com
http://108-39.ousd.com
http://108-81.ousd.com
http://10913.ousd.com
http://109-rsd-113.ousd.com
http://10d77.ousd.com
http://10e41.ousd.com
http://110-114.ousd.com
http://110-144.ousd.com
http://110-200.ousd.com
http://110-201.ousd.com
http://11056.ousd.com
http://111-201.ousd.com
http://111-22.ousd.com
http://112-101.ousd.com
http://112134712985970h5459.ousd.com
http://112-180.ousd.com
http://112-220.ousd.com
http://112-232.ousd.com
http://11-230.ousd.com
http://112-65.ousd.com
http://113-131.ousd.com
http://113-245.ousd.com
http://11-36.ousd.com
http://114-11.ousd.com
http://115-182.ousd.com
http://115-207.ousd.com
http://115-4.ousd.com
http://116-123.ousd.com
http://116-243.ousd.com
http://11649.ousd.com
http://11663.ousd.com
http://11683.ousd.com
http://117d6.ousd.com
http://118-43.ousd.com
http://118-xvq-852.ousd.com
http://119-196.ousd.com
http://11-93.ousd.com
http://11f1a.ousd.com
http://11x5.ousd.com
http://12051.ousd.com
http://120jj43x6249b5a1.ousd.com
http://12109.ousd.com
http://121i36198g951158203.ousd.com
http://122-243.ousd.com
http://122-42.ousd.com
http://12-244.ousd.com
http://12254.ousd.com
http://123-162.ousd.com
http://123-164.ousd.com
http://123-34.ousd.com
http://123-95.ousd.com
http://124-190.ousd.com
http://124-wur-613.ousd.com
http://1250.ousd.com
http://125-232.ousd.com
http://1254.ousd.com
http://126-152.ousd.com
http://126386.ousd.com
http://12675.ousd.com
http://12686.ousd.com
http://126-91.ousd.com
http://1-26.ousd.com
http://127-10.ousd.com
http://12712.ousd.com
http://127-183.ousd.com
http://127-80.ousd.com
http://12800.ousd.com
http://12810.ousd.com
http://12815.ousd.com
http://12908.ousd.com
http://129-jdh-285.ousd.com
http://12bb7.ousd.com
http://12dd9.ousd.com
http://12ee7.ousd.com
http://13063.ousd.com
http://13073.ousd.com
http://13122.ousd.com
http://131-246.ousd.com
http://13-137.ousd.com
http://131a.ousd.com
http://13-202.ousd.com
http://132-195.ousd.com
http://132-4.ousd.com
http://13-30.ousd.com
http://133-55.ousd.com
http://13397.ousd.com
http://13400.ousd.com
http://134-141.ousd.com
http://134-222.ousd.com
http://134-88.ousd.com
http://13604.ousd.com
http://136-69.ousd.com
http://1369088198g951.ousd.com
http://13697.ousd.com
http://138-103.ousd.com
http://138-175.ousd.com
http://138-212.ousd.com
http://138-81.ousd.com
http://140-205.ousd.com
http://140-36.ousd.com
http://14-112.ousd.com
http://141-33.ousd.com
http://141-51.ousd.com
http://14157.ousd.com
http://14-195.ousd.com
http://14275.ousd.com
http://14437.ousd.com
http://144-67.ousd.com
http://145b.ousd.com
http://146-172.ousd.com
http://1469687.ousd.com
http://14705.ousd.com
http://147-197.ousd.com
http://147-216.ousd.com
http://147-252.ousd.com
http://147-62.ousd.com
http://148-155.ousd.com
http://148-164.ousd.com
http://14835.ousd.com
http://14857.ousd.com
http://148-7.ousd.com
http://149-157.ousd.com
http://14940.ousd.com
http://14c03.ousd.com
http://14ce4.ousd.com
http://14dd0.ousd.com
http://14e53.ousd.com
http://150-170.ousd.com
http://150-191.ousd.com
http://150-20.ousd.com
http://150-22.ousd.com
http://15091.ousd.com
http://150a5.ousd.com
http://15100.ousd.com
http://15161.ousd.com
http://15190.ousd.com
http://152-241.ousd.com
http://15260.ousd.com
http://153-114.ousd.com
http://153-115.ousd.com
http://15314.ousd.com
http://15316.ousd.com
http://153-66.ousd.com
http://154-105.ousd.com
http://154-190.ousd.com
http://154-233.ousd.com
http://15452.ousd.com
http://154-6.ousd.com
http://154-84.ousd.com
http://155-180.ousd.com
http://155-202.ousd.com
http://15567.ousd.com
http://156-153.ousd.com
http://156-222.ousd.com
http://156-32.ousd.com
http://156-61.ousd.com
http://15715.ousd.com
http://157-192.ousd.com
http://157-204.ousd.com
http://15791.ousd.com
http://158-237.ousd.com
http://158-34.ousd.com
http://158-52.ousd.com
http://159557.ousd.com
http://1.5.ousd.com
http://16013.ousd.com
http://161-213.ousd.com
http://16-160.ousd.com
http://162-156.ousd.com
http://16270.ousd.com
http://16370.ousd.com
http://16377.ousd.com
http://16411.ousd.com
http://164457527.ousd.com
http://164-49.ousd.com
http://16467.ousd.com
http://16483.ousd.com
http://165-106.ousd.com
http://165-126.ousd.com
http://166-151.ousd.com
http://166-2.ousd.com
http://16692.ousd.com
http://167-122.ousd.com
http://167-127.ousd.com
http://167-145.ousd.com
http://167-153.ousd.com
http://167-222.ousd.com
http://167-24.ousd.com
http://167xr7o7198g951158203.ousd.com
http://168-243.ousd.com
http://169-36.ousd.com
http://16953.ousd.com
http://16b7.ousd.com
http://16d22.ousd.com
http://16ee6.ousd.com
http://170-152.ousd.com
http://17-102.ousd.com
http://17-144.ousd.com
http://17-149.ousd.com
http://172-164.ousd.com
http://17241.ousd.com
http://172-61.ousd.com
http://173-107.ousd.com
http://173-167.ousd.com
http://173-20.ousd.com
http://17445.ousd.com
http://17497.ousd.com
http://17561.ousd.com
http://176-204.ousd.com
http://177-tsw-946.ousd.com
http://178-127.ousd.com
http://179-58.ousd.com
http://182-203.ousd.com
http://182-50.ousd.com
http://183-106.ousd.com
http://183-70.ousd.com
http://184-136.ousd.com
http://184-162.ousd.com
http://184-203.ousd.com
http://18427.ousd.com
http://185-155.ousd.com
http://18-57.ousd.com
http://185-91.ousd.com
http://18607.ousd.com
http://186-152.ousd.com
http://186-182.ousd.com
http://18687.ousd.com
http://186-91.ousd.com
http://186-95.ousd.com
http://18720.ousd.com
http://187-34.ousd.com
http://188-124.ousd.com
http://189-16.ousd.com
http://18-92.ousd.com
http://1892.ousd.com
http://190-204.ousd.com
http://190-246.ousd.com
http://191115.ousd.com
http://191-220.ousd.com
http://19-174.ousd.com
http://19-194.ousd.com
http://191c8.ousd.com
http://192-133.ousd.com
http://192-76.ousd.com
http://193-44.ousd.com
http://194-170.ousd.com
http://194-246.ousd.com
http://19454.ousd.com
http://19470.ousd.com
http://195-251.ousd.com
http://19536jj43147k2123.ousd.com
http://196-0.ousd.com
http://196-101.ousd.com
http://196-205.ousd.com
http://196-230.ousd.com
http://1964.ousd.com
http://197-250.ousd.com
http://19912.ousd.com
http://19c46.ousd.com
http://19ca6.ousd.com
http://19e63.ousd.com
http://1a0e9.ousd.com
http://1a5a5.ousd.com
http://1a640.ousd.com
http://1a6b.ousd.com
http://1b4c0e8f82e8c1051d1f-ad0d0488631151c3ad42f9dc47a0e0ec.r32.cf2.ousd.com
http://1b6a6.ousd.com
http://1ba90.ousd.com
http://1c477.ousd.com
http://1cust103.ousd.com
http://1cust135.ousd.com
http://1cust16.ousd.com
http://1cust177.ousd.com
http://1cust57.ousd.com
http://1cust80.ousd.com
http://1d06d2cd1add044f809b-80e7ee461174a7fda5950c72a54e8bb7.ssl.cf1.ousd.com
http://1d25.ousd.com
http://1eb52.ousd.com
http://1ee52.ousd.com
http://1ef0.ousd.com
http://1f34.ousd.com
http://200-85.ousd.com
http://201-134.ousd.com
http://201-234.ousd.com
http://201-45.ousd.com
http://20160821.ousd.com
http://201-75.ousd.com
http://204-132.ousd.com
http://20-41.ousd.com
http://204-poq-621.ousd.com
http://205-1.ousd.com
http://20587.ousd.com
http://207-164.ousd.com
http://207-215.ousd.com
http://207-227.ousd.com
http://2072.ousd.com
http://209-102.ousd.com
http://20ce7.ousd.com
http://210-2.ousd.com
http://21141.ousd.com
http://211-84.ousd.com
http://21232.ousd.com
http://21-233.ousd.com
http://213-232.ousd.com
http://216-161.ousd.com
http://216-164.ousd.com
http://216-195.ousd.com
http://217-112.ousd.com
http://218-115.ousd.com
http://21k5m150pk107861o6b7.ousd.com
http://21k5m150pk10y7m2231163.ousd.com
http://221-110.ousd.com
http://22115.ousd.com
http://22147.ousd.com
http://22210.ousd.com
http://223-76.ousd.com
http://22420.ousd.com
http://225-103.ousd.com
http://22590.ousd.com
http://22666.ousd.com
http://22846.ousd.com
http://22857.ousd.com
http://2303.ousd.com
http://23070.ousd.com
http://232-135.ousd.com
http://23-243.ousd.com
http://233-125.ousd.com
http://233-54.ousd.com
http://233-90.ousd.com
http://235b5.ousd.com
http://236-168.ousd.com
http://236-235.ousd.com
http://236-95.ousd.com
http://23755.ousd.com
http://23802.ousd.com
http://239-125.ousd.com
http://240-34.ousd.com
http://24041.ousd.com
http://24123.ousd.com
http://241b8jj437813061.ousd.com
http://24236.ousd.com
http://243-145.ousd.com
http://243-3.ousd.com
http://2471.ousd.com
http://249-210.ousd.com
http://25136.ousd.com
http://252-21.ousd.com
http://25-86.ousd.com
http://26a06.ousd.com
http://27052.ousd.com
http://273-eql-130.ousd.com
http://27682.ousd.com
http://28045.ousd.com
http://28515.ousd.com
http://2874.ousd.com
http://28753.ousd.com
http://288e3.ousd.com
http://28f95.ousd.com
http://29015416b9183.ousd.com
http://2b424.ousd.com
http://2c66.ousd.com
http://2cust64.ousd.com
http://31296.ousd.com
http://31627.ousd.com
http://31880.ousd.com
http://319317.ousd.com
http://325134.ousd.com
http://326290.ousd.com
http://32642.ousd.com
http://33277.ousd.com
http://33-34.ousd.com
http://33463.ousd.com
http://335373.ousd.com
http://33616.ousd.com
http://337991.ousd.com
http://338651.ousd.com
http://3387.ousd.com
http://34206.ousd.com
http://34454.ousd.com
http://34562.ousd.com
http://35025.ousd.com
http://35118pk1070974j5133.ousd.com
http://359830.ousd.com
http://36cc0.ousd.com
http://37030.ousd.com
http://37230.ousd.com
http://37c17.ousd.com
http://38-131.ousd.com
http://38372.ousd.com
http://3842.ousd.com
http://38757.ousd.com
http://38860.ousd.com
http://39-106.ousd.com
http://39551.ousd.com
http://407491.ousd.com
http://5769623379116032-fe2.ousd.com
http://aa205.ousd.com
http://aexfstest6.ousd.com
http://analytics.ousd.com
http://analytics.ousd.com:2082
http://analytics.ousd.com:2083
http://analytics.ousd.com:2086
http://analytics.ousd.com:2087
http://analytics.ousd.com:2096
http://analytics.ousd.com:8080
http://analytics.ousd.com:8443
http://analytics.ousd.com:8880
http://api1certdev2.ousd.com
http://c103.ousd.com
http://danmarkcargo.ousd.com
http://demo1007.ousd.com
http://docs.ousd.com
http://docs.ousd.com:2082
http://docs.ousd.com:2086
http://docs.ousd.com:2095
http://docs.ousd.com:8080
http://docs.ousd.com:8880
http://fakty48.ousd.com
http://faya.ousd.com
http://governance.ousd.com
http://governance.ousd.com:2082
http://governance.ousd.com:2083
http://governance.ousd.com:2086
http://governance.ousd.com:2087
http://governance.ousd.com:2096
http://governance.ousd.com:8080
http://governance.ousd.com:8443
http://governance.ousd.com:8880
http://jordan-senior-pi-1.ousd.com
http://ousd.com
http://ousd.com:2082
http://ousd.com:2083
http://ousd.com:2086
http://ousd.com:2087
http://ousd.com:2095
http://ousd.com:8080
http://ousd.com:8443
http://ousd.com:8880
http://p1924.ousd.com
http://pdt01.ousd.com
http://samltest3.ousd.com
https://analytics.ousd.com
https://docs.ousd.com
https://docs.ousd.com:2083
https://docs.ousd.com:2087
https://docs.ousd.com:8443
https://governance.ousd.com
http://silveaj75.ousd.com
http://sni113452.ousd.com
http://sni164836.ousd.com
http://sni169003.ousd.com
http://sni169552.ousd.com
http://sni197312.ousd.com
http://sni229105.ousd.com
http://sni246916.ousd.com
http://sni253985.ousd.com
http://sni46387.ousd.com
http://sni59227.ousd.com
https://ousd.com
https://staging.ousd.com
http://staging.ousd.com
http://staging.ousd.com:2082
http://staging.ousd.com:2083
http://staging.ousd.com:2086
http://staging.ousd.com:2087
http://staging.ousd.com:2095
http://staging.ousd.com:8080
http://staging.ousd.com:8443
http://staging.ousd.com:8880
https://vote.ousd.com
https://vote.ousd.com:1935
https://www.ousd.com
http://vote.ousd.com
http://vote.ousd.com:8082
http://vote.ousd.com:8084
http://vote.ousd.com:8085
http://www.echs.ousd.com
http://www.ousd.com
http://www.ousd.com:2082
http://www.ousd.com:2083
http://www.ousd.com:2086
http://www.ousd.com:2087
http://www.ousd.com:8080
http://www.ousd.com:8443
http://www.ousd.com:8880
