http://docs.pancakeswap.finance
http://docs.pancakeswap.finance:2082
http://docs.pancakeswap.finance:2086
http://docs.pancakeswap.finance:8080
http://docs.pancakeswap.finance:8880
http://exchange.pancakeswap.finance:2052
http://exchange.pancakeswap.finance:2082
http://exchange.pancakeswap.finance:8080
http://exchange.pancakeswap.finance:8880
http://hiccup.pancakeswap.finance
http://hiccup.pancakeswap.finance:2087
http://pancakeswap.finance
http://perp-fstream.pancakeswap.finance
http://perp.pancakeswap.finance
http://perp-static.pancakeswap.finance
https://docs.pancakeswap.finance
https://docs.pancakeswap.finance:2053
https://docs.pancakeswap.finance:2083
https://docs.pancakeswap.finance:2087
https://docs.pancakeswap.finance:8443
https://exchange.pancakeswap.finance
https://exchange.pancakeswap.finance:2087
https://exchange.pancakeswap.finance:8443
https://hiccup.pancakeswap.finance
https://pancakeswap.finance
https://perp.pancakeswap.finance
https://perp-static.pancakeswap.finance
http://splash.pancakeswap.finance
http://splash.pancakeswap.finance:2087
https://splash.pancakeswap.finance
https://tokens.pancakeswap.finance
https://tokens.pancakeswap.finance:2053
https://tokens.pancakeswap.finance:2083
https://tokens.pancakeswap.finance:2087
https://tokens.pancakeswap.finance:8443
https://v1exchange.pancakeswap.finance
https://v1-farms.pancakeswap.finance
https://v2litepaper-es.pancakeswap.finance
https://v2litepaper-es.pancakeswap.finance:2053
https://v2litepaper-es.pancakeswap.finance:2083
https://v2litepaper-es.pancakeswap.finance:2087
https://v2litepaper-es.pancakeswap.finance:2096
https://v2litepaper-es.pancakeswap.finance:8443
https://v2litepaper.pancakeswap.finance
https://v2litepaper.pancakeswap.finance:2053
https://v2litepaper.pancakeswap.finance:2083
https://v2litepaper.pancakeswap.finance:2087
https://v2litepaper.pancakeswap.finance:2096
https://v2litepaper.pancakeswap.finance:8443
https://voting.pancakeswap.finance
https://www.pancakeswap.finance
http://tokens.pancakeswap.finance
http://v1exchange.pancakeswap.finance
http://v1exchange.pancakeswap.finance:2053
http://v1exchange.pancakeswap.finance:2083
http://v1exchange.pancakeswap.finance:2087
http://v1exchange.pancakeswap.finance:8443
http://v1-farms.pancakeswap.finance
http://v2litepaper-es.pancakeswap.finance
http://v2litepaper-es.pancakeswap.finance:2082
http://v2litepaper-es.pancakeswap.finance:2086
http://v2litepaper-es.pancakeswap.finance:8080
http://v2litepaper-es.pancakeswap.finance:8880
http://v2litepaper.pancakeswap.finance
http://v2litepaper.pancakeswap.finance:2082
http://v2litepaper.pancakeswap.finance:2086
http://v2litepaper.pancakeswap.finance:8080
http://v2litepaper.pancakeswap.finance:8880
http://voting.pancakeswap.finance:2087
http://voting.pancakeswap.finance:8443
http://www.pancakeswap.finance
