http://api-beta-smart-lp.peanut.trade
http://api-fair-launch.peanut.trade
http://api-feeno.peanut.trade
http://api.peanut.trade
http://api.peanut.trade:2082
http://api.peanut.trade:2086
http://api.peanut.trade:2095
http://api.peanut.trade:8080
http://api.peanut.trade:8880
http://api-smart-lp.peanut.trade
http://baget.peanut.trade
http://beta-smart-lp.peanut.trade
http://bev.peanut.trade
http://bsc.bxgw.peanut.trade
http://devapi-fair-launch.peanut.trade
http://devapi-feeno.peanut.trade
http://dev-bev-relay.peanut.trade
http://dev-dark-forest.peanut.trade
http://dev-fair-launch.peanut.trade
http://dev-feeno.peanut.trade
http://dev-feeno-uniswap.peanut.trade
http://dev-hedge.peanut.trade
http://dev-ingress.peanut.trade
http://dex-ingress.peanut.trade
http://dex-liquidity-console.peanut.trade
http://es.peanut.trade
http://fair-launch.peanut.trade
http://feenodemo.peanut.trade
http://feenodemo.peanut.trade:2082
http://feenodemo.peanut.trade:2083
http://feenodemo.peanut.trade:2086
http://feenodemo.peanut.trade:2087
http://feenodemo.peanut.trade:2095
http://feenodemo.peanut.trade:2096
http://feenodemo.peanut.trade:8080
http://feenodemo.peanut.trade:8443
http://feenodemo.peanut.trade:8880
http://feeno.peanut.trade
http://feeno-uniswap.peanut.trade
http://files.peanut.trade
http://files.peanut.trade:2082
http://files.peanut.trade:2086
http://files.peanut.trade:2095
http://files.peanut.trade:8080
http://files.peanut.trade:8880
http://galaxian.peanut.trade
http://galaxian.peanut.trade:2082
http://galaxian.peanut.trade:2086
http://galaxian.peanut.trade:2095
http://galaxian.peanut.trade:8080
http://galaxian.peanut.trade:8880
http://hedge-dev-ingress.peanut.trade
http://hedge.peanut.trade
http://manager.dev-dark-forest.peanut.trade
http://manager.dex-liquidity-console.peanut.trade
http://mev-ingress.peanut.trade
http://nuxbridge.peanut.trade
http://nuxbridge.peanut.trade:2082
http://nuxbridge.peanut.trade:2083
http://nuxbridge.peanut.trade:2086
http://nuxbridge.peanut.trade:2087
http://nuxbridge.peanut.trade:2095
http://nuxbridge.peanut.trade:2096
http://nuxbridge.peanut.trade:8080
http://nuxbridge.peanut.trade:8443
http://nuxbridge.peanut.trade:8880
http://pa-bxgw-5.peanut.trade
http://pa-bxgw.peanut.trade
http://pa-ingress.peanut.trade
http://peanut.trade
http://polygon.bxgw.peanut.trade
http://pt.peanut.trade
https://api-beta-smart-lp.peanut.trade
https://api-fair-launch.peanut.trade
https://api-feeno.peanut.trade
https://api.peanut.trade
https://api.peanut.trade:2083
https://api.peanut.trade:2087
https://api.peanut.trade:2096
https://api.peanut.trade:8443
https://api-smart-lp.peanut.trade
https://baget.peanut.trade
https://beta-smart-lp.peanut.trade
https://bev.peanut.trade
https://bsc.bxgw.peanut.trade
https://devapi-fair-launch.peanut.trade
https://devapi-feeno.peanut.trade
https://dev-bev-relay.peanut.trade
https://dev-dark-forest.peanut.trade
https://dev-fair-launch.peanut.trade
https://dev-feeno.peanut.trade
https://dev-feeno-uniswap.peanut.trade
https://dev-hedge.peanut.trade
https://dev-ingress.peanut.trade
https://dex-ingress.peanut.trade
https://dex-liquidity-console.peanut.trade
https://es.peanut.trade
https://fair-launch.peanut.trade
https://feenodemo.peanut.trade
https://feeno.peanut.trade
https://feeno-uniswap.peanut.trade
https://files.peanut.trade
https://files.peanut.trade:2083
https://files.peanut.trade:2087
https://files.peanut.trade:2096
https://files.peanut.trade:8443
https://galaxian.peanut.trade
https://galaxian.peanut.trade:2083
https://galaxian.peanut.trade:2087
https://galaxian.peanut.trade:2096
https://galaxian.peanut.trade:8443
https://hedge-dev-ingress.peanut.trade
https://hedge.peanut.trade
https://manager.dev-dark-forest.peanut.trade
https://manager.dex-liquidity-console.peanut.trade
http://smart-lp-ingress.peanut.trade
http://smart-lp.peanut.trade
https://mev-ingress.peanut.trade
https://nuxbridge.peanut.trade
https://pa-bxgw-5.peanut.trade
https://pa-bxgw.peanut.trade
https://pa-ingress.peanut.trade
https://peanut.trade
https://polygon.bxgw.peanut.trade
https://pt.peanut.trade
https://smart-lp-ingress.peanut.trade
https://smart-lp.peanut.trade
https://staking.peanut.trade
https://staking.peanut.trade:2087
https://staking.peanut.trade:8443
http://staking.peanut.trade
http://staking.peanut.trade:2052
http://staking.peanut.trade:2082
http://staking.peanut.trade:8080
http://staking.peanut.trade:8880
https://tr.peanut.trade
https://ts-stats.peanut.trade
https://ts-stats.peanut.trade:2087
https://ts-stats.peanut.trade:8443
https://widgetgzmay5xxl6.peanut.trade
https://widgetgzmay5xxl6.peanut.trade:2087
https://widgetgzmay5xxl6.peanut.trade:8443
https://www.peanut.trade
https://yzpv2qrcgcqb.peanut.trade
https://yzpv2qrcgcqb.peanut.trade:2083
https://yzpv2qrcgcqb.peanut.trade:2087
https://yzpv2qrcgcqb.peanut.trade:2096
https://yzpv2qrcgcqb.peanut.trade:8443
https://zh.peanut.trade
http://tr.peanut.trade
http://ts-stats.peanut.trade
http://ts-stats.peanut.trade:2052
http://ts-stats.peanut.trade:2082
http://ts-stats.peanut.trade:8080
http://ts-stats.peanut.trade:8880
http://widgetgzmay5xxl6.peanut.trade
http://widgetgzmay5xxl6.peanut.trade:2052
http://widgetgzmay5xxl6.peanut.trade:2082
http://widgetgzmay5xxl6.peanut.trade:8080
http://widgetgzmay5xxl6.peanut.trade:8880
http://www.peanut.trade
http://yzpv2qrcgcqb.peanut.trade
http://yzpv2qrcgcqb.peanut.trade:2082
http://yzpv2qrcgcqb.peanut.trade:2086
http://yzpv2qrcgcqb.peanut.trade:2095
http://yzpv2qrcgcqb.peanut.trade:8080
http://yzpv2qrcgcqb.peanut.trade:8880
http://zh.peanut.trade
