http://admin.polkastarter.com
http://admin.polkastarter.com:2083
http://admin.polkastarter.com:2086
http://admin.polkastarter.com:2087
http://admin.polkastarter.com:2095
http://admin.polkastarter.com:2096
http://admin.polkastarter.com:8080
http://admin.polkastarter.com:8443
http://admin.polkastarter.com:8880
http://analytics.polkastarter.com
http://api.polkastarter.com
http://api.polkastarter.com:2083
http://api.polkastarter.com:2087
http://applications.polkastarter.com
http://applications.polkastarter.com:2083
http://applications.polkastarter.com:2087
http://assets.polkastarter.com
http://assets.polkastarter.com:2083
http://assets.polkastarter.com:2087
http://assets.polkastarter.com:2096
http://assets.polkastarter.com:8443
http://blog.polkastarter.com
http://careers.polkastarter.com
http://cname2.polkastarter.com
http://cname3.polkastarter.com
http://cname4.polkastarter.com
http://cname4.polkastarter.com:2083
http://cname4.polkastarter.com:2087
http://community.polkastarter.com
http://demo.polkastarter.com
http://demo.polkastarter.com:2083
http://demo.polkastarter.com:2087
http://dev-admin.polkastarter.com:2053
http://dev-admin.polkastarter.com:2083
http://dev-admin.polkastarter.com:2087
http://dev-admin.polkastarter.com:8443
http://dev-api.polkastarter.com
http://dev-api.polkastarter.com:2087
http://docs.polkastarter.com
http://docs.polkastarter.com:2082
http://docs.polkastarter.com:2086
http://docs.polkastarter.com:8080
http://docs.polkastarter.com:8880
http://dosetoken.polkastarter.com
http://dosetoken.polkastarter.com:2083
http://dosetoken.polkastarter.com:2087
http://forum.polkastarter.com
http://gaming.polkastarter.com
http://gaming.polkastarter.com:2086
http://gaming.polkastarter.com:2095
http://gaming.polkastarter.com:8080
http://gaming.polkastarter.com:8880
http://governance.polkastarter.com
http://handbook.polkastarter.com
http://handbook.polkastarter.com:2086
http://handbook.polkastarter.com:2095
http://handbook.polkastarter.com:8080
http://handbook.polkastarter.com:8880
http://legendfantasywar.polkastarter.com
http://legendfantasywar.polkastarter.com:2083
http://legendfantasywar.polkastarter.com:2087
http://liquidity.polkastarter.com
http://liquidity.polkastarter.com:2083
http://liquidity.polkastarter.com:2087
http://metabase.polkastarter.com
http://moonbeam.polkastarter.com
http://moonbeam.polkastarter.com:2083
http://moonbeam.polkastarter.com:2087
http://mucho.applications.polkastarter.com
http://mucho.applications.polkastarter.com:2083
http://mucho.applications.polkastarter.com:2087
http://mucho.applications.polkastarter.com:2096
http://mucho.applications.polkastarter.com:8443
http://newsletter.polkastarter.com
http://polkastarter.com
http://polkastarter.com:2082
http://polkastarter.com:2083
http://polkastarter.com:2086
http://polkastarter.com:2087
http://polkastarter.com:2095
http://polkastarter.com:8080
http://poolside.polkastarter.com
https://admin.polkastarter.com
https://analytics.polkastarter.com
https://api.polkastarter.com
https://applications.polkastarter.com
https://assets.polkastarter.com
https://blog.polkastarter.com
http://scan.polkastarter.com
http://scan-stage.polkastarter.com
https://careers.polkastarter.com
https://cname2.polkastarter.com
https://cname3.polkastarter.com
https://cname4.polkastarter.com
https://community.polkastarter.com
https://demo.polkastarter.com
https://dev-admin.polkastarter.com
https://dev-api.polkastarter.com
https://dev-api.polkastarter.com:2083
https://docs.polkastarter.com
https://docs.polkastarter.com:2083
https://docs.polkastarter.com:2087
https://docs.polkastarter.com:8443
https://dosetoken.polkastarter.com
https://forum.polkastarter.com
https://gaming.polkastarter.com
https://gaming.polkastarter.com:2083
https://gaming.polkastarter.com:2087
https://gaming.polkastarter.com:2096
https://gaming.polkastarter.com:8443
https://governance.polkastarter.com
https://handbook.polkastarter.com
https://handbook.polkastarter.com:2083
https://handbook.polkastarter.com:2087
https://handbook.polkastarter.com:2096
https://handbook.polkastarter.com:8443
https://legendfantasywar.polkastarter.com
https://liquidity.polkastarter.com
https://moonbeam.polkastarter.com
https://newsletter.polkastarter.com
https://polkastarter.com
https://poolside.polkastarter.com
https://scan.polkastarter.com
https://scan-stage.polkastarter.com
https://staging-admin.polkastarter.com
https://staging-admin.polkastarter.com:2083
https://staging-admin.polkastarter.com:2087
https://staging-api.polkastarter.com
https://staging.polkastarter.com
https://staging.polkastarter.com:2083
https://staging.polkastarter.com:2087
https://staging.polkastarter.com:2096
https://staging.polkastarter.com:8443
https://support.polkastarter.com
http://staging-admin.polkastarter.com
http://staging-admin.polkastarter.com:2082
http://staging-admin.polkastarter.com:2086
http://staging-admin.polkastarter.com:2095
http://staging-admin.polkastarter.com:8080
http://staging-api.polkastarter.com
http://staging-api.polkastarter.com:2083
http://staging-api.polkastarter.com:2087
http://staging.polkastarter.com
http://staging.polkastarter.com:2086
http://staging.polkastarter.com:2095
http://staging.polkastarter.com:8080
http://staging.polkastarter.com:8880
https://testing.polkastarter.com
https://testing.polkastarter.com:2083
https://testing.polkastarter.com:2087
http://support.polkastarter.com
https://v2.polkastarter.com
https://v3.polkastarter.com
https://v3.polkastarter.com:2083
https://v3.polkastarter.com:2087
https://wonderhero.polkastarter.com
https://www.polkastarter.com
https://www.polkastarter.com:2053
https://www.polkastarter.com:2083
https://www.polkastarter.com:2087
https://www.polkastarter.com:8443
http://testing.polkastarter.com
http://testing.polkastarter.com:2082
http://testing.polkastarter.com:2086
http://testing.polkastarter.com:2095
http://testing.polkastarter.com:8080
http://v2.polkastarter.com
http://v2.polkastarter.com:2083
http://v2.polkastarter.com:2086
http://v2.polkastarter.com:2087
http://v2.polkastarter.com:2095
http://v2.polkastarter.com:2096
http://v2.polkastarter.com:8080
http://v2.polkastarter.com:8443
http://v2.polkastarter.com:8880
http://v3.polkastarter.com
http://wonderhero.polkastarter.com:2053
http://wonderhero.polkastarter.com:2083
http://wonderhero.polkastarter.com:2087
http://wonderhero.polkastarter.com:8443
http://www.polkastarter.com:2082
http://www.polkastarter.com:2086
http://www.polkastarter.com:2095
http://www.polkastarter.com:8080
