http://data.prismprotocol.app
http://data.prismprotocol.app:2082
http://data.prismprotocol.app:2086
http://data.prismprotocol.app:8080
http://dev.prismprotocol.app
http://dev.prismprotocol.app:2052
http://dev.prismprotocol.app:2082
http://docs.prismprotocol.app
http://docs.prismprotocol.app:2082
http://docs.prismprotocol.app:2086
http://docs.prismprotocol.app:8080
http://docs.prismprotocol.app:8880
http://forge.prismprotocol.app
http://forge.prismprotocol.app:2082
http://forge.prismprotocol.app:2086
http://forge.prismprotocol.app:8080
http://forum.prismprotocol.app
http://home.prismprotocol.app
http://home.prismprotocol.app:2052
http://home.prismprotocol.app:2082
http://prismprotocol.app
https://data.prismprotocol.app
https://data.prismprotocol.app:2083
https://data.prismprotocol.app:2087
https://dev.prismprotocol.app
https://dev.prismprotocol.app:2083
https://dev.prismprotocol.app:2087
https://dev.prismprotocol.app:8443
https://docs.prismprotocol.app
https://docs.prismprotocol.app:2053
https://docs.prismprotocol.app:2083
https://docs.prismprotocol.app:2087
https://docs.prismprotocol.app:8443
https://forge.prismprotocol.app
https://forge.prismprotocol.app:2083
https://forge.prismprotocol.app:2087
https://forum.prismprotocol.app
https://home.prismprotocol.app
https://home.prismprotocol.app:2083
https://home.prismprotocol.app:2087
https://home.prismprotocol.app:8443
https://prismprotocol.app
