http://api.rai.finance
http://api.rai.finance:2083
http://api.rai.finance:2087
http://app.rai.finance
http://betapro.rai.finance
http://docs.rai.finance
http://docs.rai.finance:2082
http://docs.rai.finance:2086
http://docs.rai.finance:8080
http://docs.rai.finance:8880
http://pro.app.rai.finance
http://prodapi.rai.finance
http://prodapi.rai.finance:2083
http://prodapi.rai.finance:2087
http://rai.finance
https://api.rai.finance
https://app.rai.finance
https://betapro.rai.finance
https://docs.rai.finance
https://docs.rai.finance:2053
https://docs.rai.finance:2083
https://docs.rai.finance:2087
https://docs.rai.finance:8443
http://sofi.rai.finance
https://pro.app.rai.finance
https://prodapi.rai.finance
https://rai.finance
https://sofi.rai.finance
https://staging.app.rai.finance
https://supply.rai.finance
https://swap.rai.finance
http://staging.app.rai.finance
http://supply.rai.finance
http://supply.rai.finance:2083
http://supply.rai.finance:2087
http://swap.rai.finance
http://swap.rai.finance:2083
http://swap.rai.finance:2087
https://www.rai.finance
http://www.rai.finance
