http://api.liquidity-reserves.routerprotocol.com
http://api.liquidity-reserves.routerprotocol.com:3005
http://api.pathfinder.routerprotocol.com
http://api.rebalancing.routerprotocol.com
http://api.rebalancing.routerprotocol.com:3005
http://api.rfq.routerprotocol.com
http://api.rfq.routerprotocol.com:3005
http://api.routerprotocol.com
http://api.stats.routerprotocol.com
http://api.trading-competition.routerprotocol.com
http://api.trading-competition.routerprotocol.com:3005
http://app.routerprotocol.com
http://dev.routerprotocol.com
http://dev.routerprotocol.com:2082
http://dev.routerprotocol.com:2086
http://dev.routerprotocol.com:8080
http://dev.routerprotocol.com:8880
http://docs.routerprotocol.com
http://docs.routerprotocol.com:2082
http://docs.routerprotocol.com:2086
http://docs.routerprotocol.com:8080
http://docs.routerprotocol.com:8880
http://explorer.routerprotocol.com
http://faucet-api.routerprotocol.com
http://faucet.routerprotocol.com
http://forum.routerprotocol.com
http://galaxyfarm.routerprotocol.com
http://internal.mainnet.routerprotocol.com
http://k8s-dashboard.routerprotocol.com
http://routerprotocol.com
https://api.liquidity-reserves.routerprotocol.com
https://api.pathfinder.routerprotocol.com
https://api.rebalancing.routerprotocol.com
https://api.rfq.routerprotocol.com
https://api.routerprotocol.com
https://api.stats.routerprotocol.com
https://api.trading-competition.routerprotocol.com
https://app.routerprotocol.com
https://dev.routerprotocol.com
https://dev.routerprotocol.com:2083
https://dev.routerprotocol.com:2087
https://dev.routerprotocol.com:8443
https://docs.routerprotocol.com
https://docs.routerprotocol.com:2083
https://docs.routerprotocol.com:2087
https://docs.routerprotocol.com:8443
https://explorer.routerprotocol.com
https://faucet-api.routerprotocol.com
https://faucet.routerprotocol.com
https://forum.routerprotocol.com
https://galaxyfarm.routerprotocol.com
https://internal.mainnet.routerprotocol.com
https://k8s-dashboard.routerprotocol.com
http://spacefarm.routerprotocol.com
https://routerprotocol.com
https://spacefarm.routerprotocol.com
https://staging.pathfinder.routerprotocol.com
https://staging.routerprotocol.com
https://staging.stats.routerprotocol.com
http://staging.pathfinder.routerprotocol.com
http://staging.routerprotocol.com
http://staging.stats.routerprotocol.com
https://testnet.routerprotocol.com
https://vote.routerprotocol.com
https://vote.routerprotocol.com:1935
https://www.routerprotocol.com
http://testnet.routerprotocol.com
http://vote.routerprotocol.com
http://vote.routerprotocol.com:8082
http://vote.routerprotocol.com:8084
http://vote.routerprotocol.com:8085
http://www.routerprotocol.com
