http://authoriser.guea.sbgcore.com
http://authoriser.nps.sbgcore.com
http://authoriser.sbgcore.com
http://customer-data.guea.sbgcore.com
http://customer-data.nps.sbgcore.com
http://customer-data.sbgcore.com
http://customer-data.staging.sbgcore.com
http://payments.account.sbgcore.com
http://payments.account.staging.sbgcore.com
http://safety-limits.guea.sbgcore.com
http://safety-limits.nps.sbgcore.com
http://safety-limits.sbgcore.com
http://safety-limits.staging.sbgcore.com
http://safety-limits.test.sbgcore.com
https://authoriser.guea.sbgcore.com
https://authoriser.nps.sbgcore.com
https://authoriser.sbgcore.com
https://customer-data.guea.sbgcore.com
https://customer-data.nps.sbgcore.com
https://customer-data.sbgcore.com
https://customer-data.staging.sbgcore.com
https://payments.account.sbgcore.com
https://payments.account.staging.sbgcore.com
https://safety-limits.guea.sbgcore.com
https://safety-limits.nps.sbgcore.com
https://safety-limits.sbgcore.com
https://safety-limits.staging.sbgcore.com
https://safety-limits.test.sbgcore.com
https://sts.common.sbgcore.com
https://sts.common.staging.sbgcore.com
http://sts.common.sbgcore.com
http://sts.common.staging.sbgcore.com
https://verification.staging.sbgcore.com
https://verification.test.sbgcore.com
http://verification.staging.sbgcore.com
