http://api.ff.sbgservices.com
http://api.messaging.sbgservices.com
http://api.s6e.sbgservices.com
http://api.s6.sbgservices.com
http://api.sweeps.sbgservices.com
http://api.test.messaging.sbgservices.com
http://api.test.s6.sbgservices.com
http://assetstore.sbgservices.com
http://cdn.ff.sbgservices.com
http://ci.api.ff.sbgservices.com
http://demo-portal.test.ges.sbgservices.com
http://feedback.s6.sbgservices.com
http://match-challenge.sbgservices.com
http://match-challenge.stage.sbgservices.com
http://minigames.ges.sbgservices.com
http://minigames.nps.ges.sbgservices.com
http://promotions-customer-experience.sbgservices.com
http://promotions-spin-service.promotions.stage.sbgservices.com
http://rc.ges.sbgservices.com
http://rc.nps.ges.sbgservices.com
http://rcs-int.sbgservices.com
http://rcs.sbgservices.com
http://rc.staging.sbgservices.com
https://api.ff.sbgservices.com
https://api.messaging.sbgservices.com
https://api.s6e.sbgservices.com
https://api.s6.sbgservices.com
https://api.sweeps.sbgservices.com
https://api.test.messaging.sbgservices.com
https://api.test.s6.sbgservices.com
https://assetstore.sbgservices.com
https://cdn.ff.sbgservices.com
https://ci.api.ff.sbgservices.com
https://demo-portal.test.ges.sbgservices.com
https://feedback.s6.sbgservices.com
https://match-challenge.sbgservices.com
https://match-challenge.stage.sbgservices.com
https://minigames.ges.sbgservices.com
https://minigames.nps.ges.sbgservices.com
https://oauth.autotest.sweeps.sbgservices.com
https://oauth.loadtest.sweeps.sbgservices.com
https://oauth.test.sweeps.sbgservices.com
https://promotions-customer-experience.sbgservices.com
https://promotions-spin-service.promotions.nps.sbgservices.com
https://promotions-spin-service.promotions.sbgservices.com
https://promotions-spin-service.promotions.stage.sbgservices.com
https://push.gamingservices.sbgservices.com
https://rc.ges.sbgservices.com
https://rc.nps.ges.sbgservices.com
https://rcs-int.sbgservices.com
https://rcs.sbgservices.com
https://rc.staging.sbgservices.com
https://test.feedback.s6.sbgservices.com
https://ui.ama04-1.dev.messaging.sbgservices.com
https://ui.asi11-1.dev.messaging.sbgservices.com
https://ui.browser-test.ama04-1.dev.messaging.sbgservices.com
https://ui.browser-test.asi11-1.dev.messaging.sbgservices.com
https://ui.browser-test.cbe01-1.dev.messaging.sbgservices.com
https://ui.browser-test.iba01-1.dev.messaging.sbgservices.com
https://ui.browser-test.leahyc-1.dev.messaging.sbgservices.com
https://ui.browser-test.leahyc-2.dev.messaging.sbgservices.com
https://ui.browser-test.preenn-1.dev.messaging.sbgservices.com
https://ui.browser-test.test.messaging.sbgservices.com
https://ui.cbe01-1.dev.messaging.sbgservices.com
https://ui.iba01-1.dev.messaging.sbgservices.com
https://ui.jamesr-1.dev.messaging.sbgservices.com
https://ui.leahyc-1.dev.messaging.sbgservices.com
https://ui.leahyc-2.dev.messaging.sbgservices.com
https://ui.messaging.sbgservices.com
https://ui.preenn-1.dev.messaging.sbgservices.com
https://ui.preenn1.dev.messaging.sbgservices.com
https://ui.test.messaging.sbgservices.com
http://test.feedback.s6.sbgservices.com
http://ui.ama04-1.dev.messaging.sbgservices.com
http://ui.asi11-1.dev.messaging.sbgservices.com
http://ui.browser-test.ama04-1.dev.messaging.sbgservices.com
http://ui.browser-test.asi11-1.dev.messaging.sbgservices.com
http://ui.browser-test.cbe01-1.dev.messaging.sbgservices.com
http://ui.browser-test.iba01-1.dev.messaging.sbgservices.com
http://ui.browser-test.leahyc-1.dev.messaging.sbgservices.com
http://ui.browser-test.leahyc-2.dev.messaging.sbgservices.com
http://ui.browser-test.preenn-1.dev.messaging.sbgservices.com
http://ui.browser-test.test.messaging.sbgservices.com
http://ui.cbe01-1.dev.messaging.sbgservices.com
http://ui.iba01-1.dev.messaging.sbgservices.com
http://ui.jamesr-1.dev.messaging.sbgservices.com
http://ui.leahyc-1.dev.messaging.sbgservices.com
http://ui.leahyc-2.dev.messaging.sbgservices.com
http://ui.messaging.sbgservices.com
http://ui.preenn-1.dev.messaging.sbgservices.com
http://ui.preenn1.dev.messaging.sbgservices.com
http://ui.test.messaging.sbgservices.com
http://web.ff.sbgservices.com
http://web.s6.sbgservices.com
