http://account.guea.skybetservices.com
http://account.nps.skybetservices.com
http://account.skybetservices.com
http://account.staging.skybetservices.com
http://api.verification.staging.skybetservices.com
http://api.verification.test.skybetservices.com
http://auth.guea.skybetservices.com
http://auth.nps.skybetservices.com
http://auth.skybetservices.com
http://auth.staging.skybetservices.com
http://pay.static.skybetservices.com
http://pay.static.staging.skybetservices.com
https://account.guea.skybetservices.com
https://account.nps.skybetservices.com
https://account.skybetservices.com
https://account.staging.skybetservices.com
https://api.verification.staging.skybetservices.com
https://api.verification.test.skybetservices.com
https://auth.guea.skybetservices.com
https://auth.nps.skybetservices.com
https://auth.skybetservices.com
https://auth.staging.skybetservices.com
http://sidebar.guea.skybetservices.com
http://sidebar.nps.skybetservices.com
http://sidebar.skybetservices.com
http://sidebar.staging.skybetservices.com
https://pay.static.skybetservices.com
https://pay.static.staging.skybetservices.com
https://sidebar.guea.skybetservices.com
https://sidebar.nps.skybetservices.com
https://sidebar.skybetservices.com
https://sidebar.staging.skybetservices.com
https://static.live.skybetservices.com
https://static.skybetservices.com
https://static.stage.skybetservices.com
https://static.test.skybetservices.com
http://static.live.skybetservices.com
http://static.skybetservices.com
http://static.stage.skybetservices.com
http://static.test.skybetservices.com
https://verification.skybetservices.com
https://verification.staging.skybetservices.com
https://verification.test.skybetservices.com
https://verify.skybetservices.com
http://verification.skybetservices.com
http://verification.staging.skybetservices.com
http://verification.test.skybetservices.com
