http://account.skypoker.com
http://autodiscover.skypoker.com
http://community.skypoker.com
http://community.skypoker.com:2082
http://community.skypoker.com:2086
http://community.skypoker.com:8080
http://community.skypoker.com:8880
http://community.staging.skypoker.com
http://community.staging.skypoker.com:2082
http://community.staging.skypoker.com:2086
http://community.staging.skypoker.com:8080
http://community.staging.skypoker.com:8880
http://m.skypoker.com
http://msoid.skypoker.com
http://m.staging.skypoker.com
https://account.skypoker.com
https://community.skypoker.com
https://community.skypoker.com:2053
https://community.skypoker.com:2083
https://community.skypoker.com:2087
https://community.skypoker.com:2096
https://community.skypoker.com:8443
https://community.staging.skypoker.com
https://community.staging.skypoker.com:2083
https://community.staging.skypoker.com:2087
https://community.staging.skypoker.com:2096
http://skypoker.com
https://ls.push.skypoker.com
https://m.skypoker.com
https://msoid.skypoker.com
https://m.staging.skypoker.com
https://push.skypoker.com
https://skypoker.com
https://support.skypoker.com
https://table.push.skypoker.com
http://support.skypoker.com
https://www.skypoker.com
https://www.staging.skypoker.com
https://www.test2.skypoker.com
http://www.skypoker.com
http://www.staging.skypoker.com
http://www.test2.skypoker.com
