http://account.skyvegas.com
http://assets.skyvegas.com
http://assets.test.skyvegas.com
http://autodiscover.skyvegas.com
http://casinoapp.skyvegas.com
http://games.casinogames.skyvegas.com
http://messaging.skyvegas.com
http://messaging.test.skyvegas.com
http://m.skyvegas.com
http://msoid.skyvegas.com
http://m.staging.skyvegas.com
http://nps.skyvegas.com
https://account.skyvegas.com
https://assets.skyvegas.com
https://assets.test.skyvegas.com
https://casinoapp.skyvegas.com
https://games.casinogames.skyvegas.com
http://skyvegas.com
http://slots.casinogames.skyvegas.com
https://messaging.skyvegas.com
https://messaging.test.skyvegas.com
https://m.skyvegas.com
https://msoid.skyvegas.com
https://m.staging.skyvegas.com
https://nps.skyvegas.com
https://skyvegas.com
https://slots.casinogames.skyvegas.com
https://support.skyvegas.com
http://support.skyvegas.com
https://www.nps.skyvegas.com
https://www.skyvegas.com
https://www.staging.skyvegas.com
https://www.test2.skyvegas.com
http://www.nps.skyvegas.com
http://www.skyvegas.com
http://www.staging.skyvegas.com
http://www.test2.skyvegas.com
