http://admin.sovryn.app
http://admin.sovryn.app:2082
http://admin.sovryn.app:2086
http://admin.sovryn.app:8080
http://admin.sovryn.app:8880
http://api.test.sovryn.app
http://api.test.sovryn.app:2082
http://api.test.sovryn.app:2083
http://api.test.sovryn.app:2086
http://api.test.sovryn.app:2087
http://api.test.sovryn.app:8080
http://api.test.sovryn.app:8443
http://api.test.sovryn.app:8880
http://arbitrumtest.sovryn.app
http://autodiscover.sovryn.app
http://babelfish.sovryn.app
http://babelfish.sovryn.app:2083
http://babelfish.sovryn.app:2086
http://babelfish.sovryn.app:2087
http://babelfish.sovryn.app:8080
http://backend.sovryn.app
http://backend.sovryn.app:2083
http://backend.sovryn.app:2086
http://backend.sovryn.app:2087
http://backend.sovryn.app:8080
http://bitocracy.sovryn.app
http://bitocracy.sovryn.app:2086
http://bitocracy.sovryn.app:8080
http://bitocracy.test.sovryn.app
http://bitocracy.test.sovryn.app:2086
http://bitocracy.test.sovryn.app:8080
http://bridge.sovryn.app
http://bridge.staging.sovryn.app
http://bridge.test.sovryn.app
http://bridge.test.sovryn.app:2086
http://bridge.test.sovryn.app:8080
http://bsc.relay.sovryn.app
http://bsc.relay.sovryn.app:8080
http://ch.sovryn.app
http://ch.sovryn.app:2082
http://ch.sovryn.app:2086
http://ch.sovryn.app:8080
http://ch.sovryn.app:8880
http://email.sovryn.app
http://email.sovryn.app:2083
http://email.sovryn.app:2086
http://email.sovryn.app:2087
http://email.sovryn.app:8080
http://em.sovryn.app
http://exchequer.sovryn.app
http://exchequer.sovryn.app:2086
http://exchequer.sovryn.app:8080
http://exchequer.test.sovryn.app
http://exchequer.test.sovryn.app:2082
http://exchequer.test.sovryn.app:2086
http://exchequer.test.sovryn.app:8080
http://exchequer.test.sovryn.app:8880
http://fastbtc.sovryn.app
http://fastbtc.sovryn.app:2082
http://fastbtc.sovryn.app:2086
http://fastbtc.sovryn.app:2087
http://fastbtc.sovryn.app:8080
http://fastbtc.sovryn.app:8443
http://fastbtc.sovryn.app:8880
http://fastbtc.test.sovryn.app
http://fastbtc.test.sovryn.app:2082
http://fastbtc.test.sovryn.app:2086
http://fastbtc.test.sovryn.app:2087
http://fastbtc.test.sovryn.app:8080
http://fastbtc.test.sovryn.app:8443
http://fastbtc.test.sovryn.app:8880
http://faucet.sovryn.app
http://faucet.sovryn.app:2083
http://faucet.sovryn.app:2086
http://faucet.sovryn.app:2087
http://faucet.sovryn.app:8080
http://forum.sovryn.app
http://genesis.sovryn.app
http://genesis.sovryn.app:2086
http://genesis.sovryn.app:8080
http://gsn-relayer-xp3.sovryn.app
http://live.sovryn.app
http://live.sovryn.app:2086
http://live.sovryn.app:8080
http://mailservice.sovryn.app
http://mailservice.sovryn.app:2082
http://mailservice.sovryn.app:2083
http://mailservice.sovryn.app:2086
http://mailservice.sovryn.app:2087
http://mailservice.sovryn.app:8080
http://mailservice.sovryn.app:8443
http://mailservice.sovryn.app:8880
http://mainnet2.sovryn.app
http://mainnet.sovryn.app
http://monitor.sovryn.app
http://monitor.sovryn.app:2082
http://monitor.sovryn.app:2086
http://monitor.sovryn.app:2087
http://monitor.sovryn.app:8080
http://monitor.sovryn.app:8443
http://monitor.sovryn.app:8880
http://notify.sovryn.app
http://notify.sovryn.app:2082
http://notify.sovryn.app:2086
http://notify.sovryn.app:2087
http://notify.sovryn.app:8080
http://notify.sovryn.app:8443
http://notify.sovryn.app:8880
http://og.sovryn.app
http://og.sovryn.app:2082
http://og.sovryn.app:2086
http://og.sovryn.app:8080
http://og.sovryn.app:8880
http://pdp.sovryn.app
http://rpc.eth.sovryn.app
http://rpc.eth.sovryn.app:2086
http://rpc.eth.sovryn.app:8080
http://rpc.eth.sovryn.app:8880
https://admin.sovryn.app
https://admin.sovryn.app:2083
https://admin.sovryn.app:2087
https://admin.sovryn.app:8443
http://safe.sovryn.app
http://safe.sovryn.app:2086
http://safe.sovryn.app:8080
http://safe.test.sovryn.app
http://safe.test.sovryn.app:2086
http://safe.test.sovryn.app:8080
https://arbitrumtest.sovryn.app
https://babelfish.sovryn.app
https://backend.sovryn.app
https://bitocracy.sovryn.app
https://bitocracy.sovryn.app:2083
https://bitocracy.sovryn.app:2087
https://bitocracy.test.sovryn.app
https://bitocracy.test.sovryn.app:2083
https://bitocracy.test.sovryn.app:2087
https://bridge.sovryn.app
https://bridge.staging.sovryn.app
https://bridge.test.sovryn.app
https://bridge.test.sovryn.app:2083
https://bridge.test.sovryn.app:2087
https://bsc.relay.sovryn.app
https://ch.sovryn.app
https://ch.sovryn.app:2087
https://ch.sovryn.app:8443
https://email.sovryn.app
https://em.sovryn.app
https://exchequer.sovryn.app
https://exchequer.sovryn.app:2083
https://exchequer.sovryn.app:2087
https://exchequer.test.sovryn.app
https://exchequer.test.sovryn.app:2087
https://exchequer.test.sovryn.app:8443
https://ex.sovryn.app
https://fastbtc.sovryn.app
https://fastbtc.test.sovryn.app
https://faucet.sovryn.app
https://forum.sovryn.app
https://genesis.sovryn.app
https://genesis.sovryn.app:2083
https://genesis.sovryn.app:2087
https://gsn-relayer-xp3.sovryn.app
http://shop.sovryn.app
http://shop.sovryn.app:2052
http://shop.sovryn.app:2082
http://shop.sovryn.app:2086
http://shop.sovryn.app:2095
http://shop.sovryn.app:8080
http://shop.sovryn.app:8880
https://live.sovryn.app
https://live.sovryn.app:2083
https://live.sovryn.app:2087
https://mailservice.sovryn.app
https://monitor.sovryn.app
https://notify.sovryn.app
https://og.sovryn.app
https://og.sovryn.app:2083
https://og.sovryn.app:2087
https://og.sovryn.app:8443
http://sovryn.app
http://sovrython.sovryn.app
http://sovrython.sovryn.app:2082
http://sovrython.sovryn.app:2086
http://sovrython.sovryn.app:2087
http://sovrython.sovryn.app:8080
http://sovrython.sovryn.app:8443
http://sovrython.sovryn.app:8880
http://sovvpn.sovryn.app
https://pdp.sovryn.app
https://redash.sovryn.app
https://rpc.eth.sovryn.app
https://rpc.eth.sovryn.app:2083
https://rpc.eth.sovryn.app:2087
https://rpc.eth.sovryn.app:8443
https://safe.sovryn.app
https://safe.sovryn.app:2083
https://safe.sovryn.app:2087
https://safe.test.sovryn.app
https://safe.test.sovryn.app:2083
https://safe.test.sovryn.app:2087
https://shop.sovryn.app
https://shop.sovryn.app:2053
https://shop.sovryn.app:2083
https://shop.sovryn.app:2087
https://shop.sovryn.app:2096
https://shop.sovryn.app:8443
https://sovryn.app
https://sovrython.sovryn.app
https://sovvpn.sovryn.app
https://staging.sovryn.app
https://support.sovryn.app
https://support.sovryn.app:2083
https://support.sovryn.app:2087
http://staging.sovryn.app
http://staging.sovryn.app:2082
http://staging.sovryn.app:2083
http://staging.sovryn.app:2086
http://staging.sovryn.app:2087
http://staging.sovryn.app:8080
http://staging.sovryn.app:8443
http://staging.sovryn.app:8880
https://tbsc.relay.sovryn.app
https://test.sovryn.app
https://treasury.sovryn.app
https://treasury.sovryn.app:2087
https://treasury.sovryn.app:8443
http://support.sovryn.app
http://support.sovryn.app:2086
http://support.sovryn.app:8080
https://vote.sovryn.app
https://vote.sovryn.app:2087
https://vote.sovryn.app:8443
https://watcher.sovryn.app
https://wiki.sovryn.app
https://www.sovryn.app
http://tbsc.relay.sovryn.app
http://tbsc.relay.sovryn.app:8080
http://templatetest.sovryn.app
http://testnet2.sovryn.app
http://testnet.sovryn.app
http://test.sovryn.app
http://test.sovryn.app:2083
http://test.sovryn.app:2086
http://test.sovryn.app:2087
http://test.sovryn.app:8080
http://treasury.sovryn.app
http://treasury.sovryn.app:2082
http://treasury.sovryn.app:2086
http://treasury.sovryn.app:8080
http://treasury.sovryn.app:8880
http://vote.sovryn.app
http://vote.sovryn.app:2082
http://vote.sovryn.app:2086
http://vote.sovryn.app:8080
http://vote.sovryn.app:8880
http://watcher.sovryn.app
http://watcher.sovryn.app:2082
http://watcher.sovryn.app:2083
http://watcher.sovryn.app:2086
http://watcher.sovryn.app:2087
http://watcher.sovryn.app:8080
http://watcher.sovryn.app:8443
http://watcher.sovryn.app:8880
http://wiki.sovryn.app
http://wiki.sovryn.app:2082
http://wiki.sovryn.app:2083
http://wiki.sovryn.app:2086
http://wiki.sovryn.app:2087
http://wiki.sovryn.app:8080
http://wiki.sovryn.app:8443
http://wiki.sovryn.app:8880
http://www.sovryn.app
