http://10percentannualreturn.squeeth.com
http://123projetei.squeeth.com
http://18-preview.squeeth.com
http://19271.squeeth.com
http://1q9jyo2ykqru3pae4l2tvi82-wpengine.squeeth.com
http://1vs1-7f65.squeeth.com
http://20.squeeth.com
http://225495-687452-raikfcquaxqncofqfm.squeeth.com
http://859506.squeeth.com
http://89-sp.squeeth.com
http://abhishekringsia.squeeth.com
http://abidwahs.squeeth.com
http://abuja.squeeth.com
http://accountmanager.squeeth.com
http://accouponsul-qa-us-west-ipn.squeeth.com
http://adnimation-d.squeeth.com
http://aem-author-pre1.squeeth.com
http://aemazure.squeeth.com
http://akahomu.squeeth.com
http://akis.squeeth.com
http://aktiv.squeeth.com
http://alexrojasriva.squeeth.com
http://allegorie.squeeth.com
http://am5.squeeth.com
http://ans-stage.squeeth.com
http://api-svht.squeeth.com
http://apitrauma.squeeth.com
http://ati-infinite00z.squeeth.com
http://attpoc1.squeeth.com
http://avblinq.squeeth.com
http://avenirbio.squeeth.com
http://aws-stargate.squeeth.com
http://baijialeyouchuqianjishuma.squeeth.com
http://baijialezuihaodepingtaishinage.squeeth.com
http://barrierefreiheit.squeeth.com
http://bbag-sales.squeeth.com
http://bbam.squeeth.com
http://bbsatl3support-lanwp.squeeth.com
http://bcldb-integration-sit-internal.squeeth.com
http://benjaminfaure.squeeth.com
http://birch.squeeth.com
http://bloccato.squeeth.com
http://brandbook.squeeth.com
http://brasil-ar-sandboxdpmboxhideip.squeeth.com
http://broadcasting.squeeth.com
http://browse-bat-na.squeeth.com
http://c4242423.squeeth.com
http://calobre.squeeth.com
http://camarapicarras.squeeth.com
http://cbizcommunity.squeeth.com
http://cdn-cdbom.squeeth.com
http://cenni.squeeth.com
http://cgua.squeeth.com
http://chd-origin-aktes-panel-proxywebhook-sandbox.squeeth.com
http://cheonhyangzhang.squeeth.com
http://clgronsard.squeeth.com
http://closedlooprecycling.squeeth.com
http://colebrook.squeeth.com
http://collector-253.squeeth.com
http://com.squeeth.com
http://contesrl-xnz9ksqnynuqksa.squeeth.com
http://controljobs-cahideip.squeeth.com
http://cpqcommunity.squeeth.com
http://crohnscolitis.squeeth.com
http://cssformtest.squeeth.com
http://d166.squeeth.com
http://dbtanrac1vip305.squeeth.com
http://deboraerapha.squeeth.com
http://destinataires.squeeth.com
http://developer-darkain.squeeth.com
http://dev-partner-r.squeeth.com
http://dota2zenmebocai.squeeth.com
http://duqiuwangkaihu.squeeth.com
http://dyn162.squeeth.com
http://dyuonm.squeeth.com
http://ebs-aws.squeeth.com
http://embaixador.squeeth.com
http://est.squeeth.com
http://fampra.squeeth.com
http://fernandofranzini.squeeth.com
http://flm13-jp.squeeth.com
http://global-van-lines.squeeth.com
http://haldir.squeeth.com
http://hangzhoubocaikeji.squeeth.com
http://hkg-freshfrippery.squeeth.com
http://hongyunguojiyulechengwangzhi.squeeth.com
http://icytrey.squeeth.com
http://jornaldotocantins.squeeth.com
http://junny.squeeth.com
http://koreaapac-mobileclient-marketowa-cahideip.squeeth.com
http://labstagin-panel-devtools.squeeth.com
http://leninkumarkoppoju.squeeth.com
http://lond1br1-ce-3.squeeth.com
http://marksnelsoncpa.squeeth.com
http://matriztica.squeeth.com
http://md-86.squeeth.com
http://mirgorod7.squeeth.com
http://nbcfvolunteer.squeeth.com
https://10percentannualreturn.squeeth.com
https://123projetei.squeeth.com
https://18-preview.squeeth.com
https://19271.squeeth.com
https://1q9jyo2ykqru3pae4l2tvi82-wpengine.squeeth.com
https://1vs1-7f65.squeeth.com
https://20.squeeth.com
https://225495-687452-raikfcquaxqncofqfm.squeeth.com
https://859506.squeeth.com
https://89-sp.squeeth.com
https://abhishekringsia.squeeth.com
https://abidwahs.squeeth.com
https://abuja.squeeth.com
https://accountmanager.squeeth.com
https://accouponsul-qa-us-west-ipn.squeeth.com
https://adnimation-d.squeeth.com
https://aem-author-pre1.squeeth.com
https://aemazure.squeeth.com
https://akahomu.squeeth.com
https://akis.squeeth.com
https://aktiv.squeeth.com
https://alexrojasriva.squeeth.com
https://allegorie.squeeth.com
https://am5.squeeth.com
https://ans-stage.squeeth.com
https://api-svht.squeeth.com
https://apitrauma.squeeth.com
https://ati-infinite00z.squeeth.com
https://attpoc1.squeeth.com
https://avblinq.squeeth.com
https://avenirbio.squeeth.com
https://aws-stargate.squeeth.com
https://baijialeyouchuqianjishuma.squeeth.com
https://baijialezuihaodepingtaishinage.squeeth.com
https://barrierefreiheit.squeeth.com
https://bbag-sales.squeeth.com
https://bbam.squeeth.com
https://bbsatl3support-lanwp.squeeth.com
https://bcldb-integration-sit-internal.squeeth.com
https://benjaminfaure.squeeth.com
https://birch.squeeth.com
https://bloccato.squeeth.com
https://brandbook.squeeth.com
https://brasil-ar-sandboxdpmboxhideip.squeeth.com
https://broadcasting.squeeth.com
https://browse-bat-na.squeeth.com
https://c4242423.squeeth.com
https://calobre.squeeth.com
https://camarapicarras.squeeth.com
https://cbizcommunity.squeeth.com
https://cdn-cdbom.squeeth.com
https://cenni.squeeth.com
https://cgua.squeeth.com
https://chd-origin-aktes-panel-proxywebhook-sandbox.squeeth.com
https://cheonhyangzhang.squeeth.com
https://clgronsard.squeeth.com
https://closedlooprecycling.squeeth.com
https://colebrook.squeeth.com
https://collector-253.squeeth.com
https://com.squeeth.com
https://contesrl-xnz9ksqnynuqksa.squeeth.com
https://controljobs-cahideip.squeeth.com
https://cpqcommunity.squeeth.com
https://crohnscolitis.squeeth.com
https://cssformtest.squeeth.com
https://d166.squeeth.com
https://dbtanrac1vip305.squeeth.com
https://deboraerapha.squeeth.com
https://destinataires.squeeth.com
https://developer-darkain.squeeth.com
https://dev-partner-r.squeeth.com
https://dota2zenmebocai.squeeth.com
https://duqiuwangkaihu.squeeth.com
https://dyn162.squeeth.com
https://dyuonm.squeeth.com
https://ebs-aws.squeeth.com
https://embaixador.squeeth.com
https://est.squeeth.com
https://fampra.squeeth.com
https://fernandofranzini.squeeth.com
https://flm13-jp.squeeth.com
https://global-van-lines.squeeth.com
https://haldir.squeeth.com
https://hangzhoubocaikeji.squeeth.com
https://hkg-freshfrippery.squeeth.com
https://hongyunguojiyulechengwangzhi.squeeth.com
https://icytrey.squeeth.com
https://jornaldotocantins.squeeth.com
https://junny.squeeth.com
https://koreaapac-mobileclient-marketowa-cahideip.squeeth.com
https://labstagin-panel-devtools.squeeth.com
https://leninkumarkoppoju.squeeth.com
https://lond1br1-ce-3.squeeth.com
https://marksnelsoncpa.squeeth.com
https://matriztica.squeeth.com
https://md-86.squeeth.com
https://mirgorod7.squeeth.com
https://nbcfvolunteer.squeeth.com
http://squeeth.com
https://squeeth.com
https://staging-commerce.squeeth.com
http://staging-commerce.squeeth.com
https://tsmcgovernnas.squeeth.com
https://www.squeeth.com
http://tsmcgovernnas.squeeth.com
http://www.squeeth.com
