http://blog.stacktical.com
http://blog.stacktical.com:2053
http://blog.stacktical.com:2082
http://blog.stacktical.com:2083
http://blog.stacktical.com:2086
http://blog.stacktical.com:2087
http://blog.stacktical.com:8080
http://blog.stacktical.com:8443
http://blog.stacktical.com:8880
http://new.stacktical.com
http://new.stacktical.com:2087
http://new.stacktical.com:8080
http://new.stacktical.com:8443
http://new.stacktical.com:8880
http://readme.stacktical.com
http://readme.stacktical.com:2082
http://readme.stacktical.com:2086
http://readme.stacktical.com:8080
http://readme.stacktical.com:8880
https://blog.stacktical.com
https://new.stacktical.com
https://readme.stacktical.com
https://readme.stacktical.com:2083
https://readme.stacktical.com:2087
https://readme.stacktical.com:8443
https://stacktical.com
http://stacktical.com
http://stacktical.com:2087
http://stacktical.com:8080
http://stacktical.com:8443
http://stacktical.com:8880
http://staging.stacktical.com
http://staging.stacktical.com:2053
http://staging.stacktical.com:2082
http://staging.stacktical.com:2083
http://staging.stacktical.com:2086
http://staging.stacktical.com:2087
http://staging.stacktical.com:8080
http://staging.stacktical.com:8443
http://staging.stacktical.com:8880
https://tracking.stacktical.com
https://www.stacktical.com
https://www.stacktical.com:2087
https://www.stacktical.com:8443
http://tracking.stacktical.com
http://www.stacktical.com
http://www.stacktical.com:8080
http://www.stacktical.com:8880
