http://admin.sturdy.finance
http://admin.sturdy.finance:2082
http://admin.sturdy.finance:2086
http://app.sturdy.finance
http://app.sturdy.finance:2082
http://app.sturdy.finance:2086
http://autodiscover.sturdy.finance
http://autodiscover.sturdy.finance:2083
http://autodiscover.sturdy.finance:2087
http://docs.sturdy.finance
http://docs.sturdy.finance:2082
http://docs.sturdy.finance:2083
http://docs.sturdy.finance:2086
http://docs.sturdy.finance:2087
http://docs.sturdy.finance:2096
http://docs.sturdy.finance:8080
http://docs.sturdy.finance:8880
http://lyncdiscover.sturdy.finance
http://lyncdiscover.sturdy.finance:2083
http://lyncdiscover.sturdy.finance:2087
http://lyncdiscover.sturdy.finance:2096
http://mail.sturdy.finance
http://mail.sturdy.finance:2082
http://mail.sturdy.finance:2086
https://admin.sturdy.finance
https://admin.sturdy.finance:2083
https://admin.sturdy.finance:2087
https://admin.sturdy.finance:2096
https://app.sturdy.finance
https://app.sturdy.finance:2083
https://app.sturdy.finance:2087
https://app.sturdy.finance:2096
https://autodiscover.sturdy.finance
https://docs.sturdy.finance
http://sip.sturdy.finance
http://sip.sturdy.finance:2083
http://sip.sturdy.finance:2087
http://sip.sturdy.finance:2096
https://lyncdiscover.sturdy.finance
https://mail.sturdy.finance
https://mail.sturdy.finance:2083
https://mail.sturdy.finance:2087
https://mail.sturdy.finance:2096
https://sip.sturdy.finance
https://staging.sturdy.finance
https://staging.sturdy.finance:2083
https://staging.sturdy.finance:2087
https://sturdy.finance
http://staging.sturdy.finance
http://staging.sturdy.finance:2086
http://staging.sturdy.finance:2095
http://sturdy.finance
http://sturdy.finance:2083
http://sturdy.finance:2087
http://sturdy.finance:2096
https://www.sturdy.finance
http://www.sturdy.finance
http://www.sturdy.finance:2083
http://www.sturdy.finance:2087
