http://19www.sushi.com
http://1-exchange.sushi.com
http://220-vps.sushi.com
http://8-media.sushi.com
http://abitrum.sushi.com
http://accountmedia.sushi.com
http://a.comer.sushi.com
http://administrator-exchange.sushi.com
http://administrator-www.sushi.com
http://agnosnic1846.sushi.com
http://airline-tickets.sushi.com
http://akamai-media.sushi.com
http://americajes4107.sushi.com
http://amls.sushi.com
http://analytics-avalanche.sushi.com
http://analytics-bsc.sushi.com
http://analytics-celo.sushi.com
http://analytics-fantom.sushi.com
http://analytics-ftm.sushi.com
http://analytics-harmony.sushi.com
http://analytics-polygon.sushi.com
http://analytics.sushi.com
http://analytics-xdai.sushi.com
http://ape.sushi.com
http://app.sushi.com
http://april-media.sushi.com
http://arbitrum.sushi.com
http://ashlynfer3575.sushi.com
http://atsushi.sushi.com
http://avalanche.sushi.com
http://azn.sushi.com
http://belllandis7611.sushi.com
http://blue.sushi.com
http://bpcathrine_906.sushi.com
http://brigidamor9903.sushi.com
http://brokamperna7941.sushi.com
http://bsc.sushi.com
http://campisivinnie9040.sushi.com
http://cardcaptorsakura.sushi.com
http://carleneset2878.sushi.com
http://carmeliafen3895.sushi.com
http://celestefreed9119.sushi.com
http://celo.sushi.com
http://cereal.sushi.com
http://chefmedia.sushi.com
http://chrystalwea4630.sushi.com
http://classic.sushi.com
http://claudiotrucking2595.sushi.com
http://cn.sushi.com
http://corabra4509.sushi.com
http://cpanel.sushi.com
http://curtiscolace6780.sushi.com
http://daughertychr9323.sushi.com
http://dellatol1277.sushi.com
http://delmarali951.sushi.com
http://devops-exchange.sushi.com
http://dev.sushi.com
http://dnsadmin.vps.sushi.com
http://docs.sushi.com
http://e-boutique.sushi.com
http://edit.sushi.com
http://eechristie_243.sushi.com
http://emilegil6258.sushi.com
http://eng-exchange.sushi.com
http://engima-media.sushi.com
http://eng-media.sushi.com
http://ethereum.sushi.com
http://europemedia.sushi.com
http://evestricker126.sushi.com
http://exchangeakamai.sushi.com
http://exchangedb.sushi.com
http://exchange-ghcpi.sushi.com
http://exchangelatin.sushi.com
http://exchangen.sushi.com
http://exchange-ops.sushi.com
http://exchangeprofile.sushi.com
http://exchange-promo.sushi.com
http://exchangessl.sushi.com
http://exchange.sushi.com
http://experimental.sushi.com
http://fantom.sushi.com
http://fd.sushi.com
http://flowers.sushi.com
http://food.sushi.com
http://forms-media.sushi.com
http://forum.sushi.com
http://fosterbrain5350.sushi.com
http://freakbunny.sushi.com
http://freedshe5474.sushi.com
http://free-ringtones.sushi.com
http://ftpexchange.sushi.com
http://gabschmab.sushi.com
http://germanymedia.sushi.com
http://gjelfriede_748.sushi.com
http://global-videos.sushi.com
http://gnosis.sushi.com
http://google.sushi.com
http://g.sushi.com
http://harmony.sushi.com
http://harveyaracely4138.sushi.com
http://hintonfor469.sushi.com
http://hmchristiana_170.sushi.com
http://https.sushi.com
http://hyterry_936.sushi.com
http://idswww.sushi.com
http://ileneros2806.sushi.com
http://i.love.sushi.com
http://i.miss.sushi.com
http://ingersollcurtis2714.sushi.com
http://instantmiso.sushi.com
http://int-videos.sushi.com
http://iqotrlii.sushi.com
http://ismellreallybad.cheese.sushi.com
http://iucrysta_276.sushi.com
http://jaynepowell64.sushi.com
http://jayneromero4926.sushi.com
http://kaiori.sushi.com
http://karissaackerman6794.sushi.com
http://kashi.sushi.com
http://kelly-blue-book.sushi.com
http://kellydara9240.sushi.com
http://kinneygar5784.sushi.com
http://koreavps.sushi.com
http://kovan.sushi.com
http://laxwww.sushi.com
http://leeannejay7238.sushi.com
http://legacy.sushi.com
http://lite.sushi.com
http://maddiesconspiracies.sushi.com
http://maddieslinks.sushi.com
http://maddiesmusic.sushi.com
http://maddiesnuts.sushi.com
http://maddie.sushi.com
http://magicshamrock.sushi.com
http://mail.sushi.com
http://mai.sushi.com
http://malisafunston4483.sushi.com
http://maps.sushi.com
http://mattesonraymundo1591.sushi.com
http://mcdonnellcar9501.sushi.com
http://media-11.sushi.com
http://media-4.sushi.com
http://media9.sushi.com
http://mediaaccount.sushi.com
http://mediaapp.sushi.com
http://mediaauth.sushi.com
http://mediagit.sushi.com
http://mediamirror.sushi.com
http://media-pay.sushi.com
http://media.sushi.com
http://mediaturkey.sushi.com
http://media-westeurope.sushi.com
http://merch-media.sushi.com
http://miso.sushi.com
http://moonbeam.sushi.com
http://moonriver.sushi.com
http://morgana.sushi.com
http://mr.sushi.com
http://multichain.sushi.com
http://mun.sushi.com
http://myrtleman6081.sushi.com
http://myshiet.sushi.com
http://nammerboi_69.sushi.com
http://navps.sushi.com
http://nemesis.sushi.com
http://neocloud.sushi.com
http://net-vps.sushi.com
http://nikaidou.sushi.com
http://northamerica-videos.sushi.com
http://nosheetmusic.sushi.com
http://ns1.sushi.com
http://ns2.sushi.com
http://olcamelia_725.sushi.com
http://old-exchange.sushi.com
http://omayaki_vip.sushi.com
http://omega.sushi.com
http://paris-hilton.sushi.com
http://partner.sushi.com
http://payexchange.sushi.com
http://people-search.sushi.com
http://pigeon.sushi.com
http://pink.sushi.com
http://pi.sushi.com
http://plwww.sushi.com
http://poker.sushi.com
http://polygon.sushi.com
http://pqeden_706.sushi.com
http://privatemedia.sushi.com
http://private-www.sushi.com
http://prom-dresses.sushi.com
http://ptjonah_54.sushi.com
http://qgjacqueline_435.sushi.com
http://qnwerner_668.sushi.com
http://queensue.sushi.com
http://repo-exchange.sushi.com
http://restrictwww.sushi.com
http://rfm.sushi.com
http://rhebasmallwood3037.sushi.com
http://rockergyrl.sushi.com
http://ronniehurlbutt7369.sushi.com
http://root.vps.sushi.com
https://19www.sushi.com
https://1-exchange.sushi.com
https://220-vps.sushi.com
https://8-media.sushi.com
https://abitrum.sushi.com
https://accountmedia.sushi.com
https://administrator-exchange.sushi.com
https://administrator-www.sushi.com
https://agnosnic1846.sushi.com
https://airline-tickets.sushi.com
https://akamai-media.sushi.com
http://sakana.sushi.com
http://sake.sushi.com
http://sale.sushi.com
https://americajes4107.sushi.com
https://amls.sushi.com
https://analytics-arbitrum.sushi.com
https://analytics-avalanche.sushi.com
https://analytics-bsc.sushi.com
https://analytics-celo.sushi.com
https://analytics-fantom.sushi.com
https://analytics-ftm.sushi.com
https://analytics-harmony.sushi.com
https://analytics-polygon.sushi.com
https://analytics.sushi.com
https://analytics-xdai.sushi.com
https://ape.sushi.com
https://app.sushi.com
https://april-media.sushi.com
https://arbitrum.sushi.com
https://ashlynfer3575.sushi.com
https://atsushi.sushi.com
https://avalanche.sushi.com
https://azn.sushi.com
https://belllandis7611.sushi.com
https://blue.sushi.com
https://bpcathrine_906.sushi.com
https://brigidamor9903.sushi.com
https://brokamperna7941.sushi.com
https://bsc.sushi.com
https://campisivinnie9040.sushi.com
https://cardcaptorsakura.sushi.com
https://carleneset2878.sushi.com
https://carmeliafen3895.sushi.com
https://celestefreed9119.sushi.com
https://celo.sushi.com
https://cereal.sushi.com
https://chefmedia.sushi.com
https://chrystalwea4630.sushi.com
https://classic.sushi.com
https://claudiotrucking2595.sushi.com
https://cn.sushi.com
https://corabra4509.sushi.com
https://cpanel.sushi.com
https://curtiscolace6780.sushi.com
https://daughertychr9323.sushi.com
https://dellatol1277.sushi.com
https://delmarali951.sushi.com
https://devops-exchange.sushi.com
https://dev.sushi.com
https://docs.sushi.com
https://e-boutique.sushi.com
http://secure-system.sushi.com
https://edit.sushi.com
https://eechristie_243.sushi.com
https://emilegil6258.sushi.com
https://eng-exchange.sushi.com
https://engima-media.sushi.com
https://eng-media.sushi.com
http://server-media.sushi.com
https://ethereum.sushi.com
https://europemedia.sushi.com
https://evestricker126.sushi.com
https://exchangeakamai.sushi.com
https://exchangedb.sushi.com
https://exchange-ghcpi.sushi.com
https://exchangelatin.sushi.com
https://exchangen.sushi.com
https://exchange-ops.sushi.com
https://exchangeprofile.sushi.com
https://exchange-promo.sushi.com
https://exchangessl.sushi.com
https://exchange.sushi.com
https://experimental.sushi.com
https://fantom.sushi.com
https://fd.sushi.com
https://flowers.sushi.com
https://food.sushi.com
https://forms-media.sushi.com
https://forum.sushi.com
https://fosterbrain5350.sushi.com
https://freakbunny.sushi.com
https://freedshe5474.sushi.com
https://free-ringtones.sushi.com
https://ftpexchange.sushi.com
https://gabschmab.sushi.com
https://germanymedia.sushi.com
https://gjelfriede_748.sushi.com
https://global-videos.sushi.com
https://gnosis.sushi.com
https://google.sushi.com
https://g.sushi.com
https://harmony.sushi.com
https://harveyaracely4138.sushi.com
https://hintonfor469.sushi.com
https://hmchristiana_170.sushi.com
https://https.sushi.com
https://hyterry_936.sushi.com
https://idswww.sushi.com
https://ileneros2806.sushi.com
https://ingersollcurtis2714.sushi.com
https://instantmiso.sushi.com
https://int-videos.sushi.com
https://iqotrlii.sushi.com
http://siteintercept.sushi.com
https://iucrysta_276.sushi.com
https://jaynepowell64.sushi.com
https://jayneromero4926.sushi.com
https://kaiori.sushi.com
https://karissaackerman6794.sushi.com
https://kashi.sushi.com
https://kelly-blue-book.sushi.com
https://kellydara9240.sushi.com
https://kinneygar5784.sushi.com
https://koreavps.sushi.com
https://kovan.sushi.com
https://laxwww.sushi.com
https://leeannejay7238.sushi.com
https://legacy.sushi.com
https://lite.sushi.com
https://maddiesconspiracies.sushi.com
https://maddiesfriends.sushi.com
https://maddieslinks.sushi.com
https://maddiesmusic.sushi.com
https://maddiesnuts.sushi.com
https://maddie.sushi.com
https://magicshamrock.sushi.com
https://mail.sushi.com
https://mai.sushi.com
https://malisafunston4483.sushi.com
https://maps.sushi.com
https://mattesonraymundo1591.sushi.com
https://mcdonnellcar9501.sushi.com
https://media-11.sushi.com
https://media-4.sushi.com
https://media9.sushi.com
https://mediaaccount.sushi.com
https://mediaapp.sushi.com
https://mediaauth.sushi.com
https://mediagit.sushi.com
https://mediamirror.sushi.com
https://media-pay.sushi.com
https://media.sushi.com
https://mediaturkey.sushi.com
https://media-westeurope.sushi.com
https://merch-media.sushi.com
https://miso.sushi.com
https://moonbeam.sushi.com
https://moonriver.sushi.com
https://morgana.sushi.com
https://mr.sushi.com
https://multichain.sushi.com
https://mun.sushi.com
https://myrtleman6081.sushi.com
https://myshiet.sushi.com
https://nammerboi_69.sushi.com
https://navps.sushi.com
https://nemesis.sushi.com
https://neocloud.sushi.com
https://net-vps.sushi.com
https://nikaidou.sushi.com
https://northamerica-videos.sushi.com
https://nosheetmusic.sushi.com
https://ns1.sushi.com
https://ns2.sushi.com
https://olcamelia_725.sushi.com
https://old-exchange.sushi.com
http://solidsnake.sushi.com
http://solisnake.sushi.com
https://omayaki_vip.sushi.com
https://omega.sushi.com
http://sowhatfotos.sushi.com
http://sowhatphotos.sushi.com
http://sowhat.sushi.com
https://paris-hilton.sushi.com
https://partner.sushi.com
https://payexchange.sushi.com
https://people-search.sushi.com
https://pigeon.sushi.com
https://pink.sushi.com
https://pi.sushi.com
https://plwww.sushi.com
https://poker.sushi.com
https://polygon.sushi.com
https://pqeden_706.sushi.com
https://privatemedia.sushi.com
https://private-www.sushi.com
https://prom-dresses.sushi.com
https://ptjonah_54.sushi.com
https://qgjacqueline_435.sushi.com
https://qnwerner_668.sushi.com
https://queensue.sushi.com
https://repo-exchange.sushi.com
https://restrictwww.sushi.com
https://rfm.sushi.com
https://rhebasmallwood3037.sushi.com
https://rockergyrl.sushi.com
https://ronniehurlbutt7369.sushi.com
http://ss4_goku.sushi.com
https://sakana.sushi.com
https://sake.sushi.com
https://sale.sushi.com
https://secure-system.sushi.com
https://server-media.sushi.com
https://siteintercept.sushi.com
https://solidsnake.sushi.com
https://solisnake.sushi.com
https://sowhatfotos.sushi.com
https://sowhatphotos.sushi.com
https://sowhat.sushi.com
https://ss4_goku.sushi.com
https://staging.sushi.com
https://staging-videos.sushi.com
https://staking.sushi.com
https://suckerx.sushi.com
https://sushi.com
https://sylvesterpiper8731.sushi.com
https://synct.sushi.com
https://synkhronos.sushi.com
https://sysco.sushi.com
https://szmelc.sushi.com
https://szonyicli6307.sushi.com
https://t3hethong.sushi.com
http://staging.sushi.com
http://staging-videos.sushi.com
http://staking.sushi.com
https://themovementofahand.sushi.com
https://thongs.sushi.com
https://token-list.sushi.com
https://token-price.sushi.com
https://towandaschaffner1655.sushi.com
https://trialvps.sushi.com
https://trinsic.sushi.com
https://triton118.sushi.com
https://tronnas.sushi.com
https://u002fapp.sushi.com
http://suckerx.sushi.com
http://sushi.com
https://uttaneka_547.sushi.com
https://vatnabelja.sushi.com
https://v-exchange.sushi.com
https://videos-api-docs.sushi.com
https://videosbilling.sushi.com
https://videos-ci.sushi.com
https://videose.sushi.com
https://videoshwcdn.sushi.com
https://videos.sushi.com
https://vision.sushi.com
https://vote.sushi.com
https://vote.sushi.com:1935
https://vps-bucky.sushi.com
https://vpsbucky.sushi.com
https://vpsnet.sushi.com
https://vps-oct.sushi.com
https://vps.sushi.com
https://vps-web.sushi.com
https://vtdeathangel.sushi.com
https://watchband.sushi.com
https://webapp-exchange.sushi.com
https://webmail.sushi.com
https://whm.sushi.com
https://wicca.sushi.com
https://winngoldie2142.sushi.com
https://www4.sushi.com
https://wwwbeta.sushi.com
https://www-cf.sushi.com
https://wwwchef.sushi.com
https://www-gh.sushi.com
https://wwwk.sushi.com
https://www-latinamerica.sushi.com
https://wwwlogin.sushi.com
https://wwwpoland.sushi.com
https://www-spring.sushi.com
https://www.sushi.com
https://wyadelaide_814.sushi.com
http://sylvesterpiper8731.sushi.com
http://synct.sushi.com
http://synkhronos.sushi.com
http://sysco.sushi.com
https://zjvcf3hsf.sushi.com
http://szmelc.sushi.com
https://zografosngo7467.sushi.com
http://szonyicli6307.sushi.com
http://t3hethong.sushi.com
http://themovementofahand.sushi.com
http://thongs.sushi.com
http://token-list.sushi.com
http://token-price.sushi.com
http://towandaschaffner1655.sushi.com
http://trialvps.sushi.com
http://trinsic.sushi.com
http://triton118.sushi.com
http://tronnas.sushi.com
http://u002fapp.sushi.com
http://uttaneka_547.sushi.com
http://vatnabelja.sushi.com
http://v-exchange.sushi.com
http://videos-api-docs.sushi.com
http://videosbilling.sushi.com
http://videos-ci.sushi.com
http://videose.sushi.com
http://videoshwcdn.sushi.com
http://videos.sushi.com
http://vision.sushi.com
http://vote.sushi.com
http://vote.sushi.com:8082
http://vote.sushi.com:8084
http://vote.sushi.com:8085
http://vps-bucky.sushi.com
http://vpsbucky.sushi.com
http://vpsnet.sushi.com
http://vps-oct.sushi.com
http://vps.sushi.com
http://vps-web.sushi.com
http://vtdeathangel.sushi.com
http://watchband.sushi.com
http://webapp-exchange.sushi.com
http://webmail.sushi.com
http://whm.sushi.com
http://wicca.sushi.com
http://winngoldie2142.sushi.com
http://www4.sushi.com
http://wwwbeta.sushi.com
http://www.bonsai.sushi.com
http://www-cf.sushi.com
http://wwwchef.sushi.com
http://www.donjung.sushi.com
http://www.fd.sushi.com
http://www.freakbunny.sushi.com
http://www-gh.sushi.com
http://www.globasya.sushi.com
http://www.go.sushi.com
http://wwwk.sushi.com
http://www.kuptatsasa.sushi.com
http://www-latinamerica.sushi.com
http://wwwlogin.sushi.com
http://www.mari.sushi.com
http://www.media.sushi.com
http://www.morgana.sushi.com
http://www.mr.myiagi.sushi.com
http://www.nemesis.sushi.com
http://www.omayki_vip.sushi.com
http://www.originalme.sushi.com
http://www.pagan-year.sushi.com
http://wwwpoland.sushi.com
http://www.sakana.sushi.com
http://www.sowhat.sushi.com
http://www-spring.sushi.com
http://www.sucker.sushi.com
http://www.suckerx.sushi.com
http://www.sushi.com
http://www.thelounge.sushi.com
http://www.themovementofahand.sushi.com
http://www.vps.sushi.com
http://www.wicca.sushi.com
http://wyadelaide_814.sushi.com
http://zjvcf3hsf.sushi.com
http://zografosngo7467.sushi.com
