http://blog.swim.io
http://docs.swim.io
http://docs.swim.io:2053
http://docs.swim.io:2083
http://docs.swim.io:2086
http://docs.swim.io:2087
http://docs.swim.io:8080
http://docs.swim.io:8443
http://mint.swim.io
https://blog.swim.io
https://docs.swim.io
https://mint.swim.io
https://staging.swim.io
https://swim.io
https://swim.io:2083
https://swim.io:2087
https://swim.io:8443
http://staging.swim.io
https://tunnel.swim.io
https://tunnel.swim.io:2083
https://tunnel.swim.io:2087
https://tunnel.swim.io:2096
https://tunnel.swim.io:8443
http://swim.io
http://swim.io:2082
http://swim.io:2086
http://swim.io:8080
http://swim.io:8880
https://www.swim.io
https://www.swim.io:2083
https://www.swim.io:2087
https://www.swim.io:2096
https://www.swim.io:8443
http://tunnel.swim.io
http://tunnel.swim.io:2052
http://tunnel.swim.io:2082
http://tunnel.swim.io:2086
http://tunnel.swim.io:2095
http://tunnel.swim.io:8080
http://tunnel.swim.io:8880
http://www.swim.io
http://www.swim.io:2052
http://www.swim.io:2082
http://www.swim.io:2086
http://www.swim.io:2095
http://www.swim.io:8080
http://www.swim.io:8880
