http://app.tempus.finance
http://discord.tempus.finance
http://docs.tempus.finance
http://docs.tempus.finance:2082
http://docs.tempus.finance:2086
http://docs.tempus.finance:8080
http://docs.tempus.finance:8880
http://forum.tempus.finance
http://github.tempus.finance
http://medium.tempus.finance
http://network.tempus.finance
https://app.tempus.finance
https://docs.tempus.finance
https://docs.tempus.finance:2053
https://docs.tempus.finance:2083
https://docs.tempus.finance:2087
https://docs.tempus.finance:8443
https://forum.tempus.finance
https://network.tempus.finance
https://storybook.tempus.finance
https://tempus.finance
https://testnet.tempus.finance
https://testnet-v2.tempus.finance
http://storybook.tempus.finance
https://vote.tempus.finance
https://vote.tempus.finance:1935
https://www.tempus.finance
http://tempus.finance
http://testnet.tempus.finance
http://testnet-v2.tempus.finance
http://twitter.tempus.finance
http://vote.tempus.finance
http://vote.tempus.finance:8082
http://vote.tempus.finance:8084
http://vote.tempus.finance:8085
http://www.tempus.finance
