http://api.tetu.io
http://api.tetu.io:2083
http://api.tetu.io:2086
http://api.tetu.io:8080
http://api.tetu.io:8443
http://api.tetu.io:8880
http://app.tetu.io
http://app.tetu.io:2083
http://app.tetu.io:2086
http://app.tetu.io:8080
http://app.tetu.io:8443
http://app.tetu.io:8880
http://docs.tetu.io
http://docs.tetu.io:2082
http://docs.tetu.io:2086
http://docs.tetu.io:8080
http://docs.tetu.io:8880
http://ms.tetu.io
http://ms.tetu.io:2082
http://ms.tetu.io:2083
http://ms.tetu.io:2086
http://ms.tetu.io:2087
http://ms.tetu.io:8080
http://ms.tetu.io:8443
http://ms.tetu.io:8880
http://parser-api.tetu.io
http://parser-api.tetu.io:2086
http://parser-api.tetu.io:8080
http://parser-api.tetu.io:8443
http://parser-api.tetu.io:8880
http://pc.tetu.io
http://pc.tetu.io:2083
http://pc.tetu.io:2086
http://pc.tetu.io:8080
http://pc.tetu.io:8443
http://pc.tetu.io:8880
https://api.tetu.io
https://app.tetu.io
https://docs.tetu.io
https://docs.tetu.io:2053
https://docs.tetu.io:2083
https://docs.tetu.io:2087
https://docs.tetu.io:8443
https://ms.tetu.io
https://parser-api.tetu.io
https://parser-api.tetu.io:2083
https://pc.tetu.io
https://staging.tetu.io
https://staging.tetu.io:2083
https://staging.tetu.io:8443
https://stats.tetu.io
https://swap-info-ftm.tetu.io
https://swap-info.tetu.io
https://swap.tetu.io
http://staging.tetu.io
http://staging.tetu.io:2086
http://staging.tetu.io:8080
http://staging.tetu.io:8880
https://tasks.tetu.io
http://stats.tetu.io
http://stats.tetu.io:2082
http://stats.tetu.io:2083
http://stats.tetu.io:2086
http://stats.tetu.io:2087
http://stats.tetu.io:8080
http://stats.tetu.io:8443
http://stats.tetu.io:8880
https://tetu.io
http://swap-info-ftm.tetu.io
http://swap-info-ftm.tetu.io:2083
http://swap-info-ftm.tetu.io:2086
http://swap-info-ftm.tetu.io:8080
http://swap-info-ftm.tetu.io:8443
http://swap-info-ftm.tetu.io:8880
http://swap-info.tetu.io
http://swap-info.tetu.io:2083
http://swap-info.tetu.io:2086
http://swap-info.tetu.io:8080
http://swap-info.tetu.io:8443
http://swap-info.tetu.io:8880
http://swap.tetu.io
http://swap.tetu.io:2082
http://swap.tetu.io:2083
http://swap.tetu.io:2086
http://swap.tetu.io:2087
http://swap.tetu.io:8080
http://swap.tetu.io:8443
http://swap.tetu.io:8880
http://tasks.tetu.io
http://tetu.io
http://tetu.io:2082
http://tetu.io:2083
http://tetu.io:2086
http://tetu.io:2087
http://tetu.io:8080
http://tetu.io:8443
http://tetu.io:8880
