http://1e35cbc19de1456caf8c08b2b4ead7d2.thorstarter.org
http://1e35cbc19de1456caf8c08b2b4ead7d2.thorstarter.org:2082
http://1e35cbc19de1456caf8c08b2b4ead7d2.thorstarter.org:2086
http://1e35cbc19de1456caf8c08b2b4ead7d2.thorstarter.org:8080
http://1e35cbc19de1456caf8c08b2b4ead7d2.thorstarter.org:8880
http://app.thorstarter.org
http://blog.thorstarter.org
http://blog.thorstarter.org:2082
http://blog.thorstarter.org:2083
http://blog.thorstarter.org:2087
http://blog.thorstarter.org:2095
http://blog.thorstarter.org:8080
http://blog.thorstarter.org:8880
http://docs.thorstarter.org
http://docs.thorstarter.org:2082
http://docs.thorstarter.org:2086
http://docs.thorstarter.org:8080
http://docs.thorstarter.org:8880
http://forum.thorstarter.org
http://rewards-dashboard.thorstarter.org
https://1e35cbc19de1456caf8c08b2b4ead7d2.thorstarter.org
https://1e35cbc19de1456caf8c08b2b4ead7d2.thorstarter.org:2087
https://1e35cbc19de1456caf8c08b2b4ead7d2.thorstarter.org:8443
https://app.thorstarter.org
https://blog.thorstarter.org
https://docs.thorstarter.org
https://docs.thorstarter.org:2053
https://docs.thorstarter.org:2083
https://docs.thorstarter.org:2087
https://docs.thorstarter.org:8443
https://forum.thorstarter.org
http://smtp.thorstarter.org
http://smtp.thorstarter.org:2086
http://smtp.thorstarter.org:2095
http://smtp.thorstarter.org:8080
http://smtp.thorstarter.org:8880
https://rewards-dashboard.thorstarter.org
https://smtp.thorstarter.org
https://smtp.thorstarter.org:2083
https://smtp.thorstarter.org:2087
https://smtp.thorstarter.org:2096
https://smtp.thorstarter.org:8443
https://thorstarter.org
https://www.thorstarter.org
http://thorstarter.org
http://www.thorstarter.org
