http://app.tranche.finance
http://assets.tranche.finance
http://devlanding.tranche.finance
http://docs.tranche.finance
http://docs.tranche.finance:2082
http://docs.tranche.finance:2086
http://docs.tranche.finance:8080
http://docs.tranche.finance:8880
http://ipfsstaging.tranche.finance
http://ipfsstaging.tranche.finance:2082
http://ipfsstaging.tranche.finance:2086
http://ipfsstaging.tranche.finance:8080
http://ipfsstaging.tranche.finance:8880
https://api.tranche.finance
https://app.tranche.finance
https://assets.tranche.finance
https://devlanding.tranche.finance
https://docs.tranche.finance
https://docs.tranche.finance:2053
https://docs.tranche.finance:2083
https://docs.tranche.finance:2087
https://docs.tranche.finance:8443
https://ipfsstaging.tranche.finance
https://ipfsstaging.tranche.finance:2053
https://ipfsstaging.tranche.finance:2083
https://ipfsstaging.tranche.finance:2087
https://ipfsstaging.tranche.finance:2096
https://ipfsstaging.tranche.finance:8443
https://testnet-v1.tranche.finance
https://tranche.finance
https://www.tranche.finance
http://testnet-v1.tranche.finance
http://tranche.finance
http://www.tranche.finance
