http://11.app.xbe.finance
http://11.app.xbe.finance:2082
http://11.app.xbe.finance:2083
http://11.app.xbe.finance:2086
http://11.app.xbe.finance:2087
http://11.app.xbe.finance:2096
http://11.app.xbe.finance:8080
http://11.app.xbe.finance:8443
http://11.app.xbe.finance:8880
http://1.app.xbe.finance
http://1.app.xbe.finance:2082
http://1.app.xbe.finance:2083
http://1.app.xbe.finance:2086
http://1.app.xbe.finance:2087
http://1.app.xbe.finance:2096
http://1.app.xbe.finance:8080
http://1.app.xbe.finance:8443
http://1.app.xbe.finance:8880
http://alpha.app.xbe.finance
http://api.fiat.xbe.finance
http://api.xbe.finance:7001
http://api-xbf-rewards.xbe.finance
http://api-xbf-rewards.xbe.finance:5000
http://app.xbe.finance
http://backend.xbe.finance:7001
http://dev.xbf-rewards.xbe.finance
http://dev.xbf-rewards.xbe.finance:2053
http://dev.xbf-rewards.xbe.finance:2083
http://dev.xbf-rewards.xbe.finance:2086
http://dev.xbf-rewards.xbe.finance:2087
http://dev.xbf-rewards.xbe.finance:2095
http://dev.xbf-rewards.xbe.finance:8080
http://dev.xbf-rewards.xbe.finance:8443
http://dev.xbf-rewards.xbe.finance:8880
http://docs.xbe.finance
http://docs.xbe.finance:2082
http://docs.xbe.finance:2086
http://docs.xbe.finance:8080
http://docs.xbe.finance:8880
http://downloads.xbe.finance
http://downloads.xbe.finance:2086
http://downloads.xbe.finance:2095
http://downloads.xbe.finance:8080
http://downloads.xbe.finance:8880
http://easy.xbe.finance
http://easy.xbe.finance:2052
http://easy.xbe.finance:2053
http://easy.xbe.finance:2082
http://easy.xbe.finance:2083
http://easy.xbe.finance:2086
http://easy.xbe.finance:2087
http://easy.xbe.finance:8080
http://easy.xbe.finance:8443
http://easy.xbe.finance:8880
http://gov.xbe.finance
http://gov.xbe.finance:2053
http://gov.xbe.finance:2083
http://gov.xbe.finance:2086
http://gov.xbe.finance:2087
http://gov.xbe.finance:2095
http://gov.xbe.finance:8080
http://gov.xbe.finance:8443
http://gov.xbe.finance:8880
https://alpha.app.xbe.finance
https://api.fiat.xbe.finance
https://api-xbf-rewards.xbe.finance
https://app.xbe.finance
https://dev.xbf-rewards.xbe.finance
https://docs.xbe.finance
https://docs.xbe.finance:2053
https://docs.xbe.finance:2083
https://docs.xbe.finance:2087
https://docs.xbe.finance:8443
https://downloads.xbe.finance
https://downloads.xbe.finance:2053
https://downloads.xbe.finance:2083
https://downloads.xbe.finance:2087
https://downloads.xbe.finance:8443
https://easy.xbe.finance
https://gov.xbe.finance
https://test108110.app.xbe.finance
https://www.xbe.finance
https://xbe.finance
https://xbf-rewards.xbe.finance
http://test108110.app.xbe.finance
http://www.xbe.finance
http://xbe.finance
http://xbf-rewards.xbe.finance:2082
http://xbf-rewards.xbe.finance:2083
http://xbf-rewards.xbe.finance:2086
http://xbf-rewards.xbe.finance:2087
http://xbf-rewards.xbe.finance:2096
http://xbf-rewards.xbe.finance:8080
http://xbf-rewards.xbe.finance:8443
http://xbf-rewards.xbe.finance:8880
