http://app.yop.finance
http://cdn.yop.finance
http://docs.yop.finance
http://docs.yop.finance:2082
http://docs.yop.finance:2086
http://docs.yop.finance:8080
http://docs.yop.finance:8880
http://legacystaking.yop.finance
http://preview.yop.finance
https://app.yop.finance
https://app.yop.finance:2083
https://app.yop.finance:2087
https://app.yop.finance:8443
https://cdn.yop.finance
https://docs.yop.finance
https://docs.yop.finance:2053
https://docs.yop.finance:2083
https://docs.yop.finance:2087
https://docs.yop.finance:8443
https://legacystaking.yop.finance
https://legacystaking.yop.finance:2083
https://legacystaking.yop.finance:2087
https://legacystaking.yop.finance:8443
https://preview.yop.finance
https://preview.yop.finance:2083
https://preview.yop.finance:2087
https://preview.yop.finance:8443
http://sp-track.yop.finance
http://sp-track.yop.finance:10001
https://sp-track.yop.finance
https://staking.yop.finance
https://staking.yop.finance:2083
https://staking.yop.finance:2087
https://staking.yop.finance:8443
http://staking.yop.finance
https://www.yop.finance
https://www.yop.finance:2083
https://www.yop.finance:2087
https://www.yop.finance:8443
https://yop.finance
https://yop.finance:2083
https://yop.finance:2087
https://yop.finance:8443
http://www.yop.finance
http://www.yop.finance:2082
http://www.yop.finance:2086
http://www.yop.finance:2095
http://www.yop.finance:8880
http://yop.finance
