http://0248.zapper.fi
http://154-136.zapper.fi
http://189.zapper.fi
http://5-1-16766.zapper.fi
http://64-4-109-170.zapper.fi
http://78-41-7-193.zapper.fi
http://analytics-api.zapper.fi
http://analytics.zapper.fi
http://api-0.zapper.fi
http://api-1.zapper.fi
http://api-2.zapper.fi
http://api-3.zapper.fi
http://api-4.zapper.fi
http://api-5.zapper.fi
http://api-6.zapper.fi
http://api-7.zapper.fi
http://api-gcp.zapper.fi
http://api-staging.zapper.fi
http://api.zapper.fi
http://api.zapper.fi:2053
http://api.zapper.fi:2083
http://api.zapper.fi:2087
http://api.zapper.fi:8443
http://arawtoken.zapper.fi
http://as2test.zapper.fi
http://assetsv2.zapper.fi
http://astalavista.zapper.fi
http://asuracoin.zapper.fi
http://b21.zapper.fi
http://baha.zapper.fi
http://beenode.zapper.fi
http://beta.zapper.fi
http://bitcointrust.zapper.fi
http://bitflate.zapper.fi
http://bridge.zapper.fi
http://brokerage.zapper.fi
http://build01.zapper.fi
http://buildbot.zapper.fi
http://bw.zapper.fi
http://cco.zapper.fi
http://chai.zapper.fi
http://christian.zapper.fi
http://compoundcoin.zapper.fi
http://dc-8eb7d7ae3869.zapper.fi
http://delphi-chain.zapper.fi
http://directapi.zapper.fi
http://dmsg.zapper.fi
http://docs.zapper.fi
http://draft-admin-dev.zapper.fi
http://earn.zapper.fi
http://easyship.zapper.fi
http://edgehub-websocket.zapper.fi
http://elearning.zapper.fi
http://engine.zapper.fi
http://epic-coin.zapper.fi
http://features.zapper.fi
http://filedemo.zapper.fi
http://forum-staging.zapper.fi
http://g-gitlab.zapper.fi
http://gninim.zapper.fi
http://gtc.zapper.fi
http://hedera-service.zapper.fi
http://help.zapper.fi
http://help.zapper.fi:2053
http://help.zapper.fi:2083
http://help.zapper.fi:2087
http://help.zapper.fi:2096
http://help.zapper.fi:8443
http://hostsrv.zapper.fi
http://httairdrop.zapper.fi
http://humhub.zapper.fi
http://imeshx.zapper.fi
http://ipfs.zapper.fi
http://ipfs.zapper.fi:2053
http://ipfs.zapper.fi:2082
http://ipfs.zapper.fi:2083
http://ipfs.zapper.fi:2086
http://ipfs.zapper.fi:2087
http://ipfs.zapper.fi:2096
http://ipfs.zapper.fi:8080
http://ipfs.zapper.fi:8443
http://ipfs.zapper.fi:8880
http://jambo.zapper.fi
http://learn.zapper.fi
http://libertalia.zapper.fi
http://lisbon-mazurka-booking.zapper.fi
http://livebela.zapper.fi
http://m1.zapper.fi
http://meth-dev.zapper.fi
http://microstake.zapper.fi
http://m.zapper.fi
http://nextphone.zapper.fi
http://nobt.zapper.fi
http://noelebacyafjw.zapper.fi
http://nokuchain-accounts.zapper.fi
http://odem.zapper.fi
http://oldacademy.zapper.fi
http://ozonoterapia.zapper.fi
http://polkadai-bridge.zapper.fi
http://protocol.zapper.fi
http://qa-tokensale.zapper.fi
http://registernow.zapper.fi
http://rkntoken.zapper.fi
http://rocki.zapper.fi
https://0248.zapper.fi
https://154-136.zapper.fi
https://189.zapper.fi
https://5-1-16766.zapper.fi
https://64-4-109-170.zapper.fi
https://78-41-7-193.zapper.fi
http://s8.zapper.fi
https://analytics-api.zapper.fi
https://analytics.zapper.fi
https://api-0.zapper.fi
https://api-1.zapper.fi
https://api-2.zapper.fi
https://api-3.zapper.fi
https://api-4.zapper.fi
https://api-5.zapper.fi
https://api-6.zapper.fi
https://api-7.zapper.fi
https://api-gcp.zapper.fi
https://api-staging.zapper.fi
https://api.zapper.fi
https://arawtoken.zapper.fi
https://as2test.zapper.fi
https://assetsv2.zapper.fi
https://astalavista.zapper.fi
https://asuracoin.zapper.fi
http://save-reservation.zapper.fi
https://b21.zapper.fi
https://baha.zapper.fi
https://beenode.zapper.fi
https://beta.zapper.fi
https://bitcointrust.zapper.fi
https://bitflate.zapper.fi
https://bridge.zapper.fi
https://brokerage.zapper.fi
http://sbtlmie4cm3.zapper.fi
https://build01.zapper.fi
https://buildbot.zapper.fi
https://bw.zapper.fi
https://cco.zapper.fi
https://chai.zapper.fi
https://christian.zapper.fi
http://sc-netstats.zapper.fi
https://compoundcoin.zapper.fi
https://dc-8eb7d7ae3869.zapper.fi
https://delphi-chain.zapper.fi
https://directapi.zapper.fi
https://dmsg.zapper.fi
https://docs.zapper.fi
https://draft-admin-dev.zapper.fi
https://earn.zapper.fi
https://easyship.zapper.fi
http://securewerk.zapper.fi
https://edgehub-websocket.zapper.fi
https://elearning.zapper.fi
https://engine.zapper.fi
https://epic-coin.zapper.fi
http://seqexplorer.zapper.fi
http://services.zapper.fi
https://features.zapper.fi
https://filedemo.zapper.fi
https://forum-staging.zapper.fi
https://g-gitlab.zapper.fi
https://gninim.zapper.fi
https://gtc.zapper.fi
https://hedera-service.zapper.fi
https://help.zapper.fi
https://hostsrv.zapper.fi
https://httairdrop.zapper.fi
https://humhub.zapper.fi
https://imeshx.zapper.fi
https://ipfs.zapper.fi
https://jambo.zapper.fi
https://learn.zapper.fi
https://libertalia.zapper.fi
https://lisbon-mazurka-booking.zapper.fi
https://livebela.zapper.fi
https://m1.zapper.fi
https://meth-dev.zapper.fi
https://microstake.zapper.fi
https://m.zapper.fi
https://nextphone.zapper.fi
http://snies.zapper.fi
https://nobt.zapper.fi
https://noelebacyafjw.zapper.fi
https://nokuchain-accounts.zapper.fi
https://odem.zapper.fi
https://oldacademy.zapper.fi
https://ozonoterapia.zapper.fi
https://polkadai-bridge.zapper.fi
https://protocol.zapper.fi
https://qa-tokensale.zapper.fi
https://registernow.zapper.fi
https://rkntoken.zapper.fi
https://rocki.zapper.fi
https://s8.zapper.fi
https://save-reservation.zapper.fi
https://sbtlmie4cm3.zapper.fi
https://sc-netstats.zapper.fi
https://securewerk.zapper.fi
https://seqexplorer.zapper.fi
https://services.zapper.fi
http://sse.zapper.fi
https://snies.zapper.fi
https://sse.zapper.fi
https://storj-bridge.zapper.fi
https://studio.zapper.fi
https://support-jp.zapper.fi
https://testa.zapper.fi
https://thetatoken.zapper.fi
http://storj-bridge.zapper.fi
https://translate.zapper.fi
https://tsmc1014.zapper.fi
http://studio.zapper.fi
https://unused26.zapper.fi
http://support-jp.zapper.fi
https://wanglaolu2.zapper.fi
https://waves-explorer.zapper.fi
https://web.zapper.fi
https://web.zapper.fi:2053
https://web.zapper.fi:2083
https://web.zapper.fi:2087
https://web.zapper.fi:8443
https://whm.zapper.fi
https://www2-8-3.zapper.fi
https://www.zapper.fi
https://yo.zapper.fi
https://zapper.fi
https://zendesk3.zapper.fi
http://testa.zapper.fi
http://thetatoken.zapper.fi
http://translate.zapper.fi
http://tsmc1014.zapper.fi
http://tv.zapper.fi
http://unused26.zapper.fi
http://wanglaolu2.zapper.fi
http://waves-explorer.zapper.fi
http://web.zapper.fi
http://web.zapper.fi:2082
http://web.zapper.fi:2086
http://web.zapper.fi:8080
http://whm.zapper.fi
http://www2-8-3.zapper.fi
http://www.zapper.fi
http://yo.zapper.fi
http://zapper.fi
http://zendesk3.zapper.fi
